<p>[2025-12-09 08:42:15,218]&nbsp[INFO]&nbspStart Item Message_Log_Check: db3b9b88-d43a-11f0-aedb-024264c8003b</p><p>[2025-12-09 08:42:15,218]&nbsp[DEBUG]&nbspMessage_Log_Check Config: {'config': '$config:dmesg_message_blacklist', 'keyword': 'NA', 'whitelist': '$config:dmesg_message_whitelist', 'Prompt': 'root@debian:~# $', 'SessionIdName': 'message_session', 'Timeout': 300}</p><p>[2025-12-09 08:42:15,219]&nbsp[INFO]&nbspkeyword: NA</p><p>[2025-12-09 08:42:15,219]&nbsp[INFO]&nbspblacklist config: ['mcelog', 'throttle', 'error', ' err', 'err ', 'panic', 'fail', 'failure', ' fault', '_fault', 'segfault', 'fatal', 'lost', 'interrupt', 'above temperature', 'being removed', ' bad ', 'critical', 'corrected', 'uncorrect', 'cateer', 'ierr', 'scrub error', 'degraded', 'dead device', 'device offlined', 'device_unblocked', 'machine check events', 'mca', 'mce', 'timeout', 'retry', 'no readable', 'link down', 'resetting link', 'scsi hang', 'FPDMA', 'emask', 'task abort', 'overcurrent', 'single-bit ecc', 'blocked for more than', 'lockup', 'temperature above threshold', 'call_trace', 'CPU Freq Exception', 'EDAC_Mem_CE', 'EDAC_Mem_UE', 'EXT4 Readonly', 'OOM', 'Kernel Page Allocation Stall', 'Task Blocked Long', 'RCU Stall', 'NMI Exec Long', 'General Protect Trap', 'ACPI Warning', ' invalid ', 'disagree', 'insufficient', 'NVRM: Xid', 'unrecognized', 'Switched to clocksource hpet', 'CPU.* is not on the same node', 'rcu.*stall', 'NMI received', 'Uhhuh', 'timed out', 'Disk Remove Udev', 'Disk Add Udev', 'Disk Remove Kernel', 'Disk Add Kernel', 'SCSI CMD Abort', 'ATA Reset Link', 'ATA Failed Command', 'NVME Timeout Abort', 'NVME Timeout Reset', 'NVME Down Reset', 'MPT.SAS Stop Unit', 'MegaSAS Reset FW', 'Raid Error Table Full', 'MPT.SAS Reset FW', 'link is down']</p><p>[2025-12-09 08:42:15,219]&nbsp[INFO]&nbspwhitelist config: ['ERST: Error Record Serialization Table \\(ERST\\) support is initialized', "Error: Driver 'pcspkr' is already registered, aborting", 'module verification failed: signature and/or required key missing - tainting kernel', 'perf: interrupt took too long', 'vfio_mdev: Unknown symbol mdev_unregister_driver \\(err -22\\)', 'vfio_mdev: Unknown symbol mdev_register_driver \\(err -22\\)', 'vfio_mdev: disagrees about version of symbol mdev_unregister_driver', 'vfio_mdev: disagrees about version of symbol mdev_register_driver', 'ACPI: PCI.*Interrupt.*LNK.', 'EDAC MC.*Giving out device to module i10nm_edac controller Intel_10nm Socket', 'EDAC MC.*Giving out device to ghes_edac.c controller', 'ACPI: Using IOAPIC for interrupt routing', 'ACPI: Using GIC for interrupt routing', 'kvm \\[1\\]: vgic interrupt IRQ1', 'i801_smbus.*SMBus using PCI interrupt', 'EXT4-fs.*re-mounted', 'with Cmd Compl erratum', 'flags: flush_fail', 'hrtimer: interrupt took', 'Shutdown timeout set to', 'sbsa-gwdt sbsa-gwdt.0: Initialized with 10s timeout', 'BAR 13: failed to assign', 'xhci_hcd.*Zeroing 64bit base registers, expecting fault', 'ccp initialization failed', 'SEV: failed to INIT error 0x13', 'ata.*: SATA link down', 'mce.*Thermal monitoring enabled', 'AMD-Vi: Interrupt remapping enabled', 'hpet: Lost.*RTC interrupts', 'i2c_design ware.*timeout in disabling adapter', 'spurious 8259A interrupt: IRQ7', 'mpi3mr0: ready timeout', 'mpi3mr0: max.*throttle', 'mpt3sas_cm0: Enable interrupt coalescing', 'bnxt_en.*may trigger hung task watchdog', 'pcieport.*DPC: error containment capabilities', 'ITS.*Interrupt Collections', 'pci.*disabled boot interrupts on device', 'ACPI Warning: SystemIO range 0x0000000000000428-0x000000000000042F conflicts with OpRegion', 'ipmi_si IPI0001:00: Error clearing flags: c1', 'Link down', 'python3 mprime_cpu_stress.py --timeout', 'MCE: In-kernel MCE decoding enabled', 'EDAC MC.*: Giving out device to module amd64_edac controller']</p><p>[2025-12-09 08:42:15,219]&nbsp[DEBUG]&nbspls -1 /var/log/messages*</p><p>[2025-12-09 08:42:15,235]&nbsp[DEBUG]&nbsp/var/log/messages</p><p>[2025-12-09 08:42:15,235]&nbsp[INFO]&nbspcommand: cat /var/log/messages</p><p>[2025-12-09 08:42:15,235]&nbsp[DEBUG]&nbspcat /var/log/messages</p><p>[2025-12-09 08:42:15,307]&nbsp[DEBUG]&nbspDec  9 08:39:32 debian kernel: [    0.000000][    T0] Linux version 5.10.135.bsk.business.1-amd64 (STE-Kernel@ByteDance) (gcc (Debian 8.3.0-6) 8.3.0, GNU ld (GNU Binutils for Debian) 2.31.1) #5.10.135.bsk.business.1 SMP Debian 5.10.135.bsk.1 Thu Sep 15 02</p><p>[2025-12-09 08:42:15,307]&nbsp[DEBUG]&nbspDec  9 08:39:32 debian kernel: [    0.000000][    T0] Command line: BOOT_IMAGE=/ys/vmlinuz-5.10.135.bsk.business.1-amd64 dhcp vga=791 boot=live fetch=http://192.168.64.200/yichun_20250922.squashfs net.ifnames=0 biosdevname=0 msr.allow_writes=on console=ttyS0,115200n8r</p><p>[2025-12-09 08:42:15,307]&nbsp[DEBUG]&nbspDec  9 08:39:32 debian kernel: [    0.000000][    T0] x86/split lock detection: #DB: warning on user-space bus_locks</p><p>[2025-12-09 08:42:15,307]&nbsp[DEBUG]&nbspDec  9 08:39:32 debian kernel: [    0.000000][    T0] x86/fpu: Supporting XSAVE feature 0x001: 'x87 floating point registers'</p><p>[2025-12-09 08:42:15,307]&nbsp[DEBUG]&nbspDec  9 08:39:32 debian kernel: [    0.000000][    T0] x86/fpu: Supporting XSAVE feature 0x002: 'SSE registers'</p><p>[2025-12-09 08:42:15,307]&nbsp[DEBUG]&nbspDec  9 08:39:32 debian kernel: [    0.000000][    T0] x86/fpu: Supporting XSAVE feature 0x004: 'AVX registers'</p><p>[2025-12-09 08:42:15,307]&nbsp[DEBUG]&nbspDec  9 08:39:32 debian kernel: [    0.000000][    T0] x86/fpu: Supporting XSAVE feature 0x020: 'AVX-512 opmask'</p><p>[2025-12-09 08:42:15,307]&nbsp[DEBUG]&nbspDec  9 08:39:32 debian kernel: [    0.000000][    T0] x86/fpu: Supporting XSAVE feature 0x040: 'AVX-512 Hi256'</p><p>[2025-12-09 08:42:15,307]&nbsp[DEBUG]&nbspDec  9 08:39:32 debian kernel: [    0.000000][    T0] x86/fpu: Supporting XSAVE feature 0x080: 'AVX-512 ZMM_Hi256'</p><p>[2025-12-09 08:42:15,307]&nbsp[DEBUG]&nbspDec  9 08:39:32 debian kernel: [    0.000000][    T0] x86/fpu: Supporting XSAVE feature 0x200: 'Protection Keys User registers'</p><p>[2025-12-09 08:42:15,307]&nbsp[DEBUG]&nbspDec  9 08:39:32 debian kernel: [    0.000000][    T0] x86/fpu: Supporting XSAVE feature 0x400: 'PASID state'</p><p>[2025-12-09 08:42:15,307]&nbsp[DEBUG]&nbspDec  9 08:39:32 debian kernel: [    0.000000][    T0] x86/fpu: Supporting XSAVE feature 0x20000: 'AMX Tile config'</p><p>[2025-12-09 08:42:15,307]&nbsp[DEBUG]&nbspDec  9 08:39:32 debian kernel: [    0.000000][    T0] x86/fpu: Supporting XSAVE feature 0x40000: 'AMX Tile data'</p><p>[2025-12-09 08:42:15,307]&nbsp[DEBUG]&nbspDec  9 08:39:32 debian kernel: [    0.000000][    T0] x86/fpu: xstate_offset[2]:  576, xstate_sizes[2]:  256</p><p>[2025-12-09 08:42:15,307]&nbsp[DEBUG]&nbspDec  9 08:39:32 debian kernel: [    0.000000][    T0] x86/fpu: xstate_offset[5]:  832, xstate_sizes[5]:   64</p><p>[2025-12-09 08:42:15,307]&nbsp[DEBUG]&nbspDec  9 08:39:32 debian kernel: [    0.000000][    T0] x86/fpu: xstate_offset[6]:  896, xstate_sizes[6]:  512</p><p>[2025-12-09 08:42:15,307]&nbsp[DEBUG]&nbspDec  9 08:39:32 debian kernel: [    0.000000][    T0] x86/fpu: xstate_offset[7]: 1408, xstate_sizes[7]: 1024</p><p>[2025-12-09 08:42:15,307]&nbsp[DEBUG]&nbspDec  9 08:39:32 debian kernel: [    0.000000][    T0] x86/fpu: xstate_offset[9]: 2432, xstate_sizes[9]:    8</p><p>[2025-12-09 08:42:15,307]&nbsp[DEBUG]&nbspDec  9 08:39:32 debian kernel: [    0.000000][    T0] x86/fpu: xstate_offset[10]: 2440, xstate_sizes[10]:    8</p><p>[2025-12-09 08:42:15,307]&nbsp[DEBUG]&nbspDec  9 08:39:32 debian kernel: [    0.000000][    T0] x86/fpu: xstate_offset[17]: 2496, xstate_sizes[17]:   64</p><p>[2025-12-09 08:42:15,307]&nbsp[DEBUG]&nbspDec  9 08:39:32 debian kernel: [    0.000000][    T0] x86/fpu: xstate_offset[18]: 2560, xstate_sizes[18]: 8192</p><p>[2025-12-09 08:42:15,307]&nbsp[DEBUG]&nbspDec  9 08:39:32 debian kernel: [    0.000000][    T0] x86/fpu: Enabled xstate features 0x606e7, context size is 10752 bytes, using 'compacted' format.</p><p>[2025-12-09 08:42:15,307]&nbsp[DEBUG]&nbspDec  9 08:39:32 debian kernel: [    0.000000][    T0] signal: max sigframe size: 11952</p><p>[2025-12-09 08:42:15,307]&nbsp[DEBUG]&nbspDec  9 08:39:32 debian kernel: [    0.000000][    T0] BIOS-provided physical RAM map:</p><p>[2025-12-09 08:42:15,307]&nbsp[DEBUG]&nbspDec  9 08:39:32 debian kernel: [    0.000000][    T0] BIOS-e820: [mem 0x0000000000000000-0x000000000009dfff] usable</p><p>[2025-12-09 08:42:15,307]&nbsp[DEBUG]&nbspDec  9 08:39:32 debian kernel: [    0.000000][    T0] BIOS-e820: [mem 0x000000000009e000-0x000000000009efff] reserved</p><p>[2025-12-09 08:42:15,307]&nbsp[DEBUG]&nbspDec  9 08:39:32 debian kernel: [    0.000000][    T0] BIOS-e820: [mem 0x000000000009f000-0x000000000009ffff] usable</p><p>[2025-12-09 08:42:15,307]&nbsp[DEBUG]&nbspDec  9 08:39:32 debian kernel: [    0.000000][    T0] BIOS-e820: [mem 0x00000000000a0000-0x00000000000fffff] reserved</p><p>[2025-12-09 08:42:15,307]&nbsp[DEBUG]&nbspDec  9 08:39:32 debian kernel: [    0.000000][    T0] BIOS-e820: [mem 0x0000000000100000-0x000000006b30afff] usable</p><p>[2025-12-09 08:42:15,307]&nbsp[DEBUG]&nbspDec  9 08:39:32 debian kernel: [    0.000000][    T0] BIOS-e820: [mem 0x000000006b30b000-0x000000006d40afff] reserved</p><p>[2025-12-09 08:42:15,307]&nbsp[DEBUG]&nbspDec  9 08:39:32 debian kernel: [    0.000000][    T0] BIOS-e820: [mem 0x000000006d40b000-0x000000006dd0afff] ACPI data</p><p>[2025-12-09 08:42:15,307]&nbsp[DEBUG]&nbspDec  9 08:39:32 debian kernel: [    0.000000][    T0] BIOS-e820: [mem 0x000000006dd0b000-0x00000000711e2fff] ACPI NVS</p><p>[2025-12-09 08:42:15,307]&nbsp[DEBUG]&nbspDec  9 08:39:32 debian kernel: [    0.000000][    T0] BIOS-e820: [mem 0x00000000711e3000-0x00000000777fefff] reserved</p><p>[2025-12-09 08:42:15,307]&nbsp[DEBUG]&nbspDec  9 08:39:32 debian kernel: [    0.000000][    T0] BIOS-e820: [mem 0x00000000777ff000-0x00000000777fffff] usable</p><p>[2025-12-09 08:42:15,307]&nbsp[DEBUG]&nbspDec  9 08:39:32 debian kernel: [    0.000000][    T0] BIOS-e820: [mem 0x0000000077800000-0x000000008fffffff] reserved</p><p>[2025-12-09 08:42:15,307]&nbsp[DEBUG]&nbspDec  9 08:39:32 debian kernel: [    0.000000][    T0] BIOS-e820: [mem 0x00000000fe010000-0x00000000fe010fff] reserved</p><p>[2025-12-09 08:42:15,307]&nbsp[DEBUG]&nbspDec  9 08:39:32 debian kernel: [    0.000000][    T0] BIOS-e820: [mem 0x00000000ff000000-0x00000000ffffffff] reserved</p><p>[2025-12-09 08:42:15,307]&nbsp[DEBUG]&nbspDec  9 08:39:32 debian kernel: [    0.000000][    T0] BIOS-e820: [mem 0x0000000100000000-0x000002007fffffff] usable</p><p>[2025-12-09 08:42:15,307]&nbsp[DEBUG]&nbspDec  9 08:39:32 debian kernel: [    0.000000][    T0] NX (Execute Disable) protection: active</p><p>[2025-12-09 08:42:15,307]&nbsp[DEBUG]&nbspDec  9 08:39:32 debian kernel: [    0.000000][    T0] extended physical RAM map:</p><p>[2025-12-09 08:42:15,307]&nbsp[DEBUG]&nbspDec  9 08:39:32 debian kernel: [    0.000000][    T0] reserve setup_data: [mem 0x0000000000000000-0x000000000009dfff] usable</p><p>[2025-12-09 08:42:15,307]&nbsp[DEBUG]&nbspDec  9 08:39:32 debian kernel: [    0.000000][    T0] reserve setup_data: [mem 0x000000000009e000-0x000000000009efff] reserved</p><p>[2025-12-09 08:42:15,307]&nbsp[DEBUG]&nbspDec  9 08:39:32 debian kernel: [    0.000000][    T0] reserve setup_data: [mem 0x000000000009f000-0x000000000009ffff] usable</p><p>[2025-12-09 08:42:15,308]&nbsp[DEBUG]&nbspDec  9 08:39:32 debian kernel: [    0.000000][    T0] reserve setup_data: [mem 0x00000000000a0000-0x00000000000fffff] reserved</p><p>[2025-12-09 08:42:15,308]&nbsp[DEBUG]&nbspDec  9 08:39:32 debian kernel: [    0.000000][    T0] reserve setup_data: [mem 0x0000000000100000-0x0000000060757017] usable</p><p>[2025-12-09 08:42:15,308]&nbsp[DEBUG]&nbspDec  9 08:39:32 debian kernel: [    0.000000][    T0] reserve setup_data: [mem 0x0000000060757018-0x00000000607b4257] usable</p><p>[2025-12-09 08:42:15,308]&nbsp[DEBUG]&nbspDec  9 08:39:32 debian kernel: [    0.000000][    T0] reserve setup_data: [mem 0x00000000607b4258-0x0000000060813017] usable</p><p>[2025-12-09 08:42:15,308]&nbsp[DEBUG]&nbspDec  9 08:39:32 debian kernel: [    0.000000][    T0] reserve setup_data: [mem 0x0000000060813018-0x0000000060870257] usable</p><p>[2025-12-09 08:42:15,308]&nbsp[DEBUG]&nbspDec  9 08:39:32 debian kernel: [    0.000000][    T0] reserve setup_data: [mem 0x0000000060870258-0x00000000608d2017] usable</p><p>[2025-12-09 08:42:15,308]&nbsp[DEBUG]&nbspDec  9 08:39:32 debian kernel: [    0.000000][    T0] reserve setup_data: [mem 0x00000000608d2018-0x00000000608dee57] usable</p><p>[2025-12-09 08:42:15,308]&nbsp[DEBUG]&nbspDec  9 08:39:32 debian kernel: [    0.000000][    T0] reserve setup_data: [mem 0x00000000608dee58-0x00000000608df017] usable</p><p>[2025-12-09 08:42:15,308]&nbsp[DEBUG]&nbspDec  9 08:39:32 debian kernel: [    0.000000][    T0] reserve setup_data: [mem 0x00000000608df018-0x00000000608ebe57] usable</p><p>[2025-12-09 08:42:15,308]&nbsp[DEBUG]&nbspDec  9 08:39:32 debian kernel: [    0.000000][    T0] reserve setup_data: [mem 0x00000000608ebe58-0x000000006112e017] usable</p><p>[2025-12-09 08:42:15,308]&nbsp[DEBUG]&nbspDec  9 08:39:32 debian kernel: [    0.000000][    T0] reserve setup_data: [mem 0x000000006112e018-0x0000000061136057] usable</p><p>[2025-12-09 08:42:15,308]&nbsp[DEBUG]&nbspDec  9 08:39:32 debian kernel: [    0.000000][    T0] reserve setup_data: [mem 0x0000000061136058-0x000000006b30afff] usable</p><p>[2025-12-09 08:42:15,308]&nbsp[DEBUG]&nbspDec  9 08:39:32 debian kernel: [    0.000000][    T0] reserve setup_data: [mem 0x000000006b30b000-0x000000006d40afff] reserved</p><p>[2025-12-09 08:42:15,308]&nbsp[DEBUG]&nbspDec  9 08:39:32 debian kernel: [    0.000000][    T0] reserve setup_data: [mem 0x000000006d40b000-0x000000006dd0afff] ACPI data</p><p>[2025-12-09 08:42:15,308]&nbsp[DEBUG]&nbspDec  9 08:39:32 debian kernel: [    0.000000][    T0] reserve setup_data: [mem 0x000000006dd0b000-0x00000000711e2fff] ACPI NVS</p><p>[2025-12-09 08:42:15,308]&nbsp[DEBUG]&nbspDec  9 08:39:32 debian kernel: [    0.000000][    T0] reserve setup_data: [mem 0x00000000711e3000-0x00000000777fefff] reserved</p><p>[2025-12-09 08:42:15,308]&nbsp[DEBUG]&nbspDec  9 08:39:32 debian kernel: [    0.000000][    T0] reserve setup_data: [mem 0x00000000777ff000-0x00000000777fffff] usable</p><p>[2025-12-09 08:42:15,308]&nbsp[DEBUG]&nbspDec  9 08:39:32 debian kernel: [    0.000000][    T0] reserve setup_data: [mem 0x0000000077800000-0x000000008fffffff] reserved</p><p>[2025-12-09 08:42:15,308]&nbsp[DEBUG]&nbspDec  9 08:39:32 debian kernel: [    0.000000][    T0] reserve setup_data: [mem 0x00000000fe010000-0x00000000fe010fff] reserved</p><p>[2025-12-09 08:42:15,308]&nbsp[DEBUG]&nbspDec  9 08:39:32 debian kernel: [    0.000000][    T0] reserve setup_data: [mem 0x00000000ff000000-0x00000000ffffffff] reserved</p><p>[2025-12-09 08:42:15,308]&nbsp[DEBUG]&nbspDec  9 08:39:32 debian kernel: [    0.000000][    T0] reserve setup_data: [mem 0x0000000100000000-0x000002007fffffff] usable</p><p>[2025-12-09 08:42:15,308]&nbsp[DEBUG]&nbspDec  9 08:39:32 debian kernel: [    0.000000][    T0] efi: EFI v2.90 by American Megatrends</p><p>[2025-12-09 08:42:15,308]&nbsp[DEBUG]&nbspDec  9 08:39:32 debian kernel: [    0.000000][    T0] efi: ACPI=0x70fff000 ACPI 2.0=0x70fff014 SMBIOS 3.0=0x771dfa98 MEMATTR=0x61143018 ESRT=0x61100318 </p><p>[2025-12-09 08:42:15,308]&nbsp[DEBUG]&nbspDec  9 08:39:32 debian kernel: [    0.000000][    T0] efi: memattr: Unexpected EFI Memory Attributes table version 2</p><p>[2025-12-09 08:42:15,308]&nbsp[DEBUG]&nbspDec  9 08:39:32 debian kernel: [    0.000000][    T0] SMBIOS 3.6.0 present.</p><p>[2025-12-09 08:42:15,308]&nbsp[DEBUG]&nbspDec  9 08:39:32 debian kernel: [    0.000000][    T0] DMI: NCS G220-CF/G220-C, BIOS 01.01.02.88.02 09/19/2025</p><p>[2025-12-09 08:42:15,308]&nbsp[DEBUG]&nbspDec  9 08:39:32 debian kernel: [    0.000000][    T0] tsc: Detected 2600.000 MHz processor</p><p>[2025-12-09 08:42:15,308]&nbsp[DEBUG]&nbspDec  9 08:39:32 debian kernel: [    0.000027][    T0] last_pfn = 0x20080000 max_arch_pfn = 0x400000000</p><p>[2025-12-09 08:42:15,308]&nbsp[DEBUG]&nbspDec  9 08:39:32 debian kernel: [    0.001868][    T0] x86/PAT: Configuration [0-7]: WB  WC  UC- UC  WB  WP  UC- WT  </p><p>[2025-12-09 08:42:15,308]&nbsp[DEBUG]&nbspDec  9 08:39:32 debian kernel: [    0.005179][    T0] x2apic: enabled by BIOS, switching to x2apic ops</p><p>[2025-12-09 08:42:15,308]&nbsp[DEBUG]&nbspDec  9 08:39:32 debian kernel: [    0.005182][    T0] last_pfn = 0x77800 max_arch_pfn = 0x400000000</p><p>[2025-12-09 08:42:15,308]&nbsp[DEBUG]&nbspDec  9 08:39:32 debian kernel: [    0.012931][    T0] esrt: Reserving ESRT space from 0x0000000061100318 to 0x0000000061100350.</p><p>[2025-12-09 08:42:15,308]&nbsp[DEBUG]&nbspDec  9 08:39:32 debian kernel: [    0.012979][    T0] Using GB pages for direct mapping</p><p>[2025-12-09 08:42:15,308]&nbsp[DEBUG]&nbspDec  9 08:39:32 debian kernel: [    0.013273][    T0] Secure boot disabled</p><p>[2025-12-09 08:42:15,308]&nbsp[DEBUG]&nbspDec  9 08:39:32 debian kernel: [    0.013275][    T0] RAMDISK: [mem 0x3623a000-0x37eb3fff]</p><p>[2025-12-09 08:42:15,308]&nbsp[DEBUG]&nbspDec  9 08:39:32 debian kernel: [    0.013276][    T0] ACPI: Early table checksum verification disabled</p><p>[2025-12-09 08:42:15,308]&nbsp[DEBUG]&nbspDec  9 08:39:32 debian kernel: [    0.013278][    T0] ACPI: RSDP 0x0000000070FFF014 000024 (v02 ALASKA)</p><p>[2025-12-09 08:42:15,308]&nbsp[DEBUG]&nbspDec  9 08:39:32 debian kernel: [    0.013282][    T0] ACPI: XSDT 0x0000000070FFE728 000104 (v01 ALASKA A M I    01072009 AMI  01000013)</p><p>[2025-12-09 08:42:15,308]&nbsp[DEBUG]&nbspDec  9 08:39:32 debian kernel: [    0.013287][    T0] ACPI: FACP 0x000000006DD08000 000114 (v06 ALASKA A M I    01072009 INTL 20091013)</p><p>[2025-12-09 08:42:15,308]&nbsp[DEBUG]&nbspDec  9 08:39:32 debian kernel: [    0.013291][    T0] ACPI: DSDT 0x000000006DC3A000 0CCD6D (v02 ALASKA A M I    01072009 INTL 20091013)</p><p>[2025-12-09 08:42:15,308]&nbsp[DEBUG]&nbspDec  9 08:39:32 debian kernel: [    0.013294][    T0] ACPI: FACS 0x00000000711E1000 000040</p><p>[2025-12-09 08:42:15,308]&nbsp[DEBUG]&nbspDec  9 08:39:32 debian kernel: [    0.013297][    T0] ACPI: SPMI 0x000000006DD07000 000041 (v05 ALASKA A M I    00000000 AMI. 00000000)</p><p>[2025-12-09 08:42:15,308]&nbsp[DEBUG]&nbspDec  9 08:39:32 debian kernel: [    0.013299][    T0] ACPI: FIDT 0x000000006DC39000 00009C (v01 ALASKA A M I    01072009 AMI  00010013)</p><p>[2025-12-09 08:42:15,308]&nbsp[DEBUG]&nbspDec  9 08:39:32 debian kernel: [    0.013302][    T0] ACPI: SSDT 0x000000006DD0A000 000058 (v02 CXLD   CXLT     00001000 INTL 20210331)</p><p>[2025-12-09 08:42:15,308]&nbsp[DEBUG]&nbspDec  9 08:39:32 debian kernel: [    0.013305][    T0] ACPI: SSDT 0x000000006DD09000 00074C (v02 INTEL  RAS_ACPI 00000001 INTL 20210331)</p><p>[2025-12-09 08:42:15,308]&nbsp[DEBUG]&nbspDec  9 08:39:32 debian kernel: [    0.013308][    T0] ACPI: ERST 0x000000006DC38000 000230 (v01 ALASKA A M I    00000001 INTL 00000001)</p><p>[2025-12-09 08:42:15,308]&nbsp[DEBUG]&nbspDec  9 08:39:32 debian kernel: [    0.013311][    T0] ACPI: BERT 0x000000006DC37000 000030 (v01 ALASKA A M I    00000001 INTL 00000001)</p><p>[2025-12-09 08:42:15,308]&nbsp[DEBUG]&nbspDec  9 08:39:32 debian kernel: [    0.013313][    T0] ACPI: SSDT 0x000000006DC36000 00076E (v02 INTEL  ADDRXLAT 00000001 INTL 20210331)</p><p>[2025-12-09 08:42:15,308]&nbsp[DEBUG]&nbspDec  9 08:39:32 debian kernel: [    0.013316][    T0] ACPI: MCFG 0x000000006DC35000 00003C (v01 ALASKA A M I    01072009 MSFT 00000097)</p><p>[2025-12-09 08:42:15,308]&nbsp[DEBUG]&nbspDec  9 08:39:32 debian kernel: [    0.013319][    T0] ACPI: BDAT 0x000000006DC34000 000030 (v01 ALASKA A M I    00000000 INTL 20091013)</p><p>[2025-12-09 08:42:15,308]&nbsp[DEBUG]&nbspDec  9 08:39:32 debian kernel: [    0.013322][    T0] ACPI: HPET 0x000000006DC33000 000038 (v01 ALASKA A M I    00000001 INTL 20091013)</p><p>[2025-12-09 08:42:15,308]&nbsp[DEBUG]&nbspDec  9 08:39:32 debian kernel: [    0.013324][    T0] ACPI: MSCT 0x000000006DC32000 000090 (v01 ALASKA A M I    00000001 INTL 20091013)</p><p>[2025-12-09 08:42:15,308]&nbsp[DEBUG]&nbspDec  9 08:39:32 debian kernel: [    0.013327][    T0] ACPI: WDDT 0x000000006DC31000 000040 (v01 ALASKA A M I    00000000 INTL 20091013)</p><p>[2025-12-09 08:42:15,308]&nbsp[DEBUG]&nbspDec  9 08:39:32 debian kernel: [    0.013329][    T0] ACPI: APIC 0x000000006DC2F000 000F5E (v04 ALASKA A M I    00000000 INTL 20091013)</p><p>[2025-12-09 08:42:15,308]&nbsp[DEBUG]&nbspDec  9 08:39:32 debian kernel: [    0.013332][    T0] ACPI: SRAT 0x000000006DC27000 007830 (v03 ALASKA A M I    00000002 AMI  01000013)</p><p>[2025-12-09 08:42:15,308]&nbsp[DEBUG]&nbspDec  9 08:39:32 debian kernel: [    0.013335][    T0] ACPI: SLIT 0x000000006DC26000 000030 (v01 ALASKA A M I    01072009 AMI  01000013)</p><p>[2025-12-09 08:42:15,308]&nbsp[DEBUG]&nbspDec  9 08:39:32 debian kernel: [    0.013337][    T0] ACPI: HMAT 0x000000006DC25000 000158 (v02 ALASKA A M I    01072009 AMI  01000013)</p><p>[2025-12-09 08:42:15,308]&nbsp[DEBUG]&nbspDec  9 08:39:32 debian kernel: [    0.013340][    T0] ACPI: OEM4 0x000000006DA9D000 187A51 (v02 INTEL  CPU  CST 00003000 INTL 20210331)</p><p>[2025-12-09 08:42:15,308]&nbsp[DEBUG]&nbspDec  9 08:39:32 debian kernel: [    0.013343][    T0] ACPI: OEM1 0x000000006D989000 113479 (v02 INTEL  CPU EIST 00003000 INTL 20210331)</p><p>[2025-12-09 08:42:15,308]&nbsp[DEBUG]&nbspDec  9 08:39:32 debian kernel: [    0.013346][    T0] ACPI: OEM2 0x000000006D942000 046031 (v02 INTEL  CPU  HWP 00003000 INTL 20210331)</p><p>[2025-12-09 08:42:15,309]&nbsp[DEBUG]&nbspDec  9 08:39:32 debian kernel: [    0.013348][    T0] ACPI: SSDT 0x000000006D8D8000 069895 (v02 INTEL  SSDT  PM 00004000 INTL 20210331)</p><p>[2025-12-09 08:42:15,309]&nbsp[DEBUG]&nbspDec  9 08:39:32 debian kernel: [    0.013351][    T0] ACPI: SSDT 0x000000006D8D7000 000957 (v02 ALASKA A M I    00000000 INTL 20091013)</p><p>[2025-12-09 08:42:15,309]&nbsp[DEBUG]&nbspDec  9 08:39:32 debian kernel: [    0.013353][    T0] ACPI: HEST 0x000000006D8D6000 00013C (v01 ALASKA A M I    00000001 INTL 00000001)</p><p>[2025-12-09 08:42:15,309]&nbsp[DEBUG]&nbspDec  9 08:39:32 debian kernel: [    0.013356][    T0] ACPI: DMAR 0x000000006D8D5000 000568 (v01 ALASKA A M I    00000001 INTL 20091013)</p><p>[2025-12-09 08:42:15,309]&nbsp[DEBUG]&nbspDec  9 08:39:32 debian kernel: [    0.013359][    T0] ACPI: FPDT 0x000000006D8D4000 000044 (v01 ALASKA A M I    01072009 AMI  01000013)</p><p>[2025-12-09 08:42:15,309]&nbsp[DEBUG]&nbspDec  9 08:39:32 debian kernel: [    0.013361][    T0] ACPI: SPCR 0x000000006D8D3000 000050 (v02 ALASKA A M I    01072009 AMI  00050020)</p><p>[2025-12-09 08:42:15,309]&nbsp[DEBUG]&nbspDec  9 08:39:32 debian kernel: [    0.013364][    T0] ACPI: SSDT 0x000000006D8CB000 00777A (v02 INTEL  SpsNm    00000002 INTL 20210331)</p><p>[2025-12-09 08:42:15,309]&nbsp[DEBUG]&nbspDec  9 08:39:32 debian kernel: [    0.013367][    T0] ACPI: WSMT 0x000000006DC30000 000028 (v01 ALASKA A M I    01072009 AMI  00010013)</p><p>[2025-12-09 08:42:15,309]&nbsp[DEBUG]&nbspDec  9 08:39:32 debian kernel: [    0.013369][    T0] ACPI: Reserving FACP table memory at [mem 0x6dd08000-0x6dd08113]</p><p>[2025-12-09 08:42:15,309]&nbsp[DEBUG]&nbspDec  9 08:39:32 debian kernel: [    0.013371][    T0] ACPI: Reserving DSDT table memory at [mem 0x6dc3a000-0x6dd06d6c]</p><p>[2025-12-09 08:42:15,309]&nbsp[DEBUG]&nbspDec  9 08:39:32 debian kernel: [    0.013372][    T0] ACPI: Reserving FACS table memory at [mem 0x711e1000-0x711e103f]</p><p>[2025-12-09 08:42:15,309]&nbsp[DEBUG]&nbspDec  9 08:39:32 debian kernel: [    0.013373][    T0] ACPI: Reserving SPMI table memory at [mem 0x6dd07000-0x6dd07040]</p><p>[2025-12-09 08:42:15,309]&nbsp[DEBUG]&nbspDec  9 08:39:32 debian kernel: [    0.013375][    T0] ACPI: Reserving FIDT table memory at [mem 0x6dc39000-0x6dc3909b]</p><p>[2025-12-09 08:42:15,309]&nbsp[DEBUG]&nbspDec  9 08:39:32 debian kernel: [    0.013376][    T0] ACPI: Reserving SSDT table memory at [mem 0x6dd0a000-0x6dd0a057]</p><p>[2025-12-09 08:42:15,309]&nbsp[DEBUG]&nbspDec  9 08:39:32 debian kernel: [    0.013377][    T0] ACPI: Reserving SSDT table memory at [mem 0x6dd09000-0x6dd0974b]</p><p>[2025-12-09 08:42:15,309]&nbsp[DEBUG]&nbspDec  9 08:39:32 debian kernel: [    0.013378][    T0] ACPI: Reserving ERST table memory at [mem 0x6dc38000-0x6dc3822f]</p><p>[2025-12-09 08:42:15,309]&nbsp[DEBUG]&nbspDec  9 08:39:32 debian kernel: [    0.013380][    T0] ACPI: Reserving BERT table memory at [mem 0x6dc37000-0x6dc3702f]</p><p>[2025-12-09 08:42:15,309]&nbsp[DEBUG]&nbspDec  9 08:39:32 debian kernel: [    0.013381][    T0] ACPI: Reserving SSDT table memory at [mem 0x6dc36000-0x6dc3676d]</p><p>[2025-12-09 08:42:15,309]&nbsp[DEBUG]&nbspDec  9 08:39:32 debian kernel: [    0.013382][    T0] ACPI: Reserving MCFG table memory at [mem 0x6dc35000-0x6dc3503b]</p><p>[2025-12-09 08:42:15,309]&nbsp[DEBUG]&nbspDec  9 08:39:32 debian kernel: [    0.013383][    T0] ACPI: Reserving BDAT table memory at [mem 0x6dc34000-0x6dc3402f]</p><p>[2025-12-09 08:42:15,309]&nbsp[DEBUG]&nbspDec  9 08:39:32 debian kernel: [    0.013384][    T0] ACPI: Reserving HPET table memory at [mem 0x6dc33000-0x6dc33037]</p><p>[2025-12-09 08:42:15,309]&nbsp[DEBUG]&nbspDec  9 08:39:32 debian kernel: [    0.013386][    T0] ACPI: Reserving MSCT table memory at [mem 0x6dc32000-0x6dc3208f]</p><p>[2025-12-09 08:42:15,309]&nbsp[DEBUG]&nbspDec  9 08:39:32 debian kernel: [    0.013387][    T0] ACPI: Reserving WDDT table memory at [mem 0x6dc31000-0x6dc3103f]</p><p>[2025-12-09 08:42:15,309]&nbsp[DEBUG]&nbspDec  9 08:39:32 debian kernel: [    0.013388][    T0] ACPI: Reserving APIC table memory at [mem 0x6dc2f000-0x6dc2ff5d]</p><p>[2025-12-09 08:42:15,309]&nbsp[DEBUG]&nbspDec  9 08:39:32 debian kernel: [    0.013389][    T0] ACPI: Reserving SRAT table memory at [mem 0x6dc27000-0x6dc2e82f]</p><p>[2025-12-09 08:42:15,309]&nbsp[DEBUG]&nbspDec  9 08:39:32 debian kernel: [    0.013390][    T0] ACPI: Reserving SLIT table memory at [mem 0x6dc26000-0x6dc2602f]</p><p>[2025-12-09 08:42:15,309]&nbsp[DEBUG]&nbspDec  9 08:39:32 debian kernel: [    0.013392][    T0] ACPI: Reserving HMAT table memory at [mem 0x6dc25000-0x6dc25157]</p><p>[2025-12-09 08:42:15,309]&nbsp[DEBUG]&nbspDec  9 08:39:32 debian kernel: [    0.013393][    T0] ACPI: Reserving OEM4 table memory at [mem 0x6da9d000-0x6dc24a50]</p><p>[2025-12-09 08:42:15,309]&nbsp[DEBUG]&nbspDec  9 08:39:32 debian kernel: [    0.013394][    T0] ACPI: Reserving OEM1 table memory at [mem 0x6d989000-0x6da9c478]</p><p>[2025-12-09 08:42:15,309]&nbsp[DEBUG]&nbspDec  9 08:39:32 debian kernel: [    0.013395][    T0] ACPI: Reserving OEM2 table memory at [mem 0x6d942000-0x6d988030]</p><p>[2025-12-09 08:42:15,309]&nbsp[DEBUG]&nbspDec  9 08:39:32 debian kernel: [    0.013396][    T0] ACPI: Reserving SSDT table memory at [mem 0x6d8d8000-0x6d941894]</p><p>[2025-12-09 08:42:15,309]&nbsp[DEBUG]&nbspDec  9 08:39:32 debian kernel: [    0.013398][    T0] ACPI: Reserving SSDT table memory at [mem 0x6d8d7000-0x6d8d7956]</p><p>[2025-12-09 08:42:15,309]&nbsp[DEBUG]&nbspDec  9 08:39:32 debian kernel: [    0.013399][    T0] ACPI: Reserving HEST table memory at [mem 0x6d8d6000-0x6d8d613b]</p><p>[2025-12-09 08:42:15,309]&nbsp[DEBUG]&nbspDec  9 08:39:32 debian kernel: [    0.013400][    T0] ACPI: Reserving DMAR table memory at [mem 0x6d8d5000-0x6d8d5567]</p><p>[2025-12-09 08:42:15,309]&nbsp[DEBUG]&nbspDec  9 08:39:32 debian kernel: [    0.013401][    T0] ACPI: Reserving FPDT table memory at [mem 0x6d8d4000-0x6d8d4043]</p><p>[2025-12-09 08:42:15,309]&nbsp[DEBUG]&nbspDec  9 08:39:32 debian kernel: [    0.013403][    T0] ACPI: Reserving SPCR table memory at [mem 0x6d8d3000-0x6d8d304f]</p><p>[2025-12-09 08:42:15,309]&nbsp[DEBUG]&nbspDec  9 08:39:32 debian kernel: [    0.013404][    T0] ACPI: Reserving SSDT table memory at [mem 0x6d8cb000-0x6d8d2779]</p><p>[2025-12-09 08:42:15,309]&nbsp[DEBUG]&nbspDec  9 08:39:32 debian kernel: [    0.013405][    T0] ACPI: Reserving WSMT table memory at [mem 0x6dc30000-0x6dc30027]</p><p>[2025-12-09 08:42:15,309]&nbsp[DEBUG]&nbspDec  9 08:39:32 debian kernel: [    0.013413][    T0] Setting APIC routing to cluster x2apic.</p><p>[2025-12-09 08:42:15,309]&nbsp[DEBUG]&nbspDec  9 08:39:32 debian kernel: [    0.013445][    T0] SRAT: PXM 0 -> APIC 0x0000 -> Node 0</p><p>[2025-12-09 08:42:15,309]&nbsp[DEBUG]&nbspDec  9 08:39:32 debian kernel: [    0.013446][    T0] SRAT: PXM 0 -> APIC 0x0001 -> Node 0</p><p>[2025-12-09 08:42:15,309]&nbsp[DEBUG]&nbspDec  9 08:39:32 debian kernel: [    0.013447][    T0] SRAT: PXM 0 -> APIC 0x0002 -> Node 0</p><p>[2025-12-09 08:42:15,309]&nbsp[DEBUG]&nbspDec  9 08:39:32 debian kernel: [    0.013448][    T0] SRAT: PXM 0 -> APIC 0x0003 -> Node 0</p><p>[2025-12-09 08:42:15,309]&nbsp[DEBUG]&nbspDec  9 08:39:32 debian kernel: [    0.013449][    T0] SRAT: PXM 0 -> APIC 0x0004 -> Node 0</p><p>[2025-12-09 08:42:15,309]&nbsp[DEBUG]&nbspDec  9 08:39:32 debian kernel: [    0.013450][    T0] SRAT: PXM 0 -> APIC 0x0005 -> Node 0</p><p>[2025-12-09 08:42:15,309]&nbsp[DEBUG]&nbspDec  9 08:39:32 debian kernel: [    0.013450][    T0] SRAT: PXM 0 -> APIC 0x0006 -> Node 0</p><p>[2025-12-09 08:42:15,309]&nbsp[DEBUG]&nbspDec  9 08:39:32 debian kernel: [    0.013451][    T0] SRAT: PXM 0 -> APIC 0x0007 -> Node 0</p><p>[2025-12-09 08:42:15,309]&nbsp[DEBUG]&nbspDec  9 08:39:32 debian kernel: [    0.013452][    T0] SRAT: PXM 0 -> APIC 0x0008 -> Node 0</p><p>[2025-12-09 08:42:15,309]&nbsp[DEBUG]&nbspDec  9 08:39:32 debian kernel: [    0.013453][    T0] SRAT: PXM 0 -> APIC 0x0009 -> Node 0</p><p>[2025-12-09 08:42:15,309]&nbsp[DEBUG]&nbspDec  9 08:39:32 debian kernel: [    0.013454][    T0] SRAT: PXM 0 -> APIC 0x000a -> Node 0</p><p>[2025-12-09 08:42:15,309]&nbsp[DEBUG]&nbspDec  9 08:39:32 debian kernel: [    0.013454][    T0] SRAT: PXM 0 -> APIC 0x000b -> Node 0</p><p>[2025-12-09 08:42:15,309]&nbsp[DEBUG]&nbspDec  9 08:39:32 debian kernel: [    0.013455][    T0] SRAT: PXM 0 -> APIC 0x000c -> Node 0</p><p>[2025-12-09 08:42:15,309]&nbsp[DEBUG]&nbspDec  9 08:39:32 debian rsyslogd: imuxsock: Acquired UNIX socket '/run/systemd/journal/syslog' (fd 3) from systemd.  [v8.1901.0]</p><p>[2025-12-09 08:42:15,309]&nbsp[DEBUG]&nbspDec  9 08:39:32 debian rsyslogd:  [origin software="rsyslogd" swVersion="8.1901.0" x-pid="3337" x-info="https://www.rsyslog.com"] start</p><p>[2025-12-09 08:42:15,309]&nbsp[DEBUG]&nbspDec  9 08:39:32 debian kernel: [    0.013456][    T0] SRAT: PXM 0 -> APIC 0x000d -> Node 0</p><p>[2025-12-09 08:42:15,309]&nbsp[DEBUG]&nbspDec  9 08:39:32 debian kernel: [    0.013457][    T0] SRAT: PXM 0 -> APIC 0x000e -> Node 0</p><p>[2025-12-09 08:42:15,309]&nbsp[DEBUG]&nbspDec  9 08:39:32 debian kernel: [    0.013458][    T0] SRAT: PXM 0 -> APIC 0x000f -> Node 0</p><p>[2025-12-09 08:42:15,309]&nbsp[DEBUG]&nbspDec  9 08:39:32 debian kernel: [    0.013458][    T0] SRAT: PXM 0 -> APIC 0x0010 -> Node 0</p><p>[2025-12-09 08:42:15,309]&nbsp[DEBUG]&nbspDec  9 08:39:32 debian kernel: [    0.013459][    T0] SRAT: PXM 0 -> APIC 0x0011 -> Node 0</p><p>[2025-12-09 08:42:15,309]&nbsp[DEBUG]&nbspDec  9 08:39:32 debian kernel: [    0.013460][    T0] SRAT: PXM 0 -> APIC 0x0012 -> Node 0</p><p>[2025-12-09 08:42:15,310]&nbsp[DEBUG]&nbspDec  9 08:39:32 debian kernel: [    0.013461][    T0] SRAT: PXM 0 -> APIC 0x0013 -> Node 0</p><p>[2025-12-09 08:42:15,310]&nbsp[DEBUG]&nbspDec  9 08:39:32 debian kernel: [    0.013462][    T0] SRAT: PXM 0 -> APIC 0x0014 -> Node 0</p><p>[2025-12-09 08:42:15,310]&nbsp[DEBUG]&nbspDec  9 08:39:32 debian kernel: [    0.013462][    T0] SRAT: PXM 0 -> APIC 0x0015 -> Node 0</p><p>[2025-12-09 08:42:15,310]&nbsp[DEBUG]&nbspDec  9 08:39:32 debian kernel: [    0.013463][    T0] SRAT: PXM 0 -> APIC 0x0016 -> Node 0</p><p>[2025-12-09 08:42:15,310]&nbsp[DEBUG]&nbspDec  9 08:39:32 debian kernel: [    0.013464][    T0] SRAT: PXM 0 -> APIC 0x0017 -> Node 0</p><p>[2025-12-09 08:42:15,310]&nbsp[DEBUG]&nbspDec  9 08:39:32 debian kernel: [    0.013465][    T0] SRAT: PXM 0 -> APIC 0x0018 -> Node 0</p><p>[2025-12-09 08:42:15,310]&nbsp[DEBUG]&nbspDec  9 08:39:32 debian kernel: [    0.013466][    T0] SRAT: PXM 0 -> APIC 0x0019 -> Node 0</p><p>[2025-12-09 08:42:15,310]&nbsp[DEBUG]&nbspDec  9 08:39:32 debian kernel: [    0.013467][    T0] SRAT: PXM 0 -> APIC 0x001a -> Node 0</p><p>[2025-12-09 08:42:15,310]&nbsp[DEBUG]&nbspDec  9 08:39:32 debian kernel: [    0.013467][    T0] SRAT: PXM 0 -> APIC 0x001b -> Node 0</p><p>[2025-12-09 08:42:15,310]&nbsp[DEBUG]&nbspDec  9 08:39:32 debian kernel: [    0.013468][    T0] SRAT: PXM 0 -> APIC 0x001c -> Node 0</p><p>[2025-12-09 08:42:15,310]&nbsp[DEBUG]&nbspDec  9 08:39:32 debian kernel: [    0.013469][    T0] SRAT: PXM 0 -> APIC 0x001d -> Node 0</p><p>[2025-12-09 08:42:15,310]&nbsp[DEBUG]&nbspDec  9 08:39:32 debian kernel: [    0.013470][    T0] SRAT: PXM 0 -> APIC 0x001e -> Node 0</p><p>[2025-12-09 08:42:15,310]&nbsp[DEBUG]&nbspDec  9 08:39:32 debian kernel: [    0.013471][    T0] SRAT: PXM 0 -> APIC 0x001f -> Node 0</p><p>[2025-12-09 08:42:15,310]&nbsp[DEBUG]&nbspDec  9 08:39:32 debian kernel: [    0.013471][    T0] SRAT: PXM 0 -> APIC 0x0020 -> Node 0</p><p>[2025-12-09 08:42:15,310]&nbsp[DEBUG]&nbspDec  9 08:39:32 debian kernel: [    0.013472][    T0] SRAT: PXM 0 -> APIC 0x0021 -> Node 0</p><p>[2025-12-09 08:42:15,310]&nbsp[DEBUG]&nbspDec  9 08:39:32 debian kernel: [    0.013473][    T0] SRAT: PXM 0 -> APIC 0x0022 -> Node 0</p><p>[2025-12-09 08:42:15,310]&nbsp[DEBUG]&nbspDec  9 08:39:32 debian kernel: [    0.013474][    T0] SRAT: PXM 0 -> APIC 0x0023 -> Node 0</p><p>[2025-12-09 08:42:15,310]&nbsp[DEBUG]&nbspDec  9 08:39:32 debian kernel: [    0.013475][    T0] SRAT: PXM 0 -> APIC 0x0024 -> Node 0</p><p>[2025-12-09 08:42:15,310]&nbsp[DEBUG]&nbspDec  9 08:39:32 debian kernel: [    0.013475][    T0] SRAT: PXM 0 -> APIC 0x0025 -> Node 0</p><p>[2025-12-09 08:42:15,310]&nbsp[DEBUG]&nbspDec  9 08:39:32 debian kernel: [    0.013476][    T0] SRAT: PXM 0 -> APIC 0x0026 -> Node 0</p><p>[2025-12-09 08:42:15,310]&nbsp[DEBUG]&nbspDec  9 08:39:32 debian kernel: [    0.013477][    T0] SRAT: PXM 0 -> APIC 0x0027 -> Node 0</p><p>[2025-12-09 08:42:15,310]&nbsp[DEBUG]&nbspDec  9 08:39:32 debian kernel: [    0.013478][    T0] SRAT: PXM 0 -> APIC 0x0028 -> Node 0</p><p>[2025-12-09 08:42:15,310]&nbsp[DEBUG]&nbspDec  9 08:39:32 debian kernel: [    0.013479][    T0] SRAT: PXM 0 -> APIC 0x0029 -> Node 0</p><p>[2025-12-09 08:42:15,310]&nbsp[DEBUG]&nbspDec  9 08:39:32 debian kernel: [    0.013479][    T0] SRAT: PXM 0 -> APIC 0x002a -> Node 0</p><p>[2025-12-09 08:42:15,310]&nbsp[DEBUG]&nbspDec  9 08:39:32 debian kernel: [    0.013480][    T0] SRAT: PXM 0 -> APIC 0x002b -> Node 0</p><p>[2025-12-09 08:42:15,310]&nbsp[DEBUG]&nbspDec  9 08:39:32 debian kernel: [    0.013481][    T0] SRAT: PXM 0 -> APIC 0x002c -> Node 0</p><p>[2025-12-09 08:42:15,310]&nbsp[DEBUG]&nbspDec  9 08:39:32 debian kernel: [    0.013482][    T0] SRAT: PXM 0 -> APIC 0x002d -> Node 0</p><p>[2025-12-09 08:42:15,310]&nbsp[DEBUG]&nbspDec  9 08:39:32 debian kernel: [    0.013483][    T0] SRAT: PXM 0 -> APIC 0x002e -> Node 0</p><p>[2025-12-09 08:42:15,310]&nbsp[DEBUG]&nbspDec  9 08:39:32 debian kernel: [    0.013483][    T0] SRAT: PXM 0 -> APIC 0x002f -> Node 0</p><p>[2025-12-09 08:42:15,310]&nbsp[DEBUG]&nbspDec  9 08:39:32 debian kernel: [    0.013484][    T0] SRAT: PXM 0 -> APIC 0x0030 -> Node 0</p><p>[2025-12-09 08:42:15,310]&nbsp[DEBUG]&nbspDec  9 08:39:32 debian kernel: [    0.013485][    T0] SRAT: PXM 0 -> APIC 0x0031 -> Node 0</p><p>[2025-12-09 08:42:15,310]&nbsp[DEBUG]&nbspDec  9 08:39:32 debian kernel: [    0.013486][    T0] SRAT: PXM 0 -> APIC 0x0032 -> Node 0</p><p>[2025-12-09 08:42:15,310]&nbsp[DEBUG]&nbspDec  9 08:39:32 debian kernel: [    0.013487][    T0] SRAT: PXM 0 -> APIC 0x0033 -> Node 0</p><p>[2025-12-09 08:42:15,310]&nbsp[DEBUG]&nbspDec  9 08:39:32 debian kernel: [    0.013487][    T0] SRAT: PXM 0 -> APIC 0x0034 -> Node 0</p><p>[2025-12-09 08:42:15,310]&nbsp[DEBUG]&nbspDec  9 08:39:32 debian kernel: [    0.013488][    T0] SRAT: PXM 0 -> APIC 0x0035 -> Node 0</p><p>[2025-12-09 08:42:15,310]&nbsp[DEBUG]&nbspDec  9 08:39:32 debian kernel: [    0.013489][    T0] SRAT: PXM 0 -> APIC 0x0036 -> Node 0</p><p>[2025-12-09 08:42:15,310]&nbsp[DEBUG]&nbspDec  9 08:39:32 debian kernel: [    0.013490][    T0] SRAT: PXM 0 -> APIC 0x0037 -> Node 0</p><p>[2025-12-09 08:42:15,310]&nbsp[DEBUG]&nbspDec  9 08:39:32 debian kernel: [    0.013491][    T0] SRAT: PXM 0 -> APIC 0x0038 -> Node 0</p><p>[2025-12-09 08:42:15,310]&nbsp[DEBUG]&nbspDec  9 08:39:32 debian kernel: [    0.013491][    T0] SRAT: PXM 0 -> APIC 0x0039 -> Node 0</p><p>[2025-12-09 08:42:15,310]&nbsp[DEBUG]&nbspDec  9 08:39:32 debian kernel: [    0.013492][    T0] SRAT: PXM 0 -> APIC 0x003a -> Node 0</p><p>[2025-12-09 08:42:15,310]&nbsp[DEBUG]&nbspDec  9 08:39:32 debian kernel: [    0.013493][    T0] SRAT: PXM 0 -> APIC 0x003b -> Node 0</p><p>[2025-12-09 08:42:15,310]&nbsp[DEBUG]&nbspDec  9 08:39:32 debian kernel: [    0.013494][    T0] SRAT: PXM 0 -> APIC 0x003c -> Node 0</p><p>[2025-12-09 08:42:15,310]&nbsp[DEBUG]&nbspDec  9 08:39:32 debian kernel: [    0.013495][    T0] SRAT: PXM 0 -> APIC 0x003d -> Node 0</p><p>[2025-12-09 08:42:15,310]&nbsp[DEBUG]&nbspDec  9 08:39:32 debian kernel: [    0.013495][    T0] SRAT: PXM 0 -> APIC 0x003e -> Node 0</p><p>[2025-12-09 08:42:15,310]&nbsp[DEBUG]&nbspDec  9 08:39:32 debian kernel: [    0.013496][    T0] SRAT: PXM 0 -> APIC 0x003f -> Node 0</p><p>[2025-12-09 08:42:15,310]&nbsp[DEBUG]&nbspDec  9 08:39:32 debian kernel: [    0.013497][    T0] SRAT: PXM 0 -> APIC 0x0040 -> Node 0</p><p>[2025-12-09 08:42:15,310]&nbsp[DEBUG]&nbspDec  9 08:39:32 debian kernel: [    0.013498][    T0] SRAT: PXM 0 -> APIC 0x0041 -> Node 0</p><p>[2025-12-09 08:42:15,310]&nbsp[DEBUG]&nbspDec  9 08:39:32 debian kernel: [    0.013499][    T0] SRAT: PXM 0 -> APIC 0x0042 -> Node 0</p><p>[2025-12-09 08:42:15,310]&nbsp[DEBUG]&nbspDec  9 08:39:32 debian kernel: [    0.013499][    T0] SRAT: PXM 0 -> APIC 0x0043 -> Node 0</p><p>[2025-12-09 08:42:15,310]&nbsp[DEBUG]&nbspDec  9 08:39:32 debian kernel: [    0.013500][    T0] SRAT: PXM 0 -> APIC 0x0044 -> Node 0</p><p>[2025-12-09 08:42:15,310]&nbsp[DEBUG]&nbspDec  9 08:39:32 debian kernel: [    0.013501][    T0] SRAT: PXM 0 -> APIC 0x0045 -> Node 0</p><p>[2025-12-09 08:42:15,310]&nbsp[DEBUG]&nbspDec  9 08:39:32 debian kernel: [    0.013502][    T0] SRAT: PXM 0 -> APIC 0x0046 -> Node 0</p><p>[2025-12-09 08:42:15,310]&nbsp[DEBUG]&nbspDec  9 08:39:32 debian kernel: [    0.013503][    T0] SRAT: PXM 0 -> APIC 0x0047 -> Node 0</p><p>[2025-12-09 08:42:15,310]&nbsp[DEBUG]&nbspDec  9 08:39:32 debian kernel: [    0.013504][    T0] SRAT: PXM 0 -> APIC 0x0048 -> Node 0</p><p>[2025-12-09 08:42:15,310]&nbsp[DEBUG]&nbspDec  9 08:39:32 debian kernel: [    0.013504][    T0] SRAT: PXM 0 -> APIC 0x0049 -> Node 0</p><p>[2025-12-09 08:42:15,310]&nbsp[DEBUG]&nbspDec  9 08:39:32 debian kernel: [    0.013505][    T0] SRAT: PXM 0 -> APIC 0x004a -> Node 0</p><p>[2025-12-09 08:42:15,310]&nbsp[DEBUG]&nbspDec  9 08:39:32 debian kernel: [    0.013506][    T0] SRAT: PXM 0 -> APIC 0x004b -> Node 0</p><p>[2025-12-09 08:42:15,310]&nbsp[DEBUG]&nbspDec  9 08:39:32 debian kernel: [    0.013507][    T0] SRAT: PXM 0 -> APIC 0x004c -> Node 0</p><p>[2025-12-09 08:42:15,310]&nbsp[DEBUG]&nbspDec  9 08:39:32 debian kernel: [    0.013508][    T0] SRAT: PXM 0 -> APIC 0x004d -> Node 0</p><p>[2025-12-09 08:42:15,310]&nbsp[DEBUG]&nbspDec  9 08:39:32 debian kernel: [    0.013508][    T0] SRAT: PXM 0 -> APIC 0x004e -> Node 0</p><p>[2025-12-09 08:42:15,311]&nbsp[DEBUG]&nbspDec  9 08:39:32 debian kernel: [    0.013509][    T0] SRAT: PXM 0 -> APIC 0x004f -> Node 0</p><p>[2025-12-09 08:42:15,311]&nbsp[DEBUG]&nbspDec  9 08:39:32 debian kernel: [    0.013510][    T0] SRAT: PXM 0 -> APIC 0x0050 -> Node 0</p><p>[2025-12-09 08:42:15,311]&nbsp[DEBUG]&nbspDec  9 08:39:32 debian kernel: [    0.013511][    T0] SRAT: PXM 0 -> APIC 0x0051 -> Node 0</p><p>[2025-12-09 08:42:15,311]&nbsp[DEBUG]&nbspDec  9 08:39:32 debian kernel: [    0.013512][    T0] SRAT: PXM 0 -> APIC 0x0052 -> Node 0</p><p>[2025-12-09 08:42:15,311]&nbsp[DEBUG]&nbspDec  9 08:39:32 debian kernel: [    0.013513][    T0] SRAT: PXM 0 -> APIC 0x0053 -> Node 0</p><p>[2025-12-09 08:42:15,311]&nbsp[DEBUG]&nbspDec  9 08:39:32 debian kernel: [    0.013513][    T0] SRAT: PXM 0 -> APIC 0x0054 -> Node 0</p><p>[2025-12-09 08:42:15,311]&nbsp[DEBUG]&nbspDec  9 08:39:32 debian kernel: [    0.013514][    T0] SRAT: PXM 0 -> APIC 0x0055 -> Node 0</p><p>[2025-12-09 08:42:15,311]&nbsp[DEBUG]&nbspDec  9 08:39:32 debian kernel: [    0.013515][    T0] SRAT: PXM 0 -> APIC 0x0056 -> Node 0</p><p>[2025-12-09 08:42:15,311]&nbsp[DEBUG]&nbspDec  9 08:39:32 debian kernel: [    0.013516][    T0] SRAT: PXM 0 -> APIC 0x0057 -> Node 0</p><p>[2025-12-09 08:42:15,311]&nbsp[DEBUG]&nbspDec  9 08:39:32 debian kernel: [    0.013517][    T0] SRAT: PXM 0 -> APIC 0x0058 -> Node 0</p><p>[2025-12-09 08:42:15,311]&nbsp[DEBUG]&nbspDec  9 08:39:32 debian kernel: [    0.013517][    T0] SRAT: PXM 0 -> APIC 0x0059 -> Node 0</p><p>[2025-12-09 08:42:15,311]&nbsp[DEBUG]&nbspDec  9 08:39:32 debian kernel: [    0.013518][    T0] SRAT: PXM 0 -> APIC 0x005a -> Node 0</p><p>[2025-12-09 08:42:15,311]&nbsp[DEBUG]&nbspDec  9 08:39:32 debian kernel: [    0.013519][    T0] SRAT: PXM 0 -> APIC 0x005b -> Node 0</p><p>[2025-12-09 08:42:15,311]&nbsp[DEBUG]&nbspDec  9 08:39:32 debian kernel: [    0.013520][    T0] SRAT: PXM 0 -> APIC 0x005c -> Node 0</p><p>[2025-12-09 08:42:15,311]&nbsp[DEBUG]&nbspDec  9 08:39:32 debian kernel: [    0.013521][    T0] SRAT: PXM 0 -> APIC 0x005d -> Node 0</p><p>[2025-12-09 08:42:15,311]&nbsp[DEBUG]&nbspDec  9 08:39:32 debian kernel: [    0.013521][    T0] SRAT: PXM 0 -> APIC 0x005e -> Node 0</p><p>[2025-12-09 08:42:15,311]&nbsp[DEBUG]&nbspDec  9 08:39:32 debian kernel: [    0.013522][    T0] SRAT: PXM 0 -> APIC 0x005f -> Node 0</p><p>[2025-12-09 08:42:15,311]&nbsp[DEBUG]&nbspDec  9 08:39:32 debian kernel: [    0.013523][    T0] SRAT: PXM 0 -> APIC 0x0060 -> Node 0</p><p>[2025-12-09 08:42:15,311]&nbsp[DEBUG]&nbspDec  9 08:39:32 debian kernel: [    0.013524][    T0] SRAT: PXM 0 -> APIC 0x0061 -> Node 0</p><p>[2025-12-09 08:42:15,311]&nbsp[DEBUG]&nbspDec  9 08:39:32 debian kernel: [    0.013525][    T0] SRAT: PXM 0 -> APIC 0x0062 -> Node 0</p><p>[2025-12-09 08:42:15,311]&nbsp[DEBUG]&nbspDec  9 08:39:32 debian kernel: [    0.013525][    T0] SRAT: PXM 0 -> APIC 0x0063 -> Node 0</p><p>[2025-12-09 08:42:15,311]&nbsp[DEBUG]&nbspDec  9 08:39:32 debian kernel: [    0.013526][    T0] SRAT: PXM 0 -> APIC 0x0064 -> Node 0</p><p>[2025-12-09 08:42:15,311]&nbsp[DEBUG]&nbspDec  9 08:39:32 debian kernel: [    0.013527][    T0] SRAT: PXM 0 -> APIC 0x0065 -> Node 0</p><p>[2025-12-09 08:42:15,311]&nbsp[DEBUG]&nbspDec  9 08:39:32 debian kernel: [    0.013528][    T0] SRAT: PXM 0 -> APIC 0x0066 -> Node 0</p><p>[2025-12-09 08:42:15,311]&nbsp[DEBUG]&nbspDec  9 08:39:32 debian kernel: [    0.013529][    T0] SRAT: PXM 0 -> APIC 0x0067 -> Node 0</p><p>[2025-12-09 08:42:15,311]&nbsp[DEBUG]&nbspDec  9 08:39:32 debian kernel: [    0.013529][    T0] SRAT: PXM 0 -> APIC 0x0068 -> Node 0</p><p>[2025-12-09 08:42:15,311]&nbsp[DEBUG]&nbspDec  9 08:39:32 debian kernel: [    0.013530][    T0] SRAT: PXM 0 -> APIC 0x0069 -> Node 0</p><p>[2025-12-09 08:42:15,311]&nbsp[DEBUG]&nbspDec  9 08:39:32 debian kernel: [    0.013531][    T0] SRAT: PXM 0 -> APIC 0x006a -> Node 0</p><p>[2025-12-09 08:42:15,311]&nbsp[DEBUG]&nbspDec  9 08:39:32 debian kernel: [    0.013532][    T0] SRAT: PXM 0 -> APIC 0x006b -> Node 0</p><p>[2025-12-09 08:42:15,311]&nbsp[DEBUG]&nbspDec  9 08:39:32 debian kernel: [    0.013533][    T0] SRAT: PXM 0 -> APIC 0x006c -> Node 0</p><p>[2025-12-09 08:42:15,311]&nbsp[DEBUG]&nbspDec  9 08:39:32 debian kernel: [    0.013533][    T0] SRAT: PXM 0 -> APIC 0x006d -> Node 0</p><p>[2025-12-09 08:42:15,311]&nbsp[DEBUG]&nbspDec  9 08:39:32 debian kernel: [    0.013534][    T0] SRAT: PXM 0 -> APIC 0x006e -> Node 0</p><p>[2025-12-09 08:42:15,311]&nbsp[DEBUG]&nbspDec  9 08:39:32 debian kernel: [    0.013535][    T0] SRAT: PXM 0 -> APIC 0x006f -> Node 0</p><p>[2025-12-09 08:42:15,311]&nbsp[DEBUG]&nbspDec  9 08:39:32 debian kernel: [    0.013536][    T0] SRAT: PXM 0 -> APIC 0x0070 -> Node 0</p><p>[2025-12-09 08:42:15,311]&nbsp[DEBUG]&nbspDec  9 08:39:32 debian kernel: [    0.013537][    T0] SRAT: PXM 0 -> APIC 0x0071 -> Node 0</p><p>[2025-12-09 08:42:15,311]&nbsp[DEBUG]&nbspDec  9 08:39:32 debian kernel: [    0.013537][    T0] SRAT: PXM 0 -> APIC 0x0072 -> Node 0</p><p>[2025-12-09 08:42:15,311]&nbsp[DEBUG]&nbspDec  9 08:39:32 debian kernel: [    0.013538][    T0] SRAT: PXM 0 -> APIC 0x0073 -> Node 0</p><p>[2025-12-09 08:42:15,311]&nbsp[DEBUG]&nbspDec  9 08:39:32 debian kernel: [    0.013539][    T0] SRAT: PXM 0 -> APIC 0x0074 -> Node 0</p><p>[2025-12-09 08:42:15,311]&nbsp[DEBUG]&nbspDec  9 08:39:32 debian kernel: [    0.013540][    T0] SRAT: PXM 0 -> APIC 0x0075 -> Node 0</p><p>[2025-12-09 08:42:15,311]&nbsp[DEBUG]&nbspDec  9 08:39:32 debian kernel: [    0.013541][    T0] SRAT: PXM 0 -> APIC 0x0076 -> Node 0</p><p>[2025-12-09 08:42:15,311]&nbsp[DEBUG]&nbspDec  9 08:39:32 debian kernel: [    0.013541][    T0] SRAT: PXM 0 -> APIC 0x0077 -> Node 0</p><p>[2025-12-09 08:42:15,311]&nbsp[DEBUG]&nbspDec  9 08:39:32 debian kernel: [    0.013542][    T0] SRAT: PXM 1 -> APIC 0x0080 -> Node 1</p><p>[2025-12-09 08:42:15,311]&nbsp[DEBUG]&nbspDec  9 08:39:32 debian kernel: [    0.013543][    T0] SRAT: PXM 1 -> APIC 0x0081 -> Node 1</p><p>[2025-12-09 08:42:15,311]&nbsp[DEBUG]&nbspDec  9 08:39:32 debian kernel: [    0.013544][    T0] SRAT: PXM 1 -> APIC 0x0082 -> Node 1</p><p>[2025-12-09 08:42:15,311]&nbsp[DEBUG]&nbspDec  9 08:39:32 debian kernel: [    0.013545][    T0] SRAT: PXM 1 -> APIC 0x0083 -> Node 1</p><p>[2025-12-09 08:42:15,311]&nbsp[DEBUG]&nbspDec  9 08:39:32 debian kernel: [    0.013545][    T0] SRAT: PXM 1 -> APIC 0x0084 -> Node 1</p><p>[2025-12-09 08:42:15,311]&nbsp[DEBUG]&nbspDec  9 08:39:32 debian kernel: [    0.013546][    T0] SRAT: PXM 1 -> APIC 0x0085 -> Node 1</p><p>[2025-12-09 08:42:15,311]&nbsp[DEBUG]&nbspDec  9 08:39:32 debian kernel: [    0.013547][    T0] SRAT: PXM 1 -> APIC 0x0086 -> Node 1</p><p>[2025-12-09 08:42:15,311]&nbsp[DEBUG]&nbspDec  9 08:39:32 debian kernel: [    0.013548][    T0] SRAT: PXM 1 -> APIC 0x0087 -> Node 1</p><p>[2025-12-09 08:42:15,311]&nbsp[DEBUG]&nbspDec  9 08:39:32 debian kernel: [    0.013549][    T0] SRAT: PXM 1 -> APIC 0x0088 -> Node 1</p><p>[2025-12-09 08:42:15,311]&nbsp[DEBUG]&nbspDec  9 08:39:32 debian kernel: [    0.013550][    T0] SRAT: PXM 1 -> APIC 0x0089 -> Node 1</p><p>[2025-12-09 08:42:15,311]&nbsp[DEBUG]&nbspDec  9 08:39:32 debian kernel: [    0.013550][    T0] SRAT: PXM 1 -> APIC 0x008a -> Node 1</p><p>[2025-12-09 08:42:15,311]&nbsp[DEBUG]&nbspDec  9 08:39:32 debian kernel: [    0.013551][    T0] SRAT: PXM 1 -> APIC 0x008b -> Node 1</p><p>[2025-12-09 08:42:15,311]&nbsp[DEBUG]&nbspDec  9 08:39:32 debian kernel: [    0.013552][    T0] SRAT: PXM 1 -> APIC 0x008c -> Node 1</p><p>[2025-12-09 08:42:15,311]&nbsp[DEBUG]&nbspDec  9 08:39:32 debian kernel: [    0.013553][    T0] SRAT: PXM 1 -> APIC 0x008d -> Node 1</p><p>[2025-12-09 08:42:15,311]&nbsp[DEBUG]&nbspDec  9 08:39:32 debian kernel: [    0.013554][    T0] SRAT: PXM 1 -> APIC 0x008e -> Node 1</p><p>[2025-12-09 08:42:15,311]&nbsp[DEBUG]&nbspDec  9 08:39:32 debian kernel: [    0.013554][    T0] SRAT: PXM 1 -> APIC 0x008f -> Node 1</p><p>[2025-12-09 08:42:15,311]&nbsp[DEBUG]&nbspDec  9 08:39:32 debian kernel: [    0.013555][    T0] SRAT: PXM 1 -> APIC 0x0090 -> Node 1</p><p>[2025-12-09 08:42:15,311]&nbsp[DEBUG]&nbspDec  9 08:39:32 debian kernel: [    0.013556][    T0] SRAT: PXM 1 -> APIC 0x0091 -> Node 1</p><p>[2025-12-09 08:42:15,311]&nbsp[DEBUG]&nbspDec  9 08:39:32 debian kernel: [    0.013557][    T0] SRAT: PXM 1 -> APIC 0x0092 -> Node 1</p><p>[2025-12-09 08:42:15,311]&nbsp[DEBUG]&nbspDec  9 08:39:32 debian kernel: [    0.013558][    T0] SRAT: PXM 1 -> APIC 0x0093 -> Node 1</p><p>[2025-12-09 08:42:15,312]&nbsp[DEBUG]&nbspDec  9 08:39:32 debian kernel: [    0.013558][    T0] SRAT: PXM 1 -> APIC 0x0094 -> Node 1</p><p>[2025-12-09 08:42:15,312]&nbsp[DEBUG]&nbspDec  9 08:39:32 debian kernel: [    0.013559][    T0] SRAT: PXM 1 -> APIC 0x0095 -> Node 1</p><p>[2025-12-09 08:42:15,312]&nbsp[DEBUG]&nbspDec  9 08:39:32 debian kernel: [    0.013560][    T0] SRAT: PXM 1 -> APIC 0x0096 -> Node 1</p><p>[2025-12-09 08:42:15,312]&nbsp[DEBUG]&nbspDec  9 08:39:32 debian kernel: [    0.013561][    T0] SRAT: PXM 1 -> APIC 0x0097 -> Node 1</p><p>[2025-12-09 08:42:15,312]&nbsp[DEBUG]&nbspDec  9 08:39:32 debian kernel: [    0.013562][    T0] SRAT: PXM 1 -> APIC 0x0098 -> Node 1</p><p>[2025-12-09 08:42:15,312]&nbsp[DEBUG]&nbspDec  9 08:39:32 debian kernel: [    0.013562][    T0] SRAT: PXM 1 -> APIC 0x0099 -> Node 1</p><p>[2025-12-09 08:42:15,312]&nbsp[DEBUG]&nbspDec  9 08:39:32 debian kernel: [    0.013563][    T0] SRAT: PXM 1 -> APIC 0x009a -> Node 1</p><p>[2025-12-09 08:42:15,312]&nbsp[DEBUG]&nbspDec  9 08:39:32 debian kernel: [    0.013564][    T0] SRAT: PXM 1 -> APIC 0x009b -> Node 1</p><p>[2025-12-09 08:42:15,312]&nbsp[DEBUG]&nbspDec  9 08:39:32 debian kernel: [    0.013565][    T0] SRAT: PXM 1 -> APIC 0x009c -> Node 1</p><p>[2025-12-09 08:42:15,312]&nbsp[DEBUG]&nbspDec  9 08:39:32 debian kernel: [    0.013566][    T0] SRAT: PXM 1 -> APIC 0x009d -> Node 1</p><p>[2025-12-09 08:42:15,312]&nbsp[DEBUG]&nbspDec  9 08:39:32 debian kernel: [    0.013566][    T0] SRAT: PXM 1 -> APIC 0x009e -> Node 1</p><p>[2025-12-09 08:42:15,312]&nbsp[DEBUG]&nbspDec  9 08:39:32 debian kernel: [    0.013567][    T0] SRAT: PXM 1 -> APIC 0x009f -> Node 1</p><p>[2025-12-09 08:42:15,312]&nbsp[DEBUG]&nbspDec  9 08:39:32 debian kernel: [    0.013568][    T0] SRAT: PXM 1 -> APIC 0x00a0 -> Node 1</p><p>[2025-12-09 08:42:15,312]&nbsp[DEBUG]&nbspDec  9 08:39:32 debian kernel: [    0.013569][    T0] SRAT: PXM 1 -> APIC 0x00a1 -> Node 1</p><p>[2025-12-09 08:42:15,312]&nbsp[DEBUG]&nbspDec  9 08:39:32 debian kernel: [    0.013570][    T0] SRAT: PXM 1 -> APIC 0x00a2 -> Node 1</p><p>[2025-12-09 08:42:15,312]&nbsp[DEBUG]&nbspDec  9 08:39:32 debian kernel: [    0.013570][    T0] SRAT: PXM 1 -> APIC 0x00a3 -> Node 1</p><p>[2025-12-09 08:42:15,312]&nbsp[DEBUG]&nbspDec  9 08:39:32 debian kernel: [    0.013571][    T0] SRAT: PXM 1 -> APIC 0x00a4 -> Node 1</p><p>[2025-12-09 08:42:15,312]&nbsp[DEBUG]&nbspDec  9 08:39:32 debian kernel: [    0.013572][    T0] SRAT: PXM 1 -> APIC 0x00a5 -> Node 1</p><p>[2025-12-09 08:42:15,312]&nbsp[DEBUG]&nbspDec  9 08:39:32 debian kernel: [    0.013573][    T0] SRAT: PXM 1 -> APIC 0x00a6 -> Node 1</p><p>[2025-12-09 08:42:15,312]&nbsp[DEBUG]&nbspDec  9 08:39:32 debian kernel: [    0.013574][    T0] SRAT: PXM 1 -> APIC 0x00a7 -> Node 1</p><p>[2025-12-09 08:42:15,312]&nbsp[DEBUG]&nbspDec  9 08:39:32 debian kernel: [    0.013574][    T0] SRAT: PXM 1 -> APIC 0x00a8 -> Node 1</p><p>[2025-12-09 08:42:15,312]&nbsp[DEBUG]&nbspDec  9 08:39:32 debian kernel: [    0.013575][    T0] SRAT: PXM 1 -> APIC 0x00a9 -> Node 1</p><p>[2025-12-09 08:42:15,312]&nbsp[DEBUG]&nbspDec  9 08:39:32 debian kernel: [    0.013576][    T0] SRAT: PXM 1 -> APIC 0x00aa -> Node 1</p><p>[2025-12-09 08:42:15,312]&nbsp[DEBUG]&nbspDec  9 08:39:32 debian kernel: [    0.013577][    T0] SRAT: PXM 1 -> APIC 0x00ab -> Node 1</p><p>[2025-12-09 08:42:15,312]&nbsp[DEBUG]&nbspDec  9 08:39:32 debian kernel: [    0.013578][    T0] SRAT: PXM 1 -> APIC 0x00ac -> Node 1</p><p>[2025-12-09 08:42:15,312]&nbsp[DEBUG]&nbspDec  9 08:39:32 debian kernel: [    0.013579][    T0] SRAT: PXM 1 -> APIC 0x00ad -> Node 1</p><p>[2025-12-09 08:42:15,312]&nbsp[DEBUG]&nbspDec  9 08:39:32 debian kernel: [    0.013579][    T0] SRAT: PXM 1 -> APIC 0x00ae -> Node 1</p><p>[2025-12-09 08:42:15,312]&nbsp[DEBUG]&nbspDec  9 08:39:32 debian kernel: [    0.013580][    T0] SRAT: PXM 1 -> APIC 0x00af -> Node 1</p><p>[2025-12-09 08:42:15,312]&nbsp[DEBUG]&nbspDec  9 08:39:32 debian kernel: [    0.013581][    T0] SRAT: PXM 1 -> APIC 0x00b0 -> Node 1</p><p>[2025-12-09 08:42:15,312]&nbsp[DEBUG]&nbspDec  9 08:39:32 debian kernel: [    0.013582][    T0] SRAT: PXM 1 -> APIC 0x00b1 -> Node 1</p><p>[2025-12-09 08:42:15,312]&nbsp[DEBUG]&nbspDec  9 08:39:32 debian kernel: [    0.013583][    T0] SRAT: PXM 1 -> APIC 0x00b2 -> Node 1</p><p>[2025-12-09 08:42:15,312]&nbsp[DEBUG]&nbspDec  9 08:39:32 debian kernel: [    0.013583][    T0] SRAT: PXM 1 -> APIC 0x00b3 -> Node 1</p><p>[2025-12-09 08:42:15,312]&nbsp[DEBUG]&nbspDec  9 08:39:32 debian kernel: [    0.013584][    T0] SRAT: PXM 1 -> APIC 0x00b4 -> Node 1</p><p>[2025-12-09 08:42:15,312]&nbsp[DEBUG]&nbspDec  9 08:39:32 debian kernel: [    0.013585][    T0] SRAT: PXM 1 -> APIC 0x00b5 -> Node 1</p><p>[2025-12-09 08:42:15,312]&nbsp[DEBUG]&nbspDec  9 08:39:32 debian kernel: [    0.013586][    T0] SRAT: PXM 1 -> APIC 0x00b6 -> Node 1</p><p>[2025-12-09 08:42:15,312]&nbsp[DEBUG]&nbspDec  9 08:39:32 debian kernel: [    0.013587][    T0] SRAT: PXM 1 -> APIC 0x00b7 -> Node 1</p><p>[2025-12-09 08:42:15,312]&nbsp[DEBUG]&nbspDec  9 08:39:32 debian kernel: [    0.013587][    T0] SRAT: PXM 1 -> APIC 0x00b8 -> Node 1</p><p>[2025-12-09 08:42:15,312]&nbsp[DEBUG]&nbspDec  9 08:39:32 debian kernel: [    0.013588][    T0] SRAT: PXM 1 -> APIC 0x00b9 -> Node 1</p><p>[2025-12-09 08:42:15,312]&nbsp[DEBUG]&nbspDec  9 08:39:32 debian kernel: [    0.013589][    T0] SRAT: PXM 1 -> APIC 0x00ba -> Node 1</p><p>[2025-12-09 08:42:15,312]&nbsp[DEBUG]&nbspDec  9 08:39:32 debian kernel: [    0.013590][    T0] SRAT: PXM 1 -> APIC 0x00bb -> Node 1</p><p>[2025-12-09 08:42:15,312]&nbsp[DEBUG]&nbspDec  9 08:39:32 debian kernel: [    0.013591][    T0] SRAT: PXM 1 -> APIC 0x00bc -> Node 1</p><p>[2025-12-09 08:42:15,312]&nbsp[DEBUG]&nbspDec  9 08:39:32 debian kernel: [    0.013591][    T0] SRAT: PXM 1 -> APIC 0x00bd -> Node 1</p><p>[2025-12-09 08:42:15,312]&nbsp[DEBUG]&nbspDec  9 08:39:32 debian kernel: [    0.013592][    T0] SRAT: PXM 1 -> APIC 0x00be -> Node 1</p><p>[2025-12-09 08:42:15,312]&nbsp[DEBUG]&nbspDec  9 08:39:32 debian kernel: [    0.013593][    T0] SRAT: PXM 1 -> APIC 0x00bf -> Node 1</p><p>[2025-12-09 08:42:15,312]&nbsp[DEBUG]&nbspDec  9 08:39:32 debian kernel: [    0.013594][    T0] SRAT: PXM 1 -> APIC 0x00c0 -> Node 1</p><p>[2025-12-09 08:42:15,312]&nbsp[DEBUG]&nbspDec  9 08:39:32 debian kernel: [    0.013595][    T0] SRAT: PXM 1 -> APIC 0x00c1 -> Node 1</p><p>[2025-12-09 08:42:15,312]&nbsp[DEBUG]&nbspDec  9 08:39:32 debian kernel: [    0.013595][    T0] SRAT: PXM 1 -> APIC 0x00c2 -> Node 1</p><p>[2025-12-09 08:42:15,312]&nbsp[DEBUG]&nbspDec  9 08:39:32 debian kernel: [    0.013596][    T0] SRAT: PXM 1 -> APIC 0x00c3 -> Node 1</p><p>[2025-12-09 08:42:15,312]&nbsp[DEBUG]&nbspDec  9 08:39:32 debian kernel: [    0.013597][    T0] SRAT: PXM 1 -> APIC 0x00c4 -> Node 1</p><p>[2025-12-09 08:42:15,312]&nbsp[DEBUG]&nbspDec  9 08:39:32 debian kernel: [    0.013598][    T0] SRAT: PXM 1 -> APIC 0x00c5 -> Node 1</p><p>[2025-12-09 08:42:15,312]&nbsp[DEBUG]&nbspDec  9 08:39:32 debian kernel: [    0.013599][    T0] SRAT: PXM 1 -> APIC 0x00c6 -> Node 1</p><p>[2025-12-09 08:42:15,312]&nbsp[DEBUG]&nbspDec  9 08:39:32 debian kernel: [    0.013599][    T0] SRAT: PXM 1 -> APIC 0x00c7 -> Node 1</p><p>[2025-12-09 08:42:15,312]&nbsp[DEBUG]&nbspDec  9 08:39:32 debian kernel: [    0.013600][    T0] SRAT: PXM 1 -> APIC 0x00c8 -> Node 1</p><p>[2025-12-09 08:42:15,312]&nbsp[DEBUG]&nbspDec  9 08:39:32 debian kernel: [    0.013601][    T0] SRAT: PXM 1 -> APIC 0x00c9 -> Node 1</p><p>[2025-12-09 08:42:15,312]&nbsp[DEBUG]&nbspDec  9 08:39:32 debian kernel: [    0.013602][    T0] SRAT: PXM 1 -> APIC 0x00ca -> Node 1</p><p>[2025-12-09 08:42:15,312]&nbsp[DEBUG]&nbspDec  9 08:39:32 debian kernel: [    0.013603][    T0] SRAT: PXM 1 -> APIC 0x00cb -> Node 1</p><p>[2025-12-09 08:42:15,312]&nbsp[DEBUG]&nbspDec  9 08:39:32 debian kernel: [    0.013603][    T0] SRAT: PXM 1 -> APIC 0x00cc -> Node 1</p><p>[2025-12-09 08:42:15,312]&nbsp[DEBUG]&nbspDec  9 08:39:32 debian kernel: [    0.013604][    T0] SRAT: PXM 1 -> APIC 0x00cd -> Node 1</p><p>[2025-12-09 08:42:15,312]&nbsp[DEBUG]&nbspDec  9 08:39:32 debian kernel: [    0.013605][    T0] SRAT: PXM 1 -> APIC 0x00ce -> Node 1</p><p>[2025-12-09 08:42:15,312]&nbsp[DEBUG]&nbspDec  9 08:39:32 debian kernel: [    0.013606][    T0] SRAT: PXM 1 -> APIC 0x00cf -> Node 1</p><p>[2025-12-09 08:42:15,313]&nbsp[DEBUG]&nbspDec  9 08:39:32 debian kernel: [    0.013607][    T0] SRAT: PXM 1 -> APIC 0x00d0 -> Node 1</p><p>[2025-12-09 08:42:15,313]&nbsp[DEBUG]&nbspDec  9 08:39:32 debian kernel: [    0.013607][    T0] SRAT: PXM 1 -> APIC 0x00d1 -> Node 1</p><p>[2025-12-09 08:42:15,313]&nbsp[DEBUG]&nbspDec  9 08:39:32 debian kernel: [    0.013608][    T0] SRAT: PXM 1 -> APIC 0x00d2 -> Node 1</p><p>[2025-12-09 08:42:15,313]&nbsp[DEBUG]&nbspDec  9 08:39:32 debian kernel: [    0.013609][    T0] SRAT: PXM 1 -> APIC 0x00d3 -> Node 1</p><p>[2025-12-09 08:42:15,313]&nbsp[DEBUG]&nbspDec  9 08:39:32 debian kernel: [    0.013610][    T0] SRAT: PXM 1 -> APIC 0x00d4 -> Node 1</p><p>[2025-12-09 08:42:15,313]&nbsp[DEBUG]&nbspDec  9 08:39:32 debian kernel: [    0.013611][    T0] SRAT: PXM 1 -> APIC 0x00d5 -> Node 1</p><p>[2025-12-09 08:42:15,313]&nbsp[DEBUG]&nbspDec  9 08:39:32 debian kernel: [    0.013611][    T0] SRAT: PXM 1 -> APIC 0x00d6 -> Node 1</p><p>[2025-12-09 08:42:15,313]&nbsp[DEBUG]&nbspDec  9 08:39:32 debian kernel: [    0.013612][    T0] SRAT: PXM 1 -> APIC 0x00d7 -> Node 1</p><p>[2025-12-09 08:42:15,313]&nbsp[DEBUG]&nbspDec  9 08:39:32 debian kernel: [    0.013613][    T0] SRAT: PXM 1 -> APIC 0x00d8 -> Node 1</p><p>[2025-12-09 08:42:15,313]&nbsp[DEBUG]&nbspDec  9 08:39:32 debian kernel: [    0.013614][    T0] SRAT: PXM 1 -> APIC 0x00d9 -> Node 1</p><p>[2025-12-09 08:42:15,313]&nbsp[DEBUG]&nbspDec  9 08:39:32 debian kernel: [    0.013615][    T0] SRAT: PXM 1 -> APIC 0x00da -> Node 1</p><p>[2025-12-09 08:42:15,313]&nbsp[DEBUG]&nbspDec  9 08:39:32 debian kernel: [    0.013615][    T0] SRAT: PXM 1 -> APIC 0x00db -> Node 1</p><p>[2025-12-09 08:42:15,313]&nbsp[DEBUG]&nbspDec  9 08:39:32 debian kernel: [    0.013616][    T0] SRAT: PXM 1 -> APIC 0x00dc -> Node 1</p><p>[2025-12-09 08:42:15,313]&nbsp[DEBUG]&nbspDec  9 08:39:32 debian kernel: [    0.013617][    T0] SRAT: PXM 1 -> APIC 0x00dd -> Node 1</p><p>[2025-12-09 08:42:15,313]&nbsp[DEBUG]&nbspDec  9 08:39:32 debian kernel: [    0.013618][    T0] SRAT: PXM 1 -> APIC 0x00de -> Node 1</p><p>[2025-12-09 08:42:15,313]&nbsp[DEBUG]&nbspDec  9 08:39:32 debian kernel: [    0.013619][    T0] SRAT: PXM 1 -> APIC 0x00df -> Node 1</p><p>[2025-12-09 08:42:15,313]&nbsp[DEBUG]&nbspDec  9 08:39:32 debian kernel: [    0.013619][    T0] SRAT: PXM 1 -> APIC 0x00e0 -> Node 1</p><p>[2025-12-09 08:42:15,313]&nbsp[DEBUG]&nbspDec  9 08:39:32 debian kernel: [    0.013620][    T0] SRAT: PXM 1 -> APIC 0x00e1 -> Node 1</p><p>[2025-12-09 08:42:15,313]&nbsp[DEBUG]&nbspDec  9 08:39:32 debian kernel: [    0.013621][    T0] SRAT: PXM 1 -> APIC 0x00e2 -> Node 1</p><p>[2025-12-09 08:42:15,313]&nbsp[DEBUG]&nbspDec  9 08:39:32 debian kernel: [    0.013622][    T0] SRAT: PXM 1 -> APIC 0x00e3 -> Node 1</p><p>[2025-12-09 08:42:15,313]&nbsp[DEBUG]&nbspDec  9 08:39:32 debian kernel: [    0.013623][    T0] SRAT: PXM 1 -> APIC 0x00e4 -> Node 1</p><p>[2025-12-09 08:42:15,313]&nbsp[DEBUG]&nbspDec  9 08:39:32 debian kernel: [    0.013623][    T0] SRAT: PXM 1 -> APIC 0x00e5 -> Node 1</p><p>[2025-12-09 08:42:15,313]&nbsp[DEBUG]&nbspDec  9 08:39:32 debian kernel: [    0.013624][    T0] SRAT: PXM 1 -> APIC 0x00e6 -> Node 1</p><p>[2025-12-09 08:42:15,313]&nbsp[DEBUG]&nbspDec  9 08:39:32 debian kernel: [    0.013625][    T0] SRAT: PXM 1 -> APIC 0x00e7 -> Node 1</p><p>[2025-12-09 08:42:15,313]&nbsp[DEBUG]&nbspDec  9 08:39:32 debian kernel: [    0.013626][    T0] SRAT: PXM 1 -> APIC 0x00e8 -> Node 1</p><p>[2025-12-09 08:42:15,313]&nbsp[DEBUG]&nbspDec  9 08:39:32 debian kernel: [    0.013627][    T0] SRAT: PXM 1 -> APIC 0x00e9 -> Node 1</p><p>[2025-12-09 08:42:15,313]&nbsp[DEBUG]&nbspDec  9 08:39:32 debian kernel: [    0.013627][    T0] SRAT: PXM 1 -> APIC 0x00ea -> Node 1</p><p>[2025-12-09 08:42:15,313]&nbsp[DEBUG]&nbspDec  9 08:39:32 debian kernel: [    0.013628][    T0] SRAT: PXM 1 -> APIC 0x00eb -> Node 1</p><p>[2025-12-09 08:42:15,313]&nbsp[DEBUG]&nbspDec  9 08:39:32 debian kernel: [    0.013629][    T0] SRAT: PXM 1 -> APIC 0x00ec -> Node 1</p><p>[2025-12-09 08:42:15,313]&nbsp[DEBUG]&nbspDec  9 08:39:32 debian kernel: [    0.013630][    T0] SRAT: PXM 1 -> APIC 0x00ed -> Node 1</p><p>[2025-12-09 08:42:15,313]&nbsp[DEBUG]&nbspDec  9 08:39:32 debian kernel: [    0.013631][    T0] SRAT: PXM 1 -> APIC 0x00ee -> Node 1</p><p>[2025-12-09 08:42:15,313]&nbsp[DEBUG]&nbspDec  9 08:39:32 debian kernel: [    0.013631][    T0] SRAT: PXM 1 -> APIC 0x00ef -> Node 1</p><p>[2025-12-09 08:42:15,313]&nbsp[DEBUG]&nbspDec  9 08:39:32 debian kernel: [    0.013632][    T0] SRAT: PXM 1 -> APIC 0x00f0 -> Node 1</p><p>[2025-12-09 08:42:15,313]&nbsp[DEBUG]&nbspDec  9 08:39:32 debian kernel: [    0.013633][    T0] SRAT: PXM 1 -> APIC 0x00f1 -> Node 1</p><p>[2025-12-09 08:42:15,313]&nbsp[DEBUG]&nbspDec  9 08:39:32 debian kernel: [    0.013634][    T0] SRAT: PXM 1 -> APIC 0x00f2 -> Node 1</p><p>[2025-12-09 08:42:15,313]&nbsp[DEBUG]&nbspDec  9 08:39:32 debian kernel: [    0.013635][    T0] SRAT: PXM 1 -> APIC 0x00f3 -> Node 1</p><p>[2025-12-09 08:42:15,313]&nbsp[DEBUG]&nbspDec  9 08:39:32 debian kernel: [    0.013635][    T0] SRAT: PXM 1 -> APIC 0x00f4 -> Node 1</p><p>[2025-12-09 08:42:15,313]&nbsp[DEBUG]&nbspDec  9 08:39:32 debian kernel: [    0.013636][    T0] SRAT: PXM 1 -> APIC 0x00f5 -> Node 1</p><p>[2025-12-09 08:42:15,313]&nbsp[DEBUG]&nbspDec  9 08:39:32 debian kernel: [    0.013637][    T0] SRAT: PXM 1 -> APIC 0x00f6 -> Node 1</p><p>[2025-12-09 08:42:15,313]&nbsp[DEBUG]&nbspDec  9 08:39:32 debian kernel: [    0.013638][    T0] SRAT: PXM 1 -> APIC 0x00f7 -> Node 1</p><p>[2025-12-09 08:42:15,313]&nbsp[DEBUG]&nbspDec  9 08:39:32 debian kernel: [    0.013649][    T0] ACPI: SRAT: Node 0 PXM 0 [mem 0x00000000-0x7fffffff]</p><p>[2025-12-09 08:42:15,313]&nbsp[DEBUG]&nbspDec  9 08:39:32 debian kernel: [    0.013650][    T0] ACPI: SRAT: Node 0 PXM 0 [mem 0x100000000-0x1007fffffff]</p><p>[2025-12-09 08:42:15,313]&nbsp[DEBUG]&nbspDec  9 08:39:32 debian kernel: [    0.013651][    T0] ACPI: SRAT: Node 1 PXM 1 [mem 0x10080000000-0x2007fffffff]</p><p>[2025-12-09 08:42:15,313]&nbsp[DEBUG]&nbspDec  9 08:39:32 debian kernel: [    0.013663][    T0] NUMA: Node 0 [mem 0x00000000-0x7fffffff] + [mem 0x100000000-0x1007fffffff] -> [mem 0x00000000-0x1007fffffff]</p><p>[2025-12-09 08:42:15,313]&nbsp[DEBUG]&nbspDec  9 08:39:32 debian kernel: [    0.013668][    T0] NODE_DATA(0) allocated [mem 0x1007fffb000-0x1007fffffff]</p><p>[2025-12-09 08:42:15,313]&nbsp[DEBUG]&nbspDec  9 08:39:32 debian kernel: [    0.013672][    T0] NODE_DATA(1) allocated [mem 0x2007fff7000-0x2007fffbfff]</p><p>[2025-12-09 08:42:15,313]&nbsp[DEBUG]&nbspDec  9 08:39:32 debian kernel: [    0.015717][    T0] Zone ranges:</p><p>[2025-12-09 08:42:15,313]&nbsp[DEBUG]&nbspDec  9 08:39:32 debian kernel: [    0.015718][    T0]   DMA      [mem 0x0000000000001000-0x0000000000ffffff]</p><p>[2025-12-09 08:42:15,313]&nbsp[DEBUG]&nbspDec  9 08:39:32 debian kernel: [    0.015719][    T0]   DMA32    [mem 0x0000000001000000-0x00000000ffffffff]</p><p>[2025-12-09 08:42:15,313]&nbsp[DEBUG]&nbspDec  9 08:39:32 debian kernel: [    0.015721][    T0]   Normal   [mem 0x0000000100000000-0x000002007fffffff]</p><p>[2025-12-09 08:42:15,313]&nbsp[DEBUG]&nbspDec  9 08:39:32 debian kernel: [    0.015722][    T0]   Device   empty</p><p>[2025-12-09 08:42:15,313]&nbsp[DEBUG]&nbspDec  9 08:39:32 debian kernel: [    0.015724][    T0] Movable zone start for each node</p><p>[2025-12-09 08:42:15,313]&nbsp[DEBUG]&nbspDec  9 08:39:32 debian kernel: [    0.015725][    T0] Early memory node ranges</p><p>[2025-12-09 08:42:15,313]&nbsp[DEBUG]&nbspDec  9 08:39:32 debian kernel: [    0.015726][    T0]   node   0: [mem 0x0000000000001000-0x000000000009dfff]</p><p>[2025-12-09 08:42:15,313]&nbsp[DEBUG]&nbspDec  9 08:39:32 debian kernel: [    0.015727][    T0]   node   0: [mem 0x000000000009f000-0x000000000009ffff]</p><p>[2025-12-09 08:42:15,313]&nbsp[DEBUG]&nbspDec  9 08:39:32 debian kernel: [    0.015728][    T0]   node   0: [mem 0x0000000000100000-0x000000006b30afff]</p><p>[2025-12-09 08:42:15,313]&nbsp[DEBUG]&nbspDec  9 08:39:32 debian kernel: [    0.015729][    T0]   node   0: [mem 0x00000000777ff000-0x00000000777fffff]</p><p>[2025-12-09 08:42:15,313]&nbsp[DEBUG]&nbspDec  9 08:39:32 debian kernel: [    0.015730][    T0]   node   0: [mem 0x0000000100000000-0x000001007fffffff]</p><p>[2025-12-09 08:42:15,313]&nbsp[DEBUG]&nbspDec  9 08:39:32 debian kernel: [    0.015770][    T0]   node   1: [mem 0x0000010080000000-0x000002007fffffff]</p><p>[2025-12-09 08:42:15,313]&nbsp[DEBUG]&nbspDec  9 08:39:32 debian kernel: [    0.015809][    T0] Initmem setup node 0 [mem 0x0000000000001000-0x000001007fffffff]</p><p>[2025-12-09 08:42:15,313]&nbsp[DEBUG]&nbspDec  9 08:39:32 debian kernel: [    0.015817][    T0] Initmem setup node 1 [mem 0x0000010080000000-0x000002007fffffff]</p><p>[2025-12-09 08:42:15,314]&nbsp[DEBUG]&nbspDec  9 08:39:32 debian kernel: [    0.015822][    T0] On node 0, zone DMA: 1 pages in unavailable ranges</p><p>[2025-12-09 08:42:15,314]&nbsp[DEBUG]&nbspDec  9 08:39:32 debian kernel: [    0.015823][    T0] On node 0, zone DMA: 1 pages in unavailable ranges</p><p>[2025-12-09 08:42:15,314]&nbsp[DEBUG]&nbspDec  9 08:39:32 debian kernel: [    0.015852][    T0] On node 0, zone DMA: 96 pages in unavailable ranges</p><p>[2025-12-09 08:42:15,314]&nbsp[DEBUG]&nbspDec  9 08:39:32 debian kernel: [    0.019563][    T0] On node 0, zone DMA32: 50420 pages in unavailable ranges</p><p>[2025-12-09 08:42:15,314]&nbsp[DEBUG]&nbspDec  9 08:39:32 debian kernel: [    2.055419][    T0] On node 0, zone Normal: 2048 pages in unavailable ranges</p><p>[2025-12-09 08:42:15,314]&nbsp[DEBUG]&nbspDec  9 08:39:32 debian kernel: [    4.739778][    T0] ACPI: PM-Timer IO Port: 0x508</p><p>[2025-12-09 08:42:15,314]&nbsp[DEBUG]&nbspDec  9 08:39:32 debian kernel: [    4.739811][    T0] ACPI: X2APIC_NMI (uid[0xffffffff] high edge lint[0x1])</p><p>[2025-12-09 08:42:15,314]&nbsp[DEBUG]&nbspDec  9 08:39:32 debian kernel: [    4.739814][    T0] ACPI: LAPIC_NMI (acpi_id[0xff] high edge lint[0x1])</p><p>[2025-12-09 08:42:15,314]&nbsp[DEBUG]&nbspDec  9 08:39:32 debian kernel: [    4.739833][    T0] IOAPIC[0]: apic_id 8, version 32, address 0xfec00000, GSI 0-23</p><p>[2025-12-09 08:42:15,314]&nbsp[DEBUG]&nbspDec  9 08:39:32 debian kernel: [    4.739836][    T0] ACPI: INT_SRC_OVR (bus 0 bus_irq 0 global_irq 2 dfl dfl)</p><p>[2025-12-09 08:42:15,314]&nbsp[DEBUG]&nbspDec  9 08:39:32 debian kernel: [    4.739837][    T0] ACPI: INT_SRC_OVR (bus 0 bus_irq 9 global_irq 9 high level)</p><p>[2025-12-09 08:42:15,314]&nbsp[DEBUG]&nbspDec  9 08:39:32 debian kernel: [    4.739843][    T0] Using ACPI (MADT) for SMP configuration information</p><p>[2025-12-09 08:42:15,314]&nbsp[DEBUG]&nbspDec  9 08:39:32 debian kernel: [    4.739844][    T0] ACPI: HPET id: 0x8086a701 base: 0xfed00000</p><p>[2025-12-09 08:42:15,314]&nbsp[DEBUG]&nbspDec  9 08:39:32 debian kernel: [    4.739848][    T0] ACPI: SPCR: console: uart,io,0x3f8,115200</p><p>[2025-12-09 08:42:15,314]&nbsp[DEBUG]&nbspDec  9 08:39:32 debian kernel: [    4.739849][    T0] TSC deadline timer available</p><p>[2025-12-09 08:42:15,314]&nbsp[DEBUG]&nbspDec  9 08:39:32 debian kernel: [    4.739851][    T0] smpboot: Allowing 240 CPUs, 0 hotplug CPUs</p><p>[2025-12-09 08:42:15,314]&nbsp[DEBUG]&nbspDec  9 08:39:32 debian kernel: [    4.739874][    T0] PM: hibernation: Registered nosave memory: [mem 0x00000000-0x00000fff]</p><p>[2025-12-09 08:42:15,314]&nbsp[DEBUG]&nbspDec  9 08:39:32 debian kernel: [    4.739876][    T0] PM: hibernation: Registered nosave memory: [mem 0x0009e000-0x0009efff]</p><p>[2025-12-09 08:42:15,314]&nbsp[DEBUG]&nbspDec  9 08:39:32 debian kernel: [    4.739877][    T0] PM: hibernation: Registered nosave memory: [mem 0x000a0000-0x000fffff]</p><p>[2025-12-09 08:42:15,314]&nbsp[DEBUG]&nbspDec  9 08:39:32 debian kernel: [    4.739883][    T0] PM: hibernation: Registered nosave memory: [mem 0x60757000-0x60757fff]</p><p>[2025-12-09 08:42:15,314]&nbsp[DEBUG]&nbspDec  9 08:39:32 debian kernel: [    4.739885][    T0] PM: hibernation: Registered nosave memory: [mem 0x607b4000-0x607b4fff]</p><p>[2025-12-09 08:42:15,314]&nbsp[DEBUG]&nbspDec  9 08:39:32 debian kernel: [    4.739887][    T0] PM: hibernation: Registered nosave memory: [mem 0x60813000-0x60813fff]</p><p>[2025-12-09 08:42:15,314]&nbsp[DEBUG]&nbspDec  9 08:39:32 debian kernel: [    4.739888][    T0] PM: hibernation: Registered nosave memory: [mem 0x60870000-0x60870fff]</p><p>[2025-12-09 08:42:15,314]&nbsp[DEBUG]&nbspDec  9 08:39:32 debian kernel: [    4.739890][    T0] PM: hibernation: Registered nosave memory: [mem 0x608d2000-0x608d2fff]</p><p>[2025-12-09 08:42:15,314]&nbsp[DEBUG]&nbspDec  9 08:39:32 debian kernel: [    4.739892][    T0] PM: hibernation: Registered nosave memory: [mem 0x608de000-0x608defff]</p><p>[2025-12-09 08:42:15,314]&nbsp[DEBUG]&nbspDec  9 08:39:32 debian kernel: [    4.739893][    T0] PM: hibernation: Registered nosave memory: [mem 0x608df000-0x608dffff]</p><p>[2025-12-09 08:42:15,314]&nbsp[DEBUG]&nbspDec  9 08:39:32 debian kernel: [    4.739895][    T0] PM: hibernation: Registered nosave memory: [mem 0x608eb000-0x608ebfff]</p><p>[2025-12-09 08:42:15,314]&nbsp[DEBUG]&nbspDec  9 08:39:32 debian kernel: [    4.739897][    T0] PM: hibernation: Registered nosave memory: [mem 0x61100000-0x61100fff]</p><p>[2025-12-09 08:42:15,314]&nbsp[DEBUG]&nbspDec  9 08:39:32 debian kernel: [    4.739899][    T0] PM: hibernation: Registered nosave memory: [mem 0x6112e000-0x6112efff]</p><p>[2025-12-09 08:42:15,314]&nbsp[DEBUG]&nbspDec  9 08:39:32 debian kernel: [    4.739901][    T0] PM: hibernation: Registered nosave memory: [mem 0x61136000-0x61136fff]</p><p>[2025-12-09 08:42:15,314]&nbsp[DEBUG]&nbspDec  9 08:39:32 debian kernel: [    4.739902][    T0] PM: hibernation: Registered nosave memory: [mem 0x6b30b000-0x6d40afff]</p><p>[2025-12-09 08:42:15,314]&nbsp[DEBUG]&nbspDec  9 08:39:32 debian kernel: [    4.739903][    T0] PM: hibernation: Registered nosave memory: [mem 0x6d40b000-0x6dd0afff]</p><p>[2025-12-09 08:42:15,314]&nbsp[DEBUG]&nbspDec  9 08:39:32 debian kernel: [    4.739904][    T0] PM: hibernation: Registered nosave memory: [mem 0x6dd0b000-0x711e2fff]</p><p>[2025-12-09 08:42:15,314]&nbsp[DEBUG]&nbspDec  9 08:39:32 debian kernel: [    4.739905][    T0] PM: hibernation: Registered nosave memory: [mem 0x711e3000-0x777fefff]</p><p>[2025-12-09 08:42:15,314]&nbsp[DEBUG]&nbspDec  9 08:39:32 debian kernel: [    4.739907][    T0] PM: hibernation: Registered nosave memory: [mem 0x77800000-0x8fffffff]</p><p>[2025-12-09 08:42:15,314]&nbsp[DEBUG]&nbspDec  9 08:39:32 debian kernel: [    4.739908][    T0] PM: hibernation: Registered nosave memory: [mem 0x90000000-0xfe00ffff]</p><p>[2025-12-09 08:42:15,314]&nbsp[DEBUG]&nbspDec  9 08:39:32 debian kernel: [    4.739909][    T0] PM: hibernation: Registered nosave memory: [mem 0xfe010000-0xfe010fff]</p><p>[2025-12-09 08:42:15,314]&nbsp[DEBUG]&nbspDec  9 08:39:32 debian kernel: [    4.739909][    T0] PM: hibernation: Registered nosave memory: [mem 0xfe011000-0xfeffffff]</p><p>[2025-12-09 08:42:15,314]&nbsp[DEBUG]&nbspDec  9 08:39:32 debian kernel: [    4.739910][    T0] PM: hibernation: Registered nosave memory: [mem 0xff000000-0xffffffff]</p><p>[2025-12-09 08:42:15,314]&nbsp[DEBUG]&nbspDec  9 08:39:32 debian kernel: [    4.739912][    T0] [mem 0x90000000-0xfe00ffff] available for PCI devices</p><p>[2025-12-09 08:42:15,314]&nbsp[DEBUG]&nbspDec  9 08:39:32 debian kernel: [    4.739914][    T0] Booting paravirtualized kernel on bare hardware</p><p>[2025-12-09 08:42:15,314]&nbsp[DEBUG]&nbspDec  9 08:39:32 debian kernel: [    4.739916][    T0] clocksource: refined-jiffies: mask: 0xffffffff max_cycles: 0xffffffff, max_idle_ns: 1910969940391419 ns</p><p>[2025-12-09 08:42:15,314]&nbsp[DEBUG]&nbspDec  9 08:39:32 debian kernel: [    4.743762][    T0] setup_percpu: NR_CPUS:512 nr_cpumask_bits:512 nr_cpu_ids:240 nr_node_ids:2</p><p>[2025-12-09 08:42:15,314]&nbsp[DEBUG]&nbspDec  9 08:39:32 debian kernel: [    4.755168][    T0] percpu: Embedded 59 pages/cpu s201432 r8192 d32040 u262144</p><p>[2025-12-09 08:42:15,314]&nbsp[DEBUG]&nbspDec  9 08:39:32 debian kernel: [    4.755336][    T0] Built 2 zonelists, mobility grouping on.  Total pages: 528398276</p><p>[2025-12-09 08:42:15,314]&nbsp[DEBUG]&nbspDec  9 08:39:32 debian kernel: [    4.755338][    T0] Policy zone: Normal</p><p>[2025-12-09 08:42:15,314]&nbsp[DEBUG]&nbspDec  9 08:39:32 debian kernel: [    4.755339][    T0] Kernel command line: BOOT_IMAGE=/ys/vmlinuz-5.10.135.bsk.business.1-amd64 dhcp vga=791 boot=live fetch=http://192.168.64.200/yichun_20250922.squashfs net.ifnames=0 biosdevname=0 msr.allow_writes=on console=ttyS0,115200n8r</p><p>[2025-12-09 08:42:15,314]&nbsp[DEBUG]&nbspDec  9 08:39:32 debian kernel: [    4.755435][    T0] printk: log_buf_len individual max cpu contribution: 4096 bytes</p><p>[2025-12-09 08:42:15,314]&nbsp[DEBUG]&nbspDec  9 08:39:32 debian kernel: [    4.755436][    T0] printk: log_buf_len total cpu_extra contributions: 978944 bytes</p><p>[2025-12-09 08:42:15,314]&nbsp[DEBUG]&nbspDec  9 08:39:32 debian kernel: [    4.755437][    T0] printk: log_buf_len min size: 131072 bytes</p><p>[2025-12-09 08:42:15,314]&nbsp[DEBUG]&nbspDec  9 08:39:32 debian kernel: [    4.757453][    T0] printk: log_buf_len: 2097152 bytes</p><p>[2025-12-09 08:42:15,314]&nbsp[DEBUG]&nbspDec  9 08:39:32 debian kernel: [    4.757455][    T0] printk: early log buf free: 99488(75%)</p><p>[2025-12-09 08:42:15,314]&nbsp[DEBUG]&nbspDec  9 08:39:32 debian kernel: [    4.762010][    T0] mem auto-init: stack:off, heap alloc:off, heap free:off</p><p>[2025-12-09 08:42:15,314]&nbsp[DEBUG]&nbspDec  9 08:39:32 debian kernel: [    8.871593][    T0] Memory: 2113210580K/2147142312K available (12295K kernel code, 1764K rwdata, 7292K rodata, 1680K init, 9484K bss, 33931472K reserved, 0K cma-reserved)</p><p>[2025-12-09 08:42:15,314]&nbsp[DEBUG]&nbspDec  9 08:39:32 debian kernel: [    8.875281][    T0] SLUB: HWalign=64, Order=0-3, MinObjects=0, CPUs=240, Nodes=2</p><p>[2025-12-09 08:42:15,314]&nbsp[DEBUG]&nbspDec  9 08:39:32 debian kernel: [    8.875396][    T0] ftrace: allocating 35718 entries in 140 pages</p><p>[2025-12-09 08:42:15,314]&nbsp[DEBUG]&nbspDec  9 08:39:32 debian kernel: [    8.885106][    T0] ftrace: allocated 140 pages with 3 groups</p><p>[2025-12-09 08:42:15,314]&nbsp[DEBUG]&nbspDec  9 08:39:32 debian kernel: [    8.886595][    T0] rcu: Hierarchical RCU implementation.</p><p>[2025-12-09 08:42:15,314]&nbsp[DEBUG]&nbspDec  9 08:39:32 debian kernel: [    8.886596][    T0] rcu: 	RCU restricting CPUs from NR_CPUS=512 to nr_cpu_ids=240.</p><p>[2025-12-09 08:42:15,314]&nbsp[DEBUG]&nbspDec  9 08:39:32 debian kernel: [    8.886598][    T0] 	Rude variant of Tasks RCU enabled.</p><p>[2025-12-09 08:42:15,315]&nbsp[DEBUG]&nbspDec  9 08:39:32 debian kernel: [    8.886599][    T0] 	Tracing variant of Tasks RCU enabled.</p><p>[2025-12-09 08:42:15,315]&nbsp[DEBUG]&nbspDec  9 08:39:32 debian kernel: [    8.886600][    T0] rcu: RCU calculated value of scheduler-enlistment delay is 100 jiffies.</p><p>[2025-12-09 08:42:15,315]&nbsp[DEBUG]&nbspDec  9 08:39:32 debian kernel: [    8.886601][    T0] rcu: Adjusting geometry for rcu_fanout_leaf=16, nr_cpu_ids=240</p><p>[2025-12-09 08:42:15,315]&nbsp[DEBUG]&nbspDec  9 08:39:32 debian kernel: [    8.890005][    T0] NR_IRQS: 33024, nr_irqs: 2344, preallocated irqs: 16</p><p>[2025-12-09 08:42:15,315]&nbsp[DEBUG]&nbspDec  9 08:39:32 debian kernel: [    8.890494][    T0] rcu: 	Offload RCU callbacks from CPUs: (none).</p><p>[2025-12-09 08:42:15,315]&nbsp[DEBUG]&nbspDec  9 08:39:32 debian kernel: [    8.890884][    T0] Console: colour dummy device 80x25</p><p>[2025-12-09 08:42:15,315]&nbsp[DEBUG]&nbspDec  9 08:39:32 debian kernel: [   12.326935][    T0] printk: console [ttyS0] enabled</p><p>[2025-12-09 08:42:15,315]&nbsp[DEBUG]&nbspDec  9 08:39:32 debian kernel: [   12.332809][    T0] mempolicy: Enabling automatic NUMA balancing. Configure with numa_balancing= or the kernel.numa_balancing sysctl</p><p>[2025-12-09 08:42:15,315]&nbsp[DEBUG]&nbspDec  9 08:39:32 debian kernel: [   12.346208][    T0] ACPI: Core revision 20200925</p><p>[2025-12-09 08:42:15,315]&nbsp[DEBUG]&nbspDec  9 08:39:32 debian kernel: [   12.353640][    T0] clocksource: hpet: mask: 0xffffffff max_cycles: 0xffffffff, max_idle_ns: 76450417870 ns</p><p>[2025-12-09 08:42:15,315]&nbsp[DEBUG]&nbspDec  9 08:39:32 debian kernel: [   12.364646][    T0] APIC: Switch to symmetric I/O mode setup</p><p>[2025-12-09 08:42:15,315]&nbsp[DEBUG]&nbspDec  9 08:39:32 debian kernel: [   12.371029][    T0] DMAR: Host address width 52</p><p>[2025-12-09 08:42:15,315]&nbsp[DEBUG]&nbspDec  9 08:39:32 debian kernel: [   12.376153][    T0] DMAR: DRHD base: 0x000000d97fc000 flags: 0x0</p><p>[2025-12-09 08:42:15,315]&nbsp[DEBUG]&nbspDec  9 08:39:32 debian kernel: [   12.382938][    T0] DMAR: dmar0: reg_base_addr d97fc000 ver 6:0 cap 19ed008c40780c66 ecap 3ef9e86f050df</p><p>[2025-12-09 08:42:15,315]&nbsp[DEBUG]&nbspDec  9 08:39:32 debian kernel: [   12.393523][    T0] DMAR: DRHD base: 0x000000e17fc000 flags: 0x0</p><p>[2025-12-09 08:42:15,315]&nbsp[DEBUG]&nbspDec  9 08:39:32 debian kernel: [   12.400311][    T0] DMAR: dmar1: reg_base_addr e17fc000 ver 6:0 cap 19ed008c40780c66 ecap 3ef9e86f050df</p><p>[2025-12-09 08:42:15,315]&nbsp[DEBUG]&nbspDec  9 08:39:32 debian kernel: [   12.410896][    T0] DMAR: DRHD base: 0x000000e97fc000 flags: 0x0</p><p>[2025-12-09 08:42:15,315]&nbsp[DEBUG]&nbspDec  9 08:39:32 debian kernel: [   12.417682][    T0] DMAR: dmar2: reg_base_addr e97fc000 ver 6:0 cap 19ed008c40780c66 ecap 3ef9e86f050df</p><p>[2025-12-09 08:42:15,315]&nbsp[DEBUG]&nbspDec  9 08:39:32 debian kernel: [   12.428267][    T0] DMAR: DRHD base: 0x000000f17fc000 flags: 0x0</p><p>[2025-12-09 08:42:15,315]&nbsp[DEBUG]&nbspDec  9 08:39:32 debian kernel: [   12.435049][    T0] DMAR: dmar3: reg_base_addr f17fc000 ver 6:0 cap 19ed008c40780c66 ecap 3ef9e86f050df</p><p>[2025-12-09 08:42:15,315]&nbsp[DEBUG]&nbspDec  9 08:39:32 debian kernel: [   12.445646][    T0] DMAR: DRHD base: 0x000000f97fc000 flags: 0x0</p><p>[2025-12-09 08:42:15,315]&nbsp[DEBUG]&nbspDec  9 08:39:32 debian kernel: [   12.452429][    T0] DMAR: dmar4: reg_base_addr f97fc000 ver 6:0 cap 19ed008c40780c66 ecap 3ef9e86f050df</p><p>[2025-12-09 08:42:15,315]&nbsp[DEBUG]&nbspDec  9 08:39:32 debian kernel: [   12.463015][    T0] DMAR: DRHD base: 0x000000d13fc000 flags: 0x0</p><p>[2025-12-09 08:42:15,315]&nbsp[DEBUG]&nbspDec  9 08:39:32 debian kernel: [   12.469799][    T0] DMAR: dmar5: reg_base_addr d13fc000 ver 6:0 cap 19ed008c40780c66 ecap 3ef9e86f050df</p><p>[2025-12-09 08:42:15,315]&nbsp[DEBUG]&nbspDec  9 08:39:32 debian kernel: [   12.480384][    T0] DMAR: DRHD base: 0x000000f9ffc000 flags: 0x0</p><p>[2025-12-09 08:42:15,315]&nbsp[DEBUG]&nbspDec  9 08:39:32 debian kernel: [   12.487170][    T0] DMAR: dmar6: reg_base_addr f9ffc000 ver 6:0 cap 19ed008c40780c66 ecap 3ef9ea6f050df</p><p>[2025-12-09 08:42:15,315]&nbsp[DEBUG]&nbspDec  9 08:39:32 debian kernel: [   12.497755][    T0] DMAR: DRHD base: 0x000000fa7fc000 flags: 0x0</p><p>[2025-12-09 08:42:15,315]&nbsp[DEBUG]&nbspDec  9 08:39:32 debian kernel: [   12.504537][    T0] DMAR: dmar7: reg_base_addr fa7fc000 ver 6:0 cap 19ed008c40780c66 ecap 3ef9ea6f050df</p><p>[2025-12-09 08:42:15,315]&nbsp[DEBUG]&nbspDec  9 08:39:32 debian kernel: [   12.515120][    T0] DMAR: DRHD base: 0x000000faffc000 flags: 0x0</p><p>[2025-12-09 08:42:15,315]&nbsp[DEBUG]&nbspDec  9 08:39:32 debian kernel: [   12.521902][    T0] DMAR: dmar8: reg_base_addr faffc000 ver 6:0 cap 19ed008c40780c66 ecap 3ef9ea6f050df</p><p>[2025-12-09 08:42:15,315]&nbsp[DEBUG]&nbspDec  9 08:39:32 debian kernel: [   12.532484][    T0] DMAR: DRHD base: 0x000000fb7fc000 flags: 0x0</p><p>[2025-12-09 08:42:15,315]&nbsp[DEBUG]&nbspDec  9 08:39:32 debian kernel: [   12.539266][    T0] DMAR: dmar9: reg_base_addr fb7fc000 ver 6:0 cap 19ed008c40780c66 ecap 3ef9ea6f050df</p><p>[2025-12-09 08:42:15,315]&nbsp[DEBUG]&nbspDec  9 08:39:32 debian kernel: [   12.549848][    T0] DMAR: DRHD base: 0x0000009f7fc000 flags: 0x0</p><p>[2025-12-09 08:42:15,315]&nbsp[DEBUG]&nbspDec  9 08:39:32 debian kernel: [   12.556633][    T0] DMAR: dmar10: reg_base_addr 9f7fc000 ver 6:0 cap 19ed008c40780c66 ecap 3ef9e86f050df</p><p>[2025-12-09 08:42:15,315]&nbsp[DEBUG]&nbspDec  9 08:39:32 debian kernel: [   12.567317][    T0] DMAR: DRHD base: 0x000000a93fc000 flags: 0x0</p><p>[2025-12-09 08:42:15,315]&nbsp[DEBUG]&nbspDec  9 08:39:32 debian kernel: [   12.574101][    T0] DMAR: dmar11: reg_base_addr a93fc000 ver 6:0 cap 19ed008c40780c66 ecap 3ef9e86f050df</p><p>[2025-12-09 08:42:15,315]&nbsp[DEBUG]&nbspDec  9 08:39:32 debian kernel: [   12.584785][    T0] DMAR: DRHD base: 0x000000b2ffc000 flags: 0x0</p><p>[2025-12-09 08:42:15,315]&nbsp[DEBUG]&nbspDec  9 08:39:32 debian kernel: [   12.591567][    T0] DMAR: dmar12: reg_base_addr b2ffc000 ver 6:0 cap 19ed008c40780c66 ecap 3ef9e86f050df</p><p>[2025-12-09 08:42:15,315]&nbsp[DEBUG]&nbspDec  9 08:39:32 debian kernel: [   12.602253][    T0] DMAR: DRHD base: 0x000000bcbfc000 flags: 0x0</p><p>[2025-12-09 08:42:15,315]&nbsp[DEBUG]&nbspDec  9 08:39:32 debian kernel: [   12.609037][    T0] DMAR: dmar13: reg_base_addr bcbfc000 ver 6:0 cap 19ed008c40780c66 ecap 3ef9e86f050df</p><p>[2025-12-09 08:42:15,315]&nbsp[DEBUG]&nbspDec  9 08:39:32 debian kernel: [   12.619722][    T0] DMAR: DRHD base: 0x000000c67fc000 flags: 0x0</p><p>[2025-12-09 08:42:15,315]&nbsp[DEBUG]&nbspDec  9 08:39:32 debian kernel: [   12.626505][    T0] DMAR: dmar14: reg_base_addr c67fc000 ver 6:0 cap 19ed008c40780c66 ecap 3ef9e86f050df</p><p>[2025-12-09 08:42:15,315]&nbsp[DEBUG]&nbspDec  9 08:39:32 debian kernel: [   12.637187][    T0] DMAR: DRHD base: 0x000000c6ffc000 flags: 0x0</p><p>[2025-12-09 08:42:15,315]&nbsp[DEBUG]&nbspDec  9 08:39:32 debian kernel: [   12.643969][    T0] DMAR: dmar15: reg_base_addr c6ffc000 ver 6:0 cap 19ed008c40780c66 ecap 3ef9ea6f050df</p><p>[2025-12-09 08:42:15,315]&nbsp[DEBUG]&nbspDec  9 08:39:32 debian kernel: [   12.654654][    T0] DMAR: DRHD base: 0x000000c77fc000 flags: 0x0</p><p>[2025-12-09 08:42:15,315]&nbsp[DEBUG]&nbspDec  9 08:39:32 debian kernel: [   12.661436][    T0] DMAR: dmar16: reg_base_addr c77fc000 ver 6:0 cap 19ed008c40780c66 ecap 3ef9ea6f050df</p><p>[2025-12-09 08:42:15,315]&nbsp[DEBUG]&nbspDec  9 08:39:32 debian kernel: [   12.672119][    T0] DMAR: DRHD base: 0x000000c7ffc000 flags: 0x0</p><p>[2025-12-09 08:42:15,315]&nbsp[DEBUG]&nbspDec  9 08:39:32 debian kernel: [   12.678903][    T0] DMAR: dmar17: reg_base_addr c7ffc000 ver 6:0 cap 19ed008c40780c66 ecap 3ef9ea6f050df</p><p>[2025-12-09 08:42:15,315]&nbsp[DEBUG]&nbspDec  9 08:39:32 debian kernel: [   12.689588][    T0] DMAR: DRHD base: 0x000000c87fc000 flags: 0x0</p><p>[2025-12-09 08:42:15,315]&nbsp[DEBUG]&nbspDec  9 08:39:32 debian kernel: [   12.696372][    T0] DMAR: dmar18: reg_base_addr c87fc000 ver 6:0 cap 19ed008c40780c66 ecap 3ef9ea6f050df</p><p>[2025-12-09 08:42:15,315]&nbsp[DEBUG]&nbspDec  9 08:39:32 debian kernel: [   12.707056][    T0] DMAR: DRHD base: 0x000000957fc000 flags: 0x1</p><p>[2025-12-09 08:42:15,315]&nbsp[DEBUG]&nbspDec  9 08:39:32 debian kernel: [   12.713838][    T0] DMAR: dmar19: reg_base_addr 957fc000 ver 6:0 cap 19ed008c40780c66 ecap 3ef9e86f050df</p><p>[2025-12-09 08:42:15,315]&nbsp[DEBUG]&nbspDec  9 08:39:32 debian kernel: [   12.724521][    T0] DMAR: RMRR base: 0x00000077219000 end: 0x0000007723bfff</p><p>[2025-12-09 08:42:15,315]&nbsp[DEBUG]&nbspDec  9 08:39:32 debian kernel: [   12.732376][    T0] DMAR: RMRR base: 0x00000072cab000 end: 0x00000072ef4fff</p><p>[2025-12-09 08:42:15,315]&nbsp[DEBUG]&nbspDec  9 08:39:32 debian kernel: [   12.740239][    T0] DMAR: ATSR flags: 0x0</p><p>[2025-12-09 08:42:15,315]&nbsp[DEBUG]&nbspDec  9 08:39:32 debian kernel: [   12.744780][    T0] DMAR: RHSA base: 0x000000957fc000 proximity domain: 0x0</p><p>[2025-12-09 08:42:15,315]&nbsp[DEBUG]&nbspDec  9 08:39:32 debian kernel: [   12.752633][    T0] DMAR: RHSA base: 0x0000009f7fc000 proximity domain: 0x0</p><p>[2025-12-09 08:42:15,315]&nbsp[DEBUG]&nbspDec  9 08:39:32 debian kernel: [   12.760490][    T0] DMAR: RHSA base: 0x000000a93fc000 proximity domain: 0x0</p><p>[2025-12-09 08:42:15,315]&nbsp[DEBUG]&nbspDec  9 08:39:32 debian kernel: [   12.768342][    T0] DMAR: RHSA base: 0x000000b2ffc000 proximity domain: 0x0</p><p>[2025-12-09 08:42:15,315]&nbsp[DEBUG]&nbspDec  9 08:39:32 debian kernel: [   12.776193][    T0] DMAR: RHSA base: 0x000000bcbfc000 proximity domain: 0x0</p><p>[2025-12-09 08:42:15,316]&nbsp[DEBUG]&nbspDec  9 08:39:32 debian kernel: [   12.784045][    T0] DMAR: RHSA base: 0x000000c67fc000 proximity domain: 0x0</p><p>[2025-12-09 08:42:15,316]&nbsp[DEBUG]&nbspDec  9 08:39:32 debian kernel: [   12.791898][    T0] DMAR: RHSA base: 0x000000c6ffc000 proximity domain: 0x0</p><p>[2025-12-09 08:42:15,316]&nbsp[DEBUG]&nbspDec  9 08:39:32 debian kernel: [   12.799750][    T0] DMAR: RHSA base: 0x000000c77fc000 proximity domain: 0x0</p><p>[2025-12-09 08:42:15,316]&nbsp[DEBUG]&nbspDec  9 08:39:32 debian kernel: [   12.807602][    T0] DMAR: RHSA base: 0x000000c7ffc000 proximity domain: 0x0</p><p>[2025-12-09 08:42:15,316]&nbsp[DEBUG]&nbspDec  9 08:39:32 debian kernel: [   12.815454][    T0] DMAR: RHSA base: 0x000000c87fc000 proximity domain: 0x0</p><p>[2025-12-09 08:42:15,316]&nbsp[DEBUG]&nbspDec  9 08:39:32 debian kernel: [   12.823308][    T0] DMAR: RHSA base: 0x000000d97fc000 proximity domain: 0x1</p><p>[2025-12-09 08:42:15,316]&nbsp[DEBUG]&nbspDec  9 08:39:32 debian kernel: [   12.831159][    T0] DMAR: RHSA base: 0x000000e17fc000 proximity domain: 0x1</p><p>[2025-12-09 08:42:15,316]&nbsp[DEBUG]&nbspDec  9 08:39:32 debian kernel: [   12.839010][    T0] DMAR: RHSA base: 0x000000e97fc000 proximity domain: 0x1</p><p>[2025-12-09 08:42:15,316]&nbsp[DEBUG]&nbspDec  9 08:39:32 debian kernel: [   12.846863][    T0] DMAR: RHSA base: 0x000000f17fc000 proximity domain: 0x1</p><p>[2025-12-09 08:42:15,316]&nbsp[DEBUG]&nbspDec  9 08:39:32 debian kernel: [   12.854714][    T0] DMAR: RHSA base: 0x000000f97fc000 proximity domain: 0x1</p><p>[2025-12-09 08:42:15,316]&nbsp[DEBUG]&nbspDec  9 08:39:32 debian kernel: [   12.862569][    T0] DMAR: RHSA base: 0x000000d13fc000 proximity domain: 0x1</p><p>[2025-12-09 08:42:15,316]&nbsp[DEBUG]&nbspDec  9 08:39:32 debian kernel: [   12.870427][    T0] DMAR: RHSA base: 0x000000f9ffc000 proximity domain: 0x1</p><p>[2025-12-09 08:42:15,316]&nbsp[DEBUG]&nbspDec  9 08:39:32 debian kernel: [   12.878284][    T0] DMAR: RHSA base: 0x000000fa7fc000 proximity domain: 0x1</p><p>[2025-12-09 08:42:15,316]&nbsp[DEBUG]&nbspDec  9 08:39:32 debian kernel: [   12.886140][    T0] DMAR: RHSA base: 0x000000faffc000 proximity domain: 0x1</p><p>[2025-12-09 08:42:15,316]&nbsp[DEBUG]&nbspDec  9 08:39:32 debian kernel: [   12.893996][    T0] DMAR: RHSA base: 0x000000fb7fc000 proximity domain: 0x1</p><p>[2025-12-09 08:42:15,316]&nbsp[DEBUG]&nbspDec  9 08:39:32 debian kernel: [   12.901854][    T0] DMAR-IR: IOAPIC id 8 under DRHD base  0x957fc000 IOMMU 19</p><p>[2025-12-09 08:42:15,316]&nbsp[DEBUG]&nbspDec  9 08:39:32 debian kernel: [   12.909898][    T0] DMAR-IR: HPET id 0 under DRHD base 0x957fc000</p><p>[2025-12-09 08:42:15,316]&nbsp[DEBUG]&nbspDec  9 08:39:32 debian kernel: [   12.916778][    T0] DMAR-IR: Queued invalidation will be enabled to support x2apic and Intr-remapping.</p><p>[2025-12-09 08:42:15,316]&nbsp[DEBUG]&nbspDec  9 08:39:32 debian kernel: [   12.932193][    T0] DMAR-IR: Enabled IRQ remapping in x2apic mode</p><p>[2025-12-09 08:42:15,316]&nbsp[DEBUG]&nbspDec  9 08:39:32 debian kernel: [   12.940311][    T0] ..TIMER: vector=0x30 apic1=0 pin1=2 apic2=-1 pin2=-1</p><p>[2025-12-09 08:42:15,316]&nbsp[DEBUG]&nbspDec  9 08:39:32 debian kernel: [   12.952611][    T0] clocksource: tsc-early: mask: 0xffffffffffffffff max_cycles: 0x257a3c3232d, max_idle_ns: 440795236700 ns</p><p>[2025-12-09 08:42:15,316]&nbsp[DEBUG]&nbspDec  9 08:39:32 debian kernel: [   12.965234][    T0] Calibrating delay loop (skipped), value calculated using timer frequency.. 5200.00 BogoMIPS (lpj=2600000)</p><p>[2025-12-09 08:42:15,316]&nbsp[DEBUG]&nbspDec  9 08:39:32 debian kernel: [   12.966233][    T0] pid_max: default: 245760 minimum: 1920</p><p>[2025-12-09 08:42:15,316]&nbsp[DEBUG]&nbspDec  9 08:39:32 debian kernel: [   12.972508][    T0] LSM: Security Framework initializing</p><p>[2025-12-09 08:42:15,316]&nbsp[DEBUG]&nbspDec  9 08:39:32 debian kernel: [   12.973235][    T0] Yama: becoming mindful.</p><p>[2025-12-09 08:42:15,316]&nbsp[DEBUG]&nbspDec  9 08:39:32 debian kernel: [   13.016994][    T0] Dentry cache hash table entries: 33554432 (order: 16, 268435456 bytes, vmalloc)</p><p>[2025-12-09 08:42:15,316]&nbsp[DEBUG]&nbspDec  9 08:39:32 debian kernel: [   13.039520][    T0] Inode-cache hash table entries: 16777216 (order: 15, 134217728 bytes, vmalloc)</p><p>[2025-12-09 08:42:15,316]&nbsp[DEBUG]&nbspDec  9 08:39:32 debian kernel: [   13.041357][    T0] Mount-cache hash table entries: 524288 (order: 10, 4194304 bytes, vmalloc)</p><p>[2025-12-09 08:42:15,316]&nbsp[DEBUG]&nbspDec  9 08:39:32 debian kernel: [   13.043711][    T0] Mountpoint-cache hash table entries: 524288 (order: 10, 4194304 bytes, vmalloc)</p><p>[2025-12-09 08:42:15,316]&nbsp[DEBUG]&nbspDec  9 08:39:32 debian kernel: [   13.047238][    T0] x86/tme: not enabled by BIOS</p><p>[2025-12-09 08:42:15,316]&nbsp[DEBUG]&nbspDec  9 08:39:32 debian kernel: [   13.048235][    T0] x86/cpu: User Mode Instruction Prevention (UMIP) activated</p><p>[2025-12-09 08:42:15,316]&nbsp[DEBUG]&nbspDec  9 08:39:32 debian kernel: [   13.049251][    T0] mce: CPU0: Thermal monitoring enabled (TM1)</p><p>[2025-12-09 08:42:15,316]&nbsp[DEBUG]&nbspDec  9 08:39:32 debian kernel: [   13.050589][    T0] process: using mwait in idle threads</p><p>[2025-12-09 08:42:15,316]&nbsp[DEBUG]&nbspDec  9 08:39:32 debian kernel: [   13.051235][    T0] Last level iTLB entries: 4KB 0, 2MB 0, 4MB 0</p><p>[2025-12-09 08:42:15,316]&nbsp[DEBUG]&nbspDec  9 08:39:32 debian kernel: [   13.052233][    T0] Last level dTLB entries: 4KB 0, 2MB 0, 4MB 0, 1GB 0</p><p>[2025-12-09 08:42:15,316]&nbsp[DEBUG]&nbspDec  9 08:39:32 debian kernel: [   13.053236][    T0] Spectre V1 : Mitigation: usercopy/swapgs barriers and __user pointer sanitization</p><p>[2025-12-09 08:42:15,316]&nbsp[DEBUG]&nbspDec  9 08:39:32 debian kernel: [   13.055233][    T0] Spectre V2 : Mitigation: Enhanced IBRS</p><p>[2025-12-09 08:42:15,316]&nbsp[DEBUG]&nbspDec  9 08:39:32 debian kernel: [   13.056233][    T0] Spectre V2 : Spectre v2 / SpectreRSB mitigation: Filling RSB on context switch</p><p>[2025-12-09 08:42:15,316]&nbsp[DEBUG]&nbspDec  9 08:39:32 debian kernel: [   13.057233][    T0] Spectre V2 : mitigation: Enabling conditional Indirect Branch Prediction Barrier</p><p>[2025-12-09 08:42:15,316]&nbsp[DEBUG]&nbspDec  9 08:39:32 debian kernel: [   13.058233][    T0] Speculative Store Bypass: Mitigation: Speculative Store Bypass disabled via prctl and seccomp</p><p>[2025-12-09 08:42:15,316]&nbsp[DEBUG]&nbspDec  9 08:39:32 debian kernel: [   13.059431][    T0] Freeing SMP alternatives memory: 32K</p><p>[2025-12-09 08:42:15,316]&nbsp[DEBUG]&nbspDec  9 08:39:32 debian kernel: [   13.062042][    T1] smpboot: CPU0: Intel INTEL(R) XEON(R) PLATINUM 8582C (family: 0x6, model: 0xcf, stepping: 0x2)</p><p>[2025-12-09 08:42:15,316]&nbsp[DEBUG]&nbspDec  9 08:39:32 debian kernel: [   13.062563][    T1] Performance Events: XSAVE Architectural LBR, PEBS fmt4+-baseline,  AnyThread deprecated, generic architected perfmon, 32-deep LBR, full-width counters, Intel PMU driver.</p><p>[2025-12-09 08:42:15,316]&nbsp[DEBUG]&nbspDec  9 08:39:32 debian kernel: [   13.063234][    T1] ... version:                5</p><p>[2025-12-09 08:42:15,316]&nbsp[DEBUG]&nbspDec  9 08:39:32 debian kernel: [   13.064233][    T1] ... bit width:              48</p><p>[2025-12-09 08:42:15,316]&nbsp[DEBUG]&nbspDec  9 08:39:32 debian kernel: [   13.065233][    T1] ... generic registers:      8</p><p>[2025-12-09 08:42:15,316]&nbsp[DEBUG]&nbspDec  9 08:39:32 debian kernel: [   13.066233][    T1] ... value mask:             0000ffffffffffff</p><p>[2025-12-09 08:42:15,316]&nbsp[DEBUG]&nbspDec  9 08:39:32 debian kernel: [   13.067233][    T1] ... max period:             00007fffffffffff</p><p>[2025-12-09 08:42:15,316]&nbsp[DEBUG]&nbspDec  9 08:39:32 debian kernel: [   13.068233][    T1] ... fixed-purpose events:   4</p><p>[2025-12-09 08:42:15,316]&nbsp[DEBUG]&nbspDec  9 08:39:32 debian kernel: [   13.069233][    T1] ... event mask:             0001000f000000ff</p><p>[2025-12-09 08:42:15,316]&nbsp[DEBUG]&nbspDec  9 08:39:32 debian kernel: [   13.070498][    T1] rcu: Hierarchical SRCU implementation.</p><p>[2025-12-09 08:42:15,316]&nbsp[DEBUG]&nbspDec  9 08:39:32 debian kernel: [   13.085934][    T5] NMI watchdog: Enabled. Permanently consumes one hw-PMU counter.</p><p>[2025-12-09 08:42:15,316]&nbsp[DEBUG]&nbspDec  9 08:39:32 debian kernel: [   13.088675][    T1] smp: Bringing up secondary CPUs ...</p><p>[2025-12-09 08:42:15,316]&nbsp[DEBUG]&nbspDec  9 08:39:32 debian kernel: [   13.089380][    T1] x86: Booting SMP configuration:</p><p>[2025-12-09 08:42:15,316]&nbsp[DEBUG]&nbspDec  9 08:39:32 debian kernel: [   13.090234][    T1] .... node  #0, CPUs:          #1   #2   #3   #4   #5   #6   #7   #8   #9  #10  #11  #12  #13  #14  #15  #16  #17  #18  #19  #20  #21  #22  #23  #24  #25  #26  #27  #28  #29  #30  #31  #32  #33  #34  #35  #36  #37  #38  #39  #40  #41  #42  #43  #44  #45  #46  #47  #48  #49  #50  #51  #52  #53  #54  #55  #56  #57  #58  #59</p><p>[2025-12-09 08:42:15,316]&nbsp[DEBUG]&nbspDec  9 08:39:32 debian kernel: [   16.209236][    T1] .... node  #1, CPUs:    #60</p><p>[2025-12-09 08:42:15,316]&nbsp[DEBUG]&nbspDec  9 08:39:32 debian kernel: [   15.091248][    T0] smpboot: CPU 60 Converting physical 0 to logical die 1</p><p>[2025-12-09 08:42:15,316]&nbsp[DEBUG]&nbspDec  9 08:39:32 debian kernel: [   16.293357][    T1]   #61  #62  #63  #64  #65  #66  #67  #68  #69  #70  #71  #72  #73  #74  #75  #76  #77  #78  #79  #80  #81  #82  #83  #84  #85  #86  #87  #88  #89  #90  #91  #92  #93  #94  #95  #96  #97  #98  #99 #100 #101 #102 #103 #104 #105 #106 #107 #108 #109 #110 #111 #112 #113 #114 #115 #116 #117 #118 #119</p><p>[2025-12-09 08:42:15,316]&nbsp[DEBUG]&nbspDec  9 08:39:32 debian kernel: [   19.403234][    T1] .... node  #0, CPUs:   #120 #121 #122 #123 #124 #125 #126 #127 #128 #129 #130 #131 #132 #133 #134 #135 #136 #137 #138 #139 #140 #141 #142 #143 #144 #145 #146 #147 #148 #149 #150 #151 #152 #153 #154 #155 #156 #157 #158 #159 #160 #161 #162 #163 #164 #165 #166 #167 #168 #169 #170 #171 #172 #173 #174 #175 #176 #177 #178 #179</p><p>[2025-12-09 08:42:15,316]&nbsp[DEBUG]&nbspDec  9 08:39:32 debian kernel: [   22.522236][    T1] .... node  #1, CPUs:   #180 #181 #182 #183 #184 #185 #186 #187 #188 #189 #190 #191 #192 #193 #194 #195 #196 #197 #198 #199 #200 #201 #202 #203 #204 #205 #206 #207 #208 #209 #210 #211 #212 #213 #214 #215 #216 #217 #218 #219 #220 #221 #222 #223 #224 #225 #226 #227 #228 #229 #230 #231 #232 #233 #234 #235 #236 #237 #238 #239</p><p>[2025-12-09 08:42:15,317]&nbsp[DEBUG]&nbspDec  9 08:39:32 debian kernel: [   25.695664][    T1] smp: Brought up 2 nodes, 240 CPUs</p><p>[2025-12-09 08:42:15,317]&nbsp[DEBUG]&nbspDec  9 08:39:32 debian kernel: [   25.697234][    T1] smpboot: Max logical packages: 2</p><p>[2025-12-09 08:42:15,317]&nbsp[DEBUG]&nbspDec  9 08:39:32 debian kernel: [   25.698237][    T1] smpboot: Total of 240 processors activated (1246264.32 BogoMIPS)</p><p>[2025-12-09 08:42:15,317]&nbsp[DEBUG]&nbspDec  9 08:39:32 debian kernel: [   25.770304][    T1] devtmpfs: initialized</p><p>[2025-12-09 08:42:15,317]&nbsp[DEBUG]&nbspDec  9 08:39:32 debian kernel: [   25.771285][    T1] x86/mm: Memory block size: 2048MB</p><p>[2025-12-09 08:42:15,317]&nbsp[DEBUG]&nbspDec  9 08:39:32 debian kernel: [   25.778850][    T1] PM: Registering ACPI NVS region [mem 0x6dd0b000-0x711e2fff] (55410688 bytes)</p><p>[2025-12-09 08:42:15,317]&nbsp[DEBUG]&nbspDec  9 08:39:32 debian kernel: [   25.780389][    T1] clocksource: jiffies: mask: 0xffffffff max_cycles: 0xffffffff, max_idle_ns: 1911260446275000 ns</p><p>[2025-12-09 08:42:15,317]&nbsp[DEBUG]&nbspDec  9 08:39:32 debian kernel: [   25.781331][    T1] futex hash table entries: 65536 (order: 10, 4194304 bytes, vmalloc)</p><p>[2025-12-09 08:42:15,317]&nbsp[DEBUG]&nbspDec  9 08:39:32 debian kernel: [   25.783330][    T1] pinctrl core: initialized pinctrl subsystem</p><p>[2025-12-09 08:42:15,317]&nbsp[DEBUG]&nbspDec  9 08:39:32 debian kernel: [   25.784847][    T1] NET: Registered protocol family 16</p><p>[2025-12-09 08:42:15,317]&nbsp[DEBUG]&nbspDec  9 08:39:32 debian kernel: [   25.785374][    T1] audit: initializing netlink subsys (disabled)</p><p>[2025-12-09 08:42:15,317]&nbsp[DEBUG]&nbspDec  9 08:39:32 debian kernel: [   25.786262][ T1456] audit: type=2000 audit(1765240746.903:1): state=initialized audit_enabled=0 res=1</p><p>[2025-12-09 08:42:15,317]&nbsp[DEBUG]&nbspDec  9 08:39:32 debian kernel: [   25.786381][    T1] thermal_sys: Registered thermal governor 'fair_share'</p><p>[2025-12-09 08:42:15,317]&nbsp[DEBUG]&nbspDec  9 08:39:32 debian kernel: [   25.787234][    T1] thermal_sys: Registered thermal governor 'bang_bang'</p><p>[2025-12-09 08:42:15,317]&nbsp[DEBUG]&nbspDec  9 08:39:32 debian kernel: [   25.788233][    T1] thermal_sys: Registered thermal governor 'step_wise'</p><p>[2025-12-09 08:42:15,317]&nbsp[DEBUG]&nbspDec  9 08:39:32 debian kernel: [   25.789233][    T1] thermal_sys: Registered thermal governor 'user_space'</p><p>[2025-12-09 08:42:15,317]&nbsp[DEBUG]&nbspDec  9 08:39:32 debian kernel: [   25.790274][    T1] cpuidle: using governor ladder</p><p>[2025-12-09 08:42:15,317]&nbsp[DEBUG]&nbspDec  9 08:39:32 debian kernel: [   25.792261][    T1] cpuidle: using governor menu</p><p>[2025-12-09 08:42:15,317]&nbsp[DEBUG]&nbspDec  9 08:39:32 debian kernel: [   25.794363][    T1] ACPI FADT declares the system doesn't support PCIe ASPM, so disable it</p><p>[2025-12-09 08:42:15,317]&nbsp[DEBUG]&nbspDec  9 08:39:32 debian kernel: [   25.795234][    T1] ACPI: bus type PCI registered</p><p>[2025-12-09 08:42:15,317]&nbsp[DEBUG]&nbspDec  9 08:39:32 debian kernel: [   25.796234][    T1] acpiphp: ACPI Hot Plug PCI Controller Driver version: 0.5</p><p>[2025-12-09 08:42:15,317]&nbsp[DEBUG]&nbspDec  9 08:39:32 debian kernel: [   25.797474][    T1] PCI: MMCONFIG for domain 0000 [bus 00-ff] at [mem 0x80000000-0x8fffffff] (base 0x80000000)</p><p>[2025-12-09 08:42:15,317]&nbsp[DEBUG]&nbspDec  9 08:39:32 debian kernel: [   25.798237][    T1] PCI: MMCONFIG at [mem 0x80000000-0x8fffffff] reserved in E820</p><p>[2025-12-09 08:42:15,317]&nbsp[DEBUG]&nbspDec  9 08:39:32 debian kernel: [   25.799246][    T1] pmd_set_huge: Cannot satisfy [mem 0x80000000-0x80200000] with a huge-page mapping due to MTRR override.</p><p>[2025-12-09 08:42:15,317]&nbsp[DEBUG]&nbspDec  9 08:39:32 debian kernel: [   25.800462][    T1] PCI: Using configuration type 1 for base access</p><p>[2025-12-09 08:42:15,317]&nbsp[DEBUG]&nbspDec  9 08:39:32 debian kernel: [   25.806500][   T17] ENERGY_PERF_BIAS: Set to 'normal', was 'performance'</p><p>[2025-12-09 08:42:15,317]&nbsp[DEBUG]&nbspDec  9 08:39:32 debian kernel: [   25.814349][    T1] Kprobes globally optimized</p><p>[2025-12-09 08:42:15,317]&nbsp[DEBUG]&nbspDec  9 08:39:32 debian kernel: [   25.815382][    T1] HugeTLB registered 1.00 GiB page size, pre-allocated 0 pages</p><p>[2025-12-09 08:42:15,317]&nbsp[DEBUG]&nbspDec  9 08:39:32 debian kernel: [   25.816236][    T1] HugeTLB registered 2.00 MiB page size, pre-allocated 0 