<p>[2025-12-10 12:43:46,902]&nbsp[INFO]&nbspStart Item NVME_PN_Read_Verify: db5e007e-d43a-11f0-aedb-024264c8003b</p><p>[2025-12-10 12:43:46,902]&nbsp[DEBUG]&nbspNVME_PN_Read_Verify Config: {'Cmd': "nvme list | awk '{print $1}' | grep nvme | xargs -i -t smartctl -i {}", 'CheckFlag': 'Model Number:\\s+${glovar:nvme_pn}', 'Num': '$config:Nvme_Num', 'Prompt': '# $', 'WorkDir': '', 'SessionIdName': 'ssh_session', 'Timeout': 60}</p><p>[2025-12-10 12:43:46,902]&nbsp[INFO]&nbspRun command : nvme list | awk '{print $1}' | grep nvme | xargs -i -t smartctl -i {}</p><p>[2025-12-10 12:43:46,902]&nbsp[DEBUG]&nbspnvme list | awk '{print $1}' | grep nvme | xargs -i -t smartctl -i {}</p><p>[2025-12-10 12:43:46,992]&nbsp[DEBUG]&nbspsmartctl -i /dev/nvme0n1 </p><p>[2025-12-10 12:43:46,993]&nbsp[DEBUG]&nbspsmartctl 7.4 2023-08-01 r5530 [x86_64-linux-5.10.135.bsk.business.1-amd64] (local build)</p><p>[2025-12-10 12:43:46,993]&nbsp[DEBUG]&nbspCopyright (C) 2002-23, Bruce Allen, Christian Franke, www.smartmontools.org</p><p>[2025-12-10 12:43:46,993]&nbsp[DEBUG]&nbsp</p><p>[2025-12-10 12:43:46,993]&nbsp[DEBUG]&nbsp=== START OF INFORMATION SECTION ===</p><p>[2025-12-10 12:43:46,993]&nbsp[DEBUG]&nbspModel Number:                       KIOXIA KCD81RUG3T84</p><p>[2025-12-10 12:43:46,993]&nbsp[DEBUG]&nbspSerial Number:                      85V0A1K5TTFJ</p><p>[2025-12-10 12:43:46,993]&nbsp[DEBUG]&nbspFirmware Version:                   8006</p><p>[2025-12-10 12:43:46,993]&nbsp[DEBUG]&nbspPCI Vendor/Subsystem ID:            0x1e0f</p><p>[2025-12-10 12:43:46,993]&nbsp[DEBUG]&nbspIEEE OUI Identifier:                0x8ce38e</p><p>[2025-12-10 12:43:46,993]&nbsp[DEBUG]&nbspTotal NVM Capacity:                 3,840,755,982,336 [3.84 TB]</p><p>[2025-12-10 12:43:46,993]&nbsp[DEBUG]&nbspUnallocated NVM Capacity:           0</p><p>[2025-12-10 12:43:46,993]&nbsp[DEBUG]&nbspController ID:                      1</p><p>[2025-12-10 12:43:46,993]&nbsp[DEBUG]&nbspNVMe Version:                       1.4</p><p>[2025-12-10 12:43:46,993]&nbsp[DEBUG]&nbspNumber of Namespaces:               64</p><p>[2025-12-10 12:43:46,993]&nbsp[DEBUG]&nbspNamespace 1 Size/Capacity:          3,840,755,982,336 [3.84 TB]</p><p>[2025-12-10 12:43:46,994]&nbsp[DEBUG]&nbspNamespace 1 Utilization:            3,807,198,228,480 [3.80 TB]</p><p>[2025-12-10 12:43:46,994]&nbsp[DEBUG]&nbspNamespace 1 Formatted LBA Size:     512</p><p>[2025-12-10 12:43:46,994]&nbsp[DEBUG]&nbspNamespace 1 IEEE EUI-64:            8ce38e e30ad32b09</p><p>[2025-12-10 12:43:46,994]&nbsp[DEBUG]&nbspLocal Time is:                      Wed Dec 10 12:43:47 2025 CST</p><p>[2025-12-10 12:43:46,994]&nbsp[DEBUG]&nbsp</p><p>[2025-12-10 12:43:46,994]&nbsp[DEBUG]&nbspsmartctl -i /dev/nvme1n1 </p><p>[2025-12-10 12:43:46,994]&nbsp[DEBUG]&nbspsmartctl 7.4 2023-08-01 r5530 [x86_64-linux-5.10.135.bsk.business.1-amd64] (local build)</p><p>[2025-12-10 12:43:46,994]&nbsp[DEBUG]&nbspCopyright (C) 2002-23, Bruce Allen, Christian Franke, www.smartmontools.org</p><p>[2025-12-10 12:43:46,994]&nbsp[DEBUG]&nbsp</p><p>[2025-12-10 12:43:46,994]&nbsp[DEBUG]&nbsp=== START OF INFORMATION SECTION ===</p><p>[2025-12-10 12:43:46,994]&nbsp[DEBUG]&nbspModel Number:                       KIOXIA KCD81RUG7T68</p><p>[2025-12-10 12:43:46,994]&nbsp[DEBUG]&nbspSerial Number:                      15N0A7MLTTEJ</p><p>[2025-12-10 12:43:46,994]&nbsp[DEBUG]&nbspFirmware Version:                   8006</p><p>[2025-12-10 12:43:46,994]&nbsp[DEBUG]&nbspPCI Vendor/Subsystem ID:            0x1e0f</p><p>[2025-12-10 12:43:46,994]&nbsp[DEBUG]&nbspIEEE OUI Identifier:                0x8ce38e</p><p>[2025-12-10 12:43:46,995]&nbsp[DEBUG]&nbspTotal NVM Capacity:                 7,681,501,126,656 [7.68 TB]</p><p>[2025-12-10 12:43:46,995]&nbsp[DEBUG]&nbspUnallocated NVM Capacity:           0</p><p>[2025-12-10 12:43:46,995]&nbsp[DEBUG]&nbspController ID:                      1</p><p>[2025-12-10 12:43:46,995]&nbsp[DEBUG]&nbspNVMe Version:                       1.4</p><p>[2025-12-10 12:43:46,995]&nbsp[DEBUG]&nbspNumber of Namespaces:               64</p><p>[2025-12-10 12:43:46,995]&nbsp[DEBUG]&nbspNamespace 1 Size/Capacity:          7,681,501,126,656 [7.68 TB]</p><p>[2025-12-10 12:43:46,995]&nbsp[DEBUG]&nbspNamespace 1 Utilization:            6,850,339,663,872 [6.85 TB]</p><p>[2025-12-10 12:43:46,995]&nbsp[DEBUG]&nbspNamespace 1 Formatted LBA Size:     512</p><p>[2025-12-10 12:43:46,995]&nbsp[DEBUG]&nbspNamespace 1 IEEE EUI-64:            8ce38e e3070bc598</p><p>[2025-12-10 12:43:46,995]&nbsp[DEBUG]&nbspLocal Time is:                      Wed Dec 10 12:43:47 2025 CST</p><p>[2025-12-10 12:43:46,995]&nbsp[DEBUG]&nbsp</p><p>[2025-12-10 12:43:46,995]&nbsp[DEBUG]&nbsproot@debian:~</p><p>[2025-12-10 12:43:46,995]&nbsp[INFO]&nbspCheck flag : Model Number:\s+KIOXIA KCD81RUG7T68|KIOXIA KCD81RUG3T84</p><p>[2025-12-10 12:43:46,996]&nbsp[INFO]&nbspDone</p><p>[2025-12-10 12:43:46,996]&nbsp[INFO]&nbspPass:</p><p>[2025-12-10 12:43:46,996]&nbsp[INFO]&nbspEnd Item NVME_PN_Read_Verify: db5e007e-d43a-11f0-aedb-024264c8003b</p>