<p>[2025-12-10 18:04:35,994]&nbsp[INFO]&nbspStart Item Message_Log_Check: db6e703a-d43a-11f0-aedb-024264c8003b</p><p>[2025-12-10 18:04:35,994]&nbsp[DEBUG]&nbspMessage_Log_Check Config: {'config': '$config:dmesg_message_blacklist', 'keyword': 'NA', 'whitelist': '$config:dmesg_message_whitelist', 'Prompt': 'root@debian:~# $', 'SessionIdName': 'message_session', 'Timeout': 300}</p><p>[2025-12-10 18:04:35,994]&nbsp[INFO]&nbspkeyword: NA</p><p>[2025-12-10 18:04:35,994]&nbsp[INFO]&nbspblacklist config: ['mcelog', 'throttle', 'error', ' err', 'err ', 'panic', 'fail', 'failure', ' fault', '_fault', 'segfault', 'fatal', 'lost', 'interrupt', 'above temperature', 'being removed', ' bad ', 'critical', 'corrected', 'uncorrect', 'cateer', 'ierr', 'scrub error', 'degraded', 'dead device', 'device offlined', 'device_unblocked', 'machine check events', 'mca', 'mce', 'timeout', 'retry', 'no readable', 'link down', 'resetting link', 'scsi hang', 'FPDMA', 'emask', 'task abort', 'overcurrent', 'single-bit ecc', 'blocked for more than', 'lockup', 'temperature above threshold', 'call_trace', 'CPU Freq Exception', 'EDAC_Mem_CE', 'EDAC_Mem_UE', 'EXT4 Readonly', 'OOM', 'Kernel Page Allocation Stall', 'Task Blocked Long', 'RCU Stall', 'NMI Exec Long', 'General Protect Trap', 'ACPI Warning', ' invalid ', 'disagree', 'insufficient', 'NVRM: Xid', 'unrecognized', 'Switched to clocksource hpet', 'CPU.* is not on the same node', 'rcu.*stall', 'NMI received', 'Uhhuh', 'timed out', 'Disk Remove Udev', 'Disk Add Udev', 'Disk Remove Kernel', 'Disk Add Kernel', 'SCSI CMD Abort', 'ATA Reset Link', 'ATA Failed Command', 'NVME Timeout Abort', 'NVME Timeout Reset', 'NVME Down Reset', 'MPT.SAS Stop Unit', 'MegaSAS Reset FW', 'Raid Error Table Full', 'MPT.SAS Reset FW', 'link is down']</p><p>[2025-12-10 18:04:35,994]&nbsp[INFO]&nbspwhitelist config: ['ERST: Error Record Serialization Table \\(ERST\\) support is initialized', "Error: Driver 'pcspkr' is already registered, aborting", 'module verification failed: signature and/or required key missing - tainting kernel', 'perf: interrupt took too long', 'vfio_mdev: Unknown symbol mdev_unregister_driver \\(err -22\\)', 'vfio_mdev: Unknown symbol mdev_register_driver \\(err -22\\)', 'vfio_mdev: disagrees about version of symbol mdev_unregister_driver', 'vfio_mdev: disagrees about version of symbol mdev_register_driver', 'ACPI: PCI.*Interrupt.*LNK.', 'EDAC MC.*Giving out device to module i10nm_edac controller Intel_10nm Socket', 'EDAC MC.*Giving out device to ghes_edac.c controller', 'ACPI: Using IOAPIC for interrupt routing', 'ACPI: Using GIC for interrupt routing', 'kvm \\[1\\]: vgic interrupt IRQ1', 'i801_smbus.*SMBus using PCI interrupt', 'EXT4-fs.*re-mounted', 'with Cmd Compl erratum', 'flags: flush_fail', 'hrtimer: interrupt took', 'Shutdown timeout set to', 'sbsa-gwdt sbsa-gwdt.0: Initialized with 10s timeout', 'BAR 13: failed to assign', 'xhci_hcd.*Zeroing 64bit base registers, expecting fault', 'ccp initialization failed', 'SEV: failed to INIT error 0x13', 'ata.*: SATA link down', 'mce.*Thermal monitoring enabled', 'AMD-Vi: Interrupt remapping enabled', 'hpet: Lost.*RTC interrupts', 'i2c_design ware.*timeout in disabling adapter', 'spurious 8259A interrupt: IRQ7', 'mpi3mr0: ready timeout', 'mpi3mr0: max.*throttle', 'mpt3sas_cm0: Enable interrupt coalescing', 'bnxt_en.*may trigger hung task watchdog', 'pcieport.*DPC: error containment capabilities', 'ITS.*Interrupt Collections', 'pci.*disabled boot interrupts on device', 'ACPI Warning: SystemIO range 0x0000000000000428-0x000000000000042F conflicts with OpRegion', 'ipmi_si IPI0001:00: Error clearing flags: c1', 'Link down', 'python3 mprime_cpu_stress.py --timeout', 'MCE: In-kernel MCE decoding enabled', 'EDAC MC.*: Giving out device to module amd64_edac controller']</p><p>[2025-12-10 18:04:35,994]&nbsp[DEBUG]&nbspls -1 /var/log/messages*</p><p>[2025-12-10 18:04:35,999]&nbsp[DEBUG]&nbsp/var/log/messages</p><p>[2025-12-10 18:04:35,999]&nbsp[DEBUG]&nbsp/var/log/messages.1</p><p>[2025-12-10 18:04:35,999]&nbsp[INFO]&nbspcommand: cat /var/log/messages</p><p>[2025-12-10 18:04:35,999]&nbsp[DEBUG]&nbspcat /var/log/messages</p><p>[2025-12-10 18:04:36,043]&nbsp[DEBUG]&nbspDec 10 17:41:41 debian rsyslogd:  [origin software="rsyslogd" swVersion="8.1901.0" x-pid="3330" x-info="https://www.rsyslog.com"] rsyslogd was HUPed</p><p>[2025-12-10 18:04:36,043]&nbsp[DEBUG]&nbspDec 10 17:41:41 debian kernel: [   44.789779][  T408] idxd 0000:f6:02.0: Unable to turn on SVA feature.</p><p>[2025-12-10 18:04:36,043]&nbsp[DEBUG]&nbspDec 10 17:41:41 debian kernel: [   44.803442][  T408] idxd 0000:f6:02.0: Intel(R) Accelerator Device (v100)</p><p>[2025-12-10 18:04:36,043]&nbsp[DEBUG]&nbspDec 10 17:41:41 debian kernel: [   44.950286][  T402] fb0: switching to astdrmfb from EFI VGA</p><p>[2025-12-10 18:04:36,043]&nbsp[DEBUG]&nbspDec 10 17:41:41 debian kernel: [   44.957655][  T402] Console: switching to colour dummy device 80x25</p><p>[2025-12-10 18:04:36,043]&nbsp[DEBUG]&nbspDec 10 17:41:41 debian kernel: [   44.966559][  T402] ast 0000:04:00.0: [drm] P2A bridge disabled, using default configuration</p><p>[2025-12-10 18:04:36,043]&nbsp[DEBUG]&nbspDec 10 17:41:41 debian kernel: [   44.976187][  T402] ast 0000:04:00.0: [drm] AST 2500 detected</p><p>[2025-12-10 18:04:36,043]&nbsp[DEBUG]&nbspDec 10 17:41:41 debian kernel: [   44.982668][  T402] ast 0000:04:00.0: [drm] Analog VGA only</p><p>[2025-12-10 18:04:36,043]&nbsp[DEBUG]&nbspDec 10 17:41:41 debian kernel: [   44.988955][  T402] ast 0000:04:00.0: [drm] dram MCLK=800 Mhz type=1 bus_width=16</p><p>[2025-12-10 18:04:36,043]&nbsp[DEBUG]&nbspDec 10 17:41:41 debian kernel: [   44.997445][  T402] [TTM] Zone  kernel: Available graphics memory: 1056710660 KiB</p><p>[2025-12-10 18:04:36,043]&nbsp[DEBUG]&nbspDec 10 17:41:41 debian kernel: [   45.005873][  T402] [TTM] Zone   dma32: Available graphics memory: 2097152 KiB</p><p>[2025-12-10 18:04:36,043]&nbsp[DEBUG]&nbspDec 10 17:41:41 debian kernel: [   45.014013][  T402] [TTM] Initializing pool allocator</p><p>[2025-12-10 18:04:36,043]&nbsp[DEBUG]&nbspDec 10 17:41:41 debian kernel: [   45.019712][  T402] [TTM] Initializing DMA pool allocator</p><p>[2025-12-10 18:04:36,043]&nbsp[DEBUG]&nbspDec 10 17:41:41 debian kernel: [   45.026281][  T402] [drm] Initialized ast 0.1.0 20120228 for 0000:04:00.0 on minor 0</p><p>[2025-12-10 18:04:36,043]&nbsp[DEBUG]&nbspDec 10 17:41:41 debian kernel: [   45.038840][  T402] fbcon: astdrmfb (fb0) is primary device</p><p>[2025-12-10 18:04:36,043]&nbsp[DEBUG]&nbspDec 10 17:41:41 debian kernel: [   45.050134][  T402] Console: switching to colour frame buffer device 128x48</p><p>[2025-12-10 18:04:36,043]&nbsp[DEBUG]&nbspDec 10 17:41:41 debian kernel: [   45.064928][  T402] ast 0000:04:00.0: [drm] fb0: astdrmfb frame buffer device</p><p>[2025-12-10 18:04:36,043]&nbsp[DEBUG]&nbspDec 10 17:47:28 debian kernel: [  391.149161][ T3002]  nvme0n1: AHDI p2 p3</p><p>[2025-12-10 18:04:36,043]&nbsp[DEBUG]&nbspDec 10 17:54:24 debian kernel: [  807.300996][   C65] perf: interrupt took too long (2538 > 2500), lowering kernel.perf_event_max_sample_rate to 78000</p><p>[2025-12-10 18:04:36,043]&nbsp[DEBUG]&nbspDec 10 17:59:52 debian kernel: [ 1135.207792][   C65] perf: interrupt took too long (3177 > 3172), lowering kernel.perf_event_max_sample_rate to 62000</p><p>[2025-12-10 18:04:36,046]&nbsp[INFO]&nbspcommand: cat /var/log/messages.1</p><p>[2025-12-10 18:04:36,047]&nbsp[DEBUG]&nbspcat /var/log/messages.1</p><p>[2025-12-10 18:04:36,123]&nbsp[DEBUG]&nbspDec 10 17:41:40 debian kernel: [    0.000000][    T0] Linux version 5.10.135.bsk.business.1-amd64 (STE-Kernel@ByteDance) (gcc (Debian 8.3.0-6) 8.3.0, GNU ld (GNU Binutils for Debian) 2.31.1) #5.10.135.bsk.business.1 SMP Debian 5.10.135.bsk.1 Thu Sep 15 02</p><p>[2025-12-10 18:04:36,123]&nbsp[DEBUG]&nbspDec 10 17:41:40 debian kernel: [    0.000000][    T0] Command line: BOOT_IMAGE=/ys/vmlinuz-5.10.135.bsk.business.1-amd64 dhcp vga=791 boot=live fetch=http://192.168.64.200/yichun_20250922.squashfs net.ifnames=0 biosdevname=0 msr.allow_writes=on console=ttyS0,115200n8r</p><p>[2025-12-10 18:04:36,123]&nbsp[DEBUG]&nbspDec 10 17:41:40 debian kernel: [    0.000000][    T0] x86/split lock detection: #DB: warning on user-space bus_locks</p><p>[2025-12-10 18:04:36,123]&nbsp[DEBUG]&nbspDec 10 17:41:40 debian kernel: [    0.000000][    T0] x86/fpu: Supporting XSAVE feature 0x001: 'x87 floating point registers'</p><p>[2025-12-10 18:04:36,123]&nbsp[DEBUG]&nbspDec 10 17:41:40 debian kernel: [    0.000000][    T0] x86/fpu: Supporting XSAVE feature 0x002: 'SSE registers'</p><p>[2025-12-10 18:04:36,123]&nbsp[DEBUG]&nbspDec 10 17:41:40 debian kernel: [    0.000000][    T0] x86/fpu: Supporting XSAVE feature 0x004: 'AVX registers'</p><p>[2025-12-10 18:04:36,123]&nbsp[DEBUG]&nbspDec 10 17:41:40 debian kernel: [    0.000000][    T0] x86/fpu: Supporting XSAVE feature 0x020: 'AVX-512 opmask'</p><p>[2025-12-10 18:04:36,123]&nbsp[DEBUG]&nbspDec 10 17:41:40 debian kernel: [    0.000000][    T0] x86/fpu: Supporting XSAVE feature 0x040: 'AVX-512 Hi256'</p><p>[2025-12-10 18:04:36,124]&nbsp[DEBUG]&nbspDec 10 17:41:40 debian kernel: [    0.000000][    T0] x86/fpu: Supporting XSAVE feature 0x080: 'AVX-512 ZMM_Hi256'</p><p>[2025-12-10 18:04:36,124]&nbsp[DEBUG]&nbspDec 10 17:41:40 debian kernel: [    0.000000][    T0] x86/fpu: Supporting XSAVE feature 0x200: 'Protection Keys User registers'</p><p>[2025-12-10 18:04:36,124]&nbsp[DEBUG]&nbspDec 10 17:41:40 debian kernel: [    0.000000][    T0] x86/fpu: Supporting XSAVE feature 0x400: 'PASID state'</p><p>[2025-12-10 18:04:36,124]&nbsp[DEBUG]&nbspDec 10 17:41:40 debian kernel: [    0.000000][    T0] x86/fpu: Supporting XSAVE feature 0x20000: 'AMX Tile config'</p><p>[2025-12-10 18:04:36,124]&nbsp[DEBUG]&nbspDec 10 17:41:40 debian kernel: [    0.000000][    T0] x86/fpu: Supporting XSAVE feature 0x40000: 'AMX Tile data'</p><p>[2025-12-10 18:04:36,124]&nbsp[DEBUG]&nbspDec 10 17:41:40 debian kernel: [    0.000000][    T0] x86/fpu: xstate_offset[2]:  576, xstate_sizes[2]:  256</p><p>[2025-12-10 18:04:36,124]&nbsp[DEBUG]&nbspDec 10 17:41:40 debian kernel: [    0.000000][    T0] x86/fpu: xstate_offset[5]:  832, xstate_sizes[5]:   64</p><p>[2025-12-10 18:04:36,124]&nbsp[DEBUG]&nbspDec 10 17:41:40 debian kernel: [    0.000000][    T0] x86/fpu: xstate_offset[6]:  896, xstate_sizes[6]:  512</p><p>[2025-12-10 18:04:36,124]&nbsp[DEBUG]&nbspDec 10 17:41:40 debian kernel: [    0.000000][    T0] x86/fpu: xstate_offset[7]: 1408, xstate_sizes[7]: 1024</p><p>[2025-12-10 18:04:36,124]&nbsp[DEBUG]&nbspDec 10 17:41:40 debian kernel: [    0.000000][    T0] x86/fpu: xstate_offset[9]: 2432, xstate_sizes[9]:    8</p><p>[2025-12-10 18:04:36,124]&nbsp[DEBUG]&nbspDec 10 17:41:40 debian kernel: [    0.000000][    T0] x86/fpu: xstate_offset[10]: 2440, xstate_sizes[10]:    8</p><p>[2025-12-10 18:04:36,124]&nbsp[DEBUG]&nbspDec 10 17:41:40 debian kernel: [    0.000000][    T0] x86/fpu: xstate_offset[17]: 2496, xstate_sizes[17]:   64</p><p>[2025-12-10 18:04:36,124]&nbsp[DEBUG]&nbspDec 10 17:41:40 debian kernel: [    0.000000][    T0] x86/fpu: xstate_offset[18]: 2560, xstate_sizes[18]: 8192</p><p>[2025-12-10 18:04:36,124]&nbsp[DEBUG]&nbspDec 10 17:41:40 debian kernel: [    0.000000][    T0] x86/fpu: Enabled xstate features 0x606e7, context size is 10752 bytes, using 'compacted' format.</p><p>[2025-12-10 18:04:36,124]&nbsp[DEBUG]&nbspDec 10 17:41:40 debian kernel: [    0.000000][    T0] signal: max sigframe size: 11952</p><p>[2025-12-10 18:04:36,124]&nbsp[DEBUG]&nbspDec 10 17:41:40 debian kernel: [    0.000000][    T0] BIOS-provided physical RAM map:</p><p>[2025-12-10 18:04:36,124]&nbsp[DEBUG]&nbspDec 10 17:41:40 debian kernel: [    0.000000][    T0] BIOS-e820: [mem 0x0000000000000000-0x000000000009dfff] usable</p><p>[2025-12-10 18:04:36,124]&nbsp[DEBUG]&nbspDec 10 17:41:40 debian kernel: [    0.000000][    T0] BIOS-e820: [mem 0x000000000009e000-0x000000000009efff] reserved</p><p>[2025-12-10 18:04:36,124]&nbsp[DEBUG]&nbspDec 10 17:41:40 debian kernel: [    0.000000][    T0] BIOS-e820: [mem 0x000000000009f000-0x000000000009ffff] usable</p><p>[2025-12-10 18:04:36,124]&nbsp[DEBUG]&nbspDec 10 17:41:40 debian kernel: [    0.000000][    T0] BIOS-e820: [mem 0x00000000000a0000-0x00000000000fffff] reserved</p><p>[2025-12-10 18:04:36,124]&nbsp[DEBUG]&nbspDec 10 17:41:40 debian kernel: [    0.000000][    T0] BIOS-e820: [mem 0x0000000000100000-0x000000006b30afff] usable</p><p>[2025-12-10 18:04:36,124]&nbsp[DEBUG]&nbspDec 10 17:41:40 debian kernel: [    0.000000][    T0] BIOS-e820: [mem 0x000000006b30b000-0x000000006d40afff] reserved</p><p>[2025-12-10 18:04:36,124]&nbsp[DEBUG]&nbspDec 10 17:41:40 debian kernel: [    0.000000][    T0] BIOS-e820: [mem 0x000000006d40b000-0x000000006dd0afff] ACPI data</p><p>[2025-12-10 18:04:36,124]&nbsp[DEBUG]&nbspDec 10 17:41:40 debian kernel: [    0.000000][    T0] BIOS-e820: [mem 0x000000006dd0b000-0x00000000711e2fff] ACPI NVS</p><p>[2025-12-10 18:04:36,124]&nbsp[DEBUG]&nbspDec 10 17:41:40 debian kernel: [    0.000000][    T0] BIOS-e820: [mem 0x00000000711e3000-0x00000000777fefff] reserved</p><p>[2025-12-10 18:04:36,124]&nbsp[DEBUG]&nbspDec 10 17:41:40 debian kernel: [    0.000000][    T0] BIOS-e820: [mem 0x00000000777ff000-0x00000000777fffff] usable</p><p>[2025-12-10 18:04:36,124]&nbsp[DEBUG]&nbspDec 10 17:41:40 debian kernel: [    0.000000][    T0] BIOS-e820: [mem 0x0000000077800000-0x000000008fffffff] reserved</p><p>[2025-12-10 18:04:36,124]&nbsp[DEBUG]&nbspDec 10 17:41:40 debian kernel: [    0.000000][    T0] BIOS-e820: [mem 0x00000000fe010000-0x00000000fe010fff] reserved</p><p>[2025-12-10 18:04:36,124]&nbsp[DEBUG]&nbspDec 10 17:41:40 debian kernel: [    0.000000][    T0] BIOS-e820: [mem 0x00000000ff000000-0x00000000ffffffff] reserved</p><p>[2025-12-10 18:04:36,124]&nbsp[DEBUG]&nbspDec 10 17:41:40 debian kernel: [    0.000000][    T0] BIOS-e820: [mem 0x0000000100000000-0x000002007fffffff] usable</p><p>[2025-12-10 18:04:36,124]&nbsp[DEBUG]&nbspDec 10 17:41:40 debian kernel: [    0.000000][    T0] NX (Execute Disable) protection: active</p><p>[2025-12-10 18:04:36,124]&nbsp[DEBUG]&nbspDec 10 17:41:40 debian kernel: [    0.000000][    T0] extended physical RAM map:</p><p>[2025-12-10 18:04:36,124]&nbsp[DEBUG]&nbspDec 10 17:41:40 debian kernel: [    0.000000][    T0] reserve setup_data: [mem 0x0000000000000000-0x000000000009dfff] usable</p><p>[2025-12-10 18:04:36,124]&nbsp[DEBUG]&nbspDec 10 17:41:40 debian kernel: [    0.000000][    T0] reserve setup_data: [mem 0x000000000009e000-0x000000000009efff] reserved</p><p>[2025-12-10 18:04:36,124]&nbsp[DEBUG]&nbspDec 10 17:41:40 debian kernel: [    0.000000][    T0] reserve setup_data: [mem 0x000000000009f000-0x000000000009ffff] usable</p><p>[2025-12-10 18:04:36,124]&nbsp[DEBUG]&nbspDec 10 17:41:40 debian kernel: [    0.000000][    T0] reserve setup_data: [mem 0x00000000000a0000-0x00000000000fffff] reserved</p><p>[2025-12-10 18:04:36,124]&nbsp[DEBUG]&nbspDec 10 17:41:40 debian kernel: [    0.000000][    T0] reserve setup_data: [mem 0x0000000000100000-0x0000000060757017] usable</p><p>[2025-12-10 18:04:36,124]&nbsp[DEBUG]&nbspDec 10 17:41:40 debian kernel: [    0.000000][    T0] reserve setup_data: [mem 0x0000000060757018-0x00000000607b4257] usable</p><p>[2025-12-10 18:04:36,124]&nbsp[DEBUG]&nbspDec 10 17:41:40 debian kernel: [    0.000000][    T0] reserve setup_data: [mem 0x00000000607b4258-0x0000000060811017] usable</p><p>[2025-12-10 18:04:36,124]&nbsp[DEBUG]&nbspDec 10 17:41:40 debian kernel: [    0.000000][    T0] reserve setup_data: [mem 0x0000000060811018-0x000000006086e257] usable</p><p>[2025-12-10 18:04:36,124]&nbsp[DEBUG]&nbspDec 10 17:41:40 debian kernel: [    0.000000][    T0] reserve setup_data: [mem 0x000000006086e258-0x000000006089b017] usable</p><p>[2025-12-10 18:04:36,124]&nbsp[DEBUG]&nbspDec 10 17:41:40 debian kernel: [    0.000000][    T0] reserve setup_data: [mem 0x000000006089b018-0x00000000608a7e57] usable</p><p>[2025-12-10 18:04:36,124]&nbsp[DEBUG]&nbspDec 10 17:41:40 debian kernel: [    0.000000][    T0] reserve setup_data: [mem 0x00000000608a7e58-0x00000000608be017] usable</p><p>[2025-12-10 18:04:36,124]&nbsp[DEBUG]&nbspDec 10 17:41:40 debian kernel: [    0.000000][    T0] reserve setup_data: [mem 0x00000000608be018-0x00000000608cae57] usable</p><p>[2025-12-10 18:04:36,124]&nbsp[DEBUG]&nbspDec 10 17:41:40 debian kernel: [    0.000000][    T0] reserve setup_data: [mem 0x00000000608cae58-0x00000000608df017] usable</p><p>[2025-12-10 18:04:36,124]&nbsp[DEBUG]&nbspDec 10 17:41:40 debian kernel: [    0.000000][    T0] reserve setup_data: [mem 0x00000000608df018-0x00000000608e7057] usable</p><p>[2025-12-10 18:04:36,124]&nbsp[DEBUG]&nbspDec 10 17:41:40 debian kernel: [    0.000000][    T0] reserve setup_data: [mem 0x00000000608e7058-0x000000006b30afff] usable</p><p>[2025-12-10 18:04:36,124]&nbsp[DEBUG]&nbspDec 10 17:41:40 debian kernel: [    0.000000][    T0] reserve setup_data: [mem 0x000000006b30b000-0x000000006d40afff] reserved</p><p>[2025-12-10 18:04:36,124]&nbsp[DEBUG]&nbspDec 10 17:41:40 debian kernel: [    0.000000][    T0] reserve setup_data: [mem 0x000000006d40b000-0x000000006dd0afff] ACPI data</p><p>[2025-12-10 18:04:36,124]&nbsp[DEBUG]&nbspDec 10 17:41:40 debian kernel: [    0.000000][    T0] reserve setup_data: [mem 0x000000006dd0b000-0x00000000711e2fff] ACPI NVS</p><p>[2025-12-10 18:04:36,124]&nbsp[DEBUG]&nbspDec 10 17:41:40 debian kernel: [    0.000000][    T0] reserve setup_data: [mem 0x00000000711e3000-0x00000000777fefff] reserved</p><p>[2025-12-10 18:04:36,124]&nbsp[DEBUG]&nbspDec 10 17:41:40 debian kernel: [    0.000000][    T0] reserve setup_data: [mem 0x00000000777ff000-0x00000000777fffff] usable</p><p>[2025-12-10 18:04:36,124]&nbsp[DEBUG]&nbspDec 10 17:41:40 debian kernel: [    0.000000][    T0] reserve setup_data: [mem 0x0000000077800000-0x000000008fffffff] reserved</p><p>[2025-12-10 18:04:36,124]&nbsp[DEBUG]&nbspDec 10 17:41:40 debian kernel: [    0.000000][    T0] reserve setup_data: [mem 0x00000000fe010000-0x00000000fe010fff] reserved</p><p>[2025-12-10 18:04:36,124]&nbsp[DEBUG]&nbspDec 10 17:41:40 debian kernel: [    0.000000][    T0] reserve setup_data: [mem 0x00000000ff000000-0x00000000ffffffff] reserved</p><p>[2025-12-10 18:04:36,124]&nbsp[DEBUG]&nbspDec 10 17:41:40 debian kernel: [    0.000000][    T0] reserve setup_data: [mem 0x0000000100000000-0x000002007fffffff] usable</p><p>[2025-12-10 18:04:36,124]&nbsp[DEBUG]&nbspDec 10 17:41:40 debian kernel: [    0.000000][    T0] efi: EFI v2.90 by American Megatrends</p><p>[2025-12-10 18:04:36,124]&nbsp[DEBUG]&nbspDec 10 17:41:40 debian kernel: [    0.000000][    T0] efi: ACPI=0x70fff000 ACPI 2.0=0x70fff014 SMBIOS 3.0=0x771dfa98 MEMATTR=0x60b8c018 ESRT=0x5f837798 </p><p>[2025-12-10 18:04:36,124]&nbsp[DEBUG]&nbspDec 10 17:41:40 debian kernel: [    0.000000][    T0] efi: memattr: Unexpected EFI Memory Attributes table version 2</p><p>[2025-12-10 18:04:36,125]&nbsp[DEBUG]&nbspDec 10 17:41:40 debian kernel: [    0.000000][    T0] SMBIOS 3.6.0 present.</p><p>[2025-12-10 18:04:36,125]&nbsp[DEBUG]&nbspDec 10 17:41:40 debian kernel: [    0.000000][    T0] DMI: NCS G220-CF/G220-C, BIOS 01.01.02.88.02 09/19/2025</p><p>[2025-12-10 18:04:36,125]&nbsp[DEBUG]&nbspDec 10 17:41:40 debian kernel: [    0.000000][    T0] tsc: Detected 2600.000 MHz processor</p><p>[2025-12-10 18:04:36,125]&nbsp[DEBUG]&nbspDec 10 17:41:40 debian kernel: [    0.000027][    T0] last_pfn = 0x20080000 max_arch_pfn = 0x400000000</p><p>[2025-12-10 18:04:36,125]&nbsp[DEBUG]&nbspDec 10 17:41:40 debian kernel: [    0.001722][    T0] x86/PAT: Configuration [0-7]: WB  WC  UC- UC  WB  WP  UC- WT  </p><p>[2025-12-10 18:04:36,125]&nbsp[DEBUG]&nbspDec 10 17:41:40 debian kernel: [    0.004705][    T0] x2apic: enabled by BIOS, switching to x2apic ops</p><p>[2025-12-10 18:04:36,125]&nbsp[DEBUG]&nbspDec 10 17:41:40 debian kernel: [    0.004707][    T0] last_pfn = 0x77800 max_arch_pfn = 0x400000000</p><p>[2025-12-10 18:04:36,125]&nbsp[DEBUG]&nbspDec 10 17:41:40 debian kernel: [    0.012464][    T0] esrt: Reserving ESRT space from 0x000000005f837798 to 0x000000005f8377d0.</p><p>[2025-12-10 18:04:36,125]&nbsp[DEBUG]&nbspDec 10 17:41:40 debian kernel: [    0.012514][    T0] Using GB pages for direct mapping</p><p>[2025-12-10 18:04:36,125]&nbsp[DEBUG]&nbspDec 10 17:41:40 debian kernel: [    0.012734][    T0] Secure boot disabled</p><p>[2025-12-10 18:04:36,125]&nbsp[DEBUG]&nbspDec 10 17:41:40 debian kernel: [    0.012735][    T0] RAMDISK: [mem 0x3623a000-0x37eb3fff]</p><p>[2025-12-10 18:04:36,125]&nbsp[DEBUG]&nbspDec 10 17:41:40 debian kernel: [    0.012737][    T0] ACPI: Early table checksum verification disabled</p><p>[2025-12-10 18:04:36,125]&nbsp[DEBUG]&nbspDec 10 17:41:40 debian kernel: [    0.012739][    T0] ACPI: RSDP 0x0000000070FFF014 000024 (v02 ALASKA)</p><p>[2025-12-10 18:04:36,125]&nbsp[DEBUG]&nbspDec 10 17:41:40 debian kernel: [    0.012743][    T0] ACPI: XSDT 0x0000000070FFE728 000104 (v01 ALASKA A M I    01072009 AMI  01000013)</p><p>[2025-12-10 18:04:36,125]&nbsp[DEBUG]&nbspDec 10 17:41:40 debian kernel: [    0.012748][    T0] ACPI: FACP 0x000000006DD08000 000114 (v06 ALASKA A M I    01072009 INTL 20091013)</p><p>[2025-12-10 18:04:36,125]&nbsp[DEBUG]&nbspDec 10 17:41:40 debian kernel: [    0.012752][    T0] ACPI: DSDT 0x000000006DC3A000 0CCD6D (v02 ALASKA A M I    01072009 INTL 20091013)</p><p>[2025-12-10 18:04:36,125]&nbsp[DEBUG]&nbspDec 10 17:41:40 debian kernel: [    0.012755][    T0] ACPI: FACS 0x00000000711E1000 000040</p><p>[2025-12-10 18:04:36,125]&nbsp[DEBUG]&nbspDec 10 17:41:40 debian kernel: [    0.012758][    T0] ACPI: SPMI 0x000000006DD07000 000041 (v05 ALASKA A M I    00000000 AMI. 00000000)</p><p>[2025-12-10 18:04:36,125]&nbsp[DEBUG]&nbspDec 10 17:41:40 debian kernel: [    0.012760][    T0] ACPI: FIDT 0x000000006DC39000 00009C (v01 ALASKA A M I    01072009 AMI  00010013)</p><p>[2025-12-10 18:04:36,125]&nbsp[DEBUG]&nbspDec 10 17:41:40 debian kernel: [    0.012763][    T0] ACPI: SSDT 0x000000006DD0A000 000058 (v02 CXLD   CXLT     00001000 INTL 20210331)</p><p>[2025-12-10 18:04:36,125]&nbsp[DEBUG]&nbspDec 10 17:41:40 debian kernel: [    0.012766][    T0] ACPI: SSDT 0x000000006DD09000 00074C (v02 INTEL  RAS_ACPI 00000001 INTL 20210331)</p><p>[2025-12-10 18:04:36,125]&nbsp[DEBUG]&nbspDec 10 17:41:40 debian kernel: [    0.012769][    T0] ACPI: ERST 0x000000006DC38000 000230 (v01 ALASKA A M I    00000001 INTL 00000001)</p><p>[2025-12-10 18:04:36,125]&nbsp[DEBUG]&nbspDec 10 17:41:40 debian kernel: [    0.012772][    T0] ACPI: BERT 0x000000006DC37000 000030 (v01 ALASKA A M I    00000001 INTL 00000001)</p><p>[2025-12-10 18:04:36,125]&nbsp[DEBUG]&nbspDec 10 17:41:40 debian kernel: [    0.012774][    T0] ACPI: SSDT 0x000000006DC36000 00076E (v02 INTEL  ADDRXLAT 00000001 INTL 20210331)</p><p>[2025-12-10 18:04:36,125]&nbsp[DEBUG]&nbspDec 10 17:41:40 debian kernel: [    0.012777][    T0] ACPI: MCFG 0x000000006DC35000 00003C (v01 ALASKA A M I    01072009 MSFT 00000097)</p><p>[2025-12-10 18:04:36,125]&nbsp[DEBUG]&nbspDec 10 17:41:40 debian kernel: [    0.012780][    T0] ACPI: BDAT 0x000000006DC34000 000030 (v01 ALASKA A M I    00000000 INTL 20091013)</p><p>[2025-12-10 18:04:36,125]&nbsp[DEBUG]&nbspDec 10 17:41:40 debian kernel: [    0.012782][    T0] ACPI: HPET 0x000000006DC33000 000038 (v01 ALASKA A M I    00000001 INTL 20091013)</p><p>[2025-12-10 18:04:36,125]&nbsp[DEBUG]&nbspDec 10 17:41:40 debian kernel: [    0.012785][    T0] ACPI: MSCT 0x000000006DC32000 000090 (v01 ALASKA A M I    00000001 INTL 20091013)</p><p>[2025-12-10 18:04:36,125]&nbsp[DEBUG]&nbspDec 10 17:41:40 debian kernel: [    0.012788][    T0] ACPI: WDDT 0x000000006DC31000 000040 (v01 ALASKA A M I    00000000 INTL 20091013)</p><p>[2025-12-10 18:04:36,125]&nbsp[DEBUG]&nbspDec 10 17:41:40 debian kernel: [    0.012790][    T0] ACPI: APIC 0x000000006DC2F000 000F5E (v04 ALASKA A M I    00000000 INTL 20091013)</p><p>[2025-12-10 18:04:36,125]&nbsp[DEBUG]&nbspDec 10 17:41:40 debian kernel: [    0.012793][    T0] ACPI: SRAT 0x000000006DC27000 007830 (v03 ALASKA A M I    00000002 AMI  01000013)</p><p>[2025-12-10 18:04:36,125]&nbsp[DEBUG]&nbspDec 10 17:41:40 debian kernel: [    0.012795][    T0] ACPI: SLIT 0x000000006DC26000 000030 (v01 ALASKA A M I    01072009 AMI  01000013)</p><p>[2025-12-10 18:04:36,125]&nbsp[DEBUG]&nbspDec 10 17:41:40 debian kernel: [    0.012798][    T0] ACPI: HMAT 0x000000006DC25000 000158 (v02 ALASKA A M I    01072009 AMI  01000013)</p><p>[2025-12-10 18:04:36,125]&nbsp[DEBUG]&nbspDec 10 17:41:40 debian kernel: [    0.012801][    T0] ACPI: OEM4 0x000000006DA9D000 187A51 (v02 INTEL  CPU  CST 00003000 INTL 20210331)</p><p>[2025-12-10 18:04:36,125]&nbsp[DEBUG]&nbspDec 10 17:41:40 debian kernel: [    0.012803][    T0] ACPI: OEM1 0x000000006D989000 113479 (v02 INTEL  CPU EIST 00003000 INTL 20210331)</p><p>[2025-12-10 18:04:36,125]&nbsp[DEBUG]&nbspDec 10 17:41:40 debian kernel: [    0.012806][    T0] ACPI: OEM2 0x000000006D942000 046031 (v02 INTEL  CPU  HWP 00003000 INTL 20210331)</p><p>[2025-12-10 18:04:36,125]&nbsp[DEBUG]&nbspDec 10 17:41:40 debian kernel: [    0.012809][    T0] ACPI: SSDT 0x000000006D8D8000 069895 (v02 INTEL  SSDT  PM 00004000 INTL 20210331)</p><p>[2025-12-10 18:04:36,125]&nbsp[DEBUG]&nbspDec 10 17:41:40 debian kernel: [    0.012811][    T0] ACPI: SSDT 0x000000006D8D7000 000957 (v02 ALASKA A M I    00000000 INTL 20091013)</p><p>[2025-12-10 18:04:36,125]&nbsp[DEBUG]&nbspDec 10 17:41:40 debian kernel: [    0.012814][    T0] ACPI: HEST 0x000000006D8D6000 00013C (v01 ALASKA A M I    00000001 INTL 00000001)</p><p>[2025-12-10 18:04:36,125]&nbsp[DEBUG]&nbspDec 10 17:41:40 debian kernel: [    0.012817][    T0] ACPI: DMAR 0x000000006D8D5000 000568 (v01 ALASKA A M I    00000001 INTL 20091013)</p><p>[2025-12-10 18:04:36,125]&nbsp[DEBUG]&nbspDec 10 17:41:40 debian kernel: [    0.012819][    T0] ACPI: FPDT 0x000000006D8D4000 000044 (v01 ALASKA A M I    01072009 AMI  01000013)</p><p>[2025-12-10 18:04:36,125]&nbsp[DEBUG]&nbspDec 10 17:41:40 debian kernel: [    0.012822][    T0] ACPI: SPCR 0x000000006D8D3000 000050 (v02 ALASKA A M I    01072009 AMI  00050020)</p><p>[2025-12-10 18:04:36,125]&nbsp[DEBUG]&nbspDec 10 17:41:40 debian kernel: [    0.012825][    T0] ACPI: SSDT 0x000000006D8CB000 00777A (v02 INTEL  SpsNm    00000002 INTL 20210331)</p><p>[2025-12-10 18:04:36,125]&nbsp[DEBUG]&nbspDec 10 17:41:40 debian kernel: [    0.012827][    T0] ACPI: WSMT 0x000000006DC30000 000028 (v01 ALASKA A M I    01072009 AMI  00010013)</p><p>[2025-12-10 18:04:36,125]&nbsp[DEBUG]&nbspDec 10 17:41:40 debian kernel: [    0.012830][    T0] ACPI: Reserving FACP table memory at [mem 0x6dd08000-0x6dd08113]</p><p>[2025-12-10 18:04:36,125]&nbsp[DEBUG]&nbspDec 10 17:41:40 debian kernel: [    0.012832][    T0] ACPI: Reserving DSDT table memory at [mem 0x6dc3a000-0x6dd06d6c]</p><p>[2025-12-10 18:04:36,125]&nbsp[DEBUG]&nbspDec 10 17:41:40 debian kernel: [    0.012833][    T0] ACPI: Reserving FACS table memory at [mem 0x711e1000-0x711e103f]</p><p>[2025-12-10 18:04:36,125]&nbsp[DEBUG]&nbspDec 10 17:41:40 debian kernel: [    0.012834][    T0] ACPI: Reserving SPMI table memory at [mem 0x6dd07000-0x6dd07040]</p><p>[2025-12-10 18:04:36,125]&nbsp[DEBUG]&nbspDec 10 17:41:40 debian kernel: [    0.012835][    T0] ACPI: Reserving FIDT table memory at [mem 0x6dc39000-0x6dc3909b]</p><p>[2025-12-10 18:04:36,125]&nbsp[DEBUG]&nbspDec 10 17:41:40 debian kernel: [    0.012837][    T0] ACPI: Reserving SSDT table memory at [mem 0x6dd0a000-0x6dd0a057]</p><p>[2025-12-10 18:04:36,125]&nbsp[DEBUG]&nbspDec 10 17:41:40 debian kernel: [    0.012838][    T0] ACPI: Reserving SSDT table memory at [mem 0x6dd09000-0x6dd0974b]</p><p>[2025-12-10 18:04:36,125]&nbsp[DEBUG]&nbspDec 10 17:41:40 debian kernel: [    0.012839][    T0] ACPI: Reserving ERST table memory at [mem 0x6dc38000-0x6dc3822f]</p><p>[2025-12-10 18:04:36,125]&nbsp[DEBUG]&nbspDec 10 17:41:40 debian kernel: [    0.012840][    T0] ACPI: Reserving BERT table memory at [mem 0x6dc37000-0x6dc3702f]</p><p>[2025-12-10 18:04:36,125]&nbsp[DEBUG]&nbspDec 10 17:41:40 debian kernel: [    0.012842][    T0] ACPI: Reserving SSDT table memory at [mem 0x6dc36000-0x6dc3676d]</p><p>[2025-12-10 18:04:36,125]&nbsp[DEBUG]&nbspDec 10 17:41:40 debian kernel: [    0.012843][    T0] ACPI: Reserving MCFG table memory at [mem 0x6dc35000-0x6dc3503b]</p><p>[2025-12-10 18:04:36,125]&nbsp[DEBUG]&nbspDec 10 17:41:40 debian kernel: [    0.012844][    T0] ACPI: Reserving BDAT table memory at [mem 0x6dc34000-0x6dc3402f]</p><p>[2025-12-10 18:04:36,125]&nbsp[DEBUG]&nbspDec 10 17:41:40 debian kernel: [    0.012845][    T0] ACPI: Reserving HPET table memory at [mem 0x6dc33000-0x6dc33037]</p><p>[2025-12-10 18:04:36,125]&nbsp[DEBUG]&nbspDec 10 17:41:40 debian kernel: [    0.012846][    T0] ACPI: Reserving MSCT table memory at [mem 0x6dc32000-0x6dc3208f]</p><p>[2025-12-10 18:04:36,125]&nbsp[DEBUG]&nbspDec 10 17:41:40 debian kernel: [    0.012848][    T0] ACPI: Reserving WDDT table memory at [mem 0x6dc31000-0x6dc3103f]</p><p>[2025-12-10 18:04:36,126]&nbsp[DEBUG]&nbspDec 10 17:41:40 debian kernel: [    0.012849][    T0] ACPI: Reserving APIC table memory at [mem 0x6dc2f000-0x6dc2ff5d]</p><p>[2025-12-10 18:04:36,126]&nbsp[DEBUG]&nbspDec 10 17:41:40 debian kernel: [    0.012850][    T0] ACPI: Reserving SRAT table memory at [mem 0x6dc27000-0x6dc2e82f]</p><p>[2025-12-10 18:04:36,126]&nbsp[DEBUG]&nbspDec 10 17:41:40 debian kernel: [    0.012851][    T0] ACPI: Reserving SLIT table memory at [mem 0x6dc26000-0x6dc2602f]</p><p>[2025-12-10 18:04:36,126]&nbsp[DEBUG]&nbspDec 10 17:41:40 debian kernel: [    0.012852][    T0] ACPI: Reserving HMAT table memory at [mem 0x6dc25000-0x6dc25157]</p><p>[2025-12-10 18:04:36,126]&nbsp[DEBUG]&nbspDec 10 17:41:40 debian kernel: [    0.012854][    T0] ACPI: Reserving OEM4 table memory at [mem 0x6da9d000-0x6dc24a50]</p><p>[2025-12-10 18:04:36,126]&nbsp[DEBUG]&nbspDec 10 17:41:40 debian kernel: [    0.012855][    T0] ACPI: Reserving OEM1 table memory at [mem 0x6d989000-0x6da9c478]</p><p>[2025-12-10 18:04:36,126]&nbsp[DEBUG]&nbspDec 10 17:41:40 debian kernel: [    0.012856][    T0] ACPI: Reserving OEM2 table memory at [mem 0x6d942000-0x6d988030]</p><p>[2025-12-10 18:04:36,126]&nbsp[DEBUG]&nbspDec 10 17:41:40 debian kernel: [    0.012857][    T0] ACPI: Reserving SSDT table memory at [mem 0x6d8d8000-0x6d941894]</p><p>[2025-12-10 18:04:36,126]&nbsp[DEBUG]&nbspDec 10 17:41:40 debian kernel: [    0.012859][    T0] ACPI: Reserving SSDT table memory at [mem 0x6d8d7000-0x6d8d7956]</p><p>[2025-12-10 18:04:36,126]&nbsp[DEBUG]&nbspDec 10 17:41:40 debian kernel: [    0.012860][    T0] ACPI: Reserving HEST table memory at [mem 0x6d8d6000-0x6d8d613b]</p><p>[2025-12-10 18:04:36,126]&nbsp[DEBUG]&nbspDec 10 17:41:40 debian kernel: [    0.012861][    T0] ACPI: Reserving DMAR table memory at [mem 0x6d8d5000-0x6d8d5567]</p><p>[2025-12-10 18:04:36,126]&nbsp[DEBUG]&nbspDec 10 17:41:40 debian kernel: [    0.012862][    T0] ACPI: Reserving FPDT table memory at [mem 0x6d8d4000-0x6d8d4043]</p><p>[2025-12-10 18:04:36,126]&nbsp[DEBUG]&nbspDec 10 17:41:40 debian kernel: [    0.012864][    T0] ACPI: Reserving SPCR table memory at [mem 0x6d8d3000-0x6d8d304f]</p><p>[2025-12-10 18:04:36,126]&nbsp[DEBUG]&nbspDec 10 17:41:40 debian kernel: [    0.012865][    T0] ACPI: Reserving SSDT table memory at [mem 0x6d8cb000-0x6d8d2779]</p><p>[2025-12-10 18:04:36,126]&nbsp[DEBUG]&nbspDec 10 17:41:40 debian kernel: [    0.012866][    T0] ACPI: Reserving WSMT table memory at [mem 0x6dc30000-0x6dc30027]</p><p>[2025-12-10 18:04:36,126]&nbsp[DEBUG]&nbspDec 10 17:41:40 debian kernel: [    0.012874][    T0] Setting APIC routing to cluster x2apic.</p><p>[2025-12-10 18:04:36,126]&nbsp[DEBUG]&nbspDec 10 17:41:40 debian kernel: [    0.012908][    T0] SRAT: PXM 0 -> APIC 0x0000 -> Node 0</p><p>[2025-12-10 18:04:36,126]&nbsp[DEBUG]&nbspDec 10 17:41:40 debian kernel: [    0.012909][    T0] SRAT: PXM 0 -> APIC 0x0001 -> Node 0</p><p>[2025-12-10 18:04:36,126]&nbsp[DEBUG]&nbspDec 10 17:41:40 debian kernel: [    0.012910][    T0] SRAT: PXM 0 -> APIC 0x0002 -> Node 0</p><p>[2025-12-10 18:04:36,126]&nbsp[DEBUG]&nbspDec 10 17:41:40 debian kernel: [    0.012910][    T0] SRAT: PXM 0 -> APIC 0x0003 -> Node 0</p><p>[2025-12-10 18:04:36,126]&nbsp[DEBUG]&nbspDec 10 17:41:40 debian kernel: [    0.012911][    T0] SRAT: PXM 0 -> APIC 0x0004 -> Node 0</p><p>[2025-12-10 18:04:36,126]&nbsp[DEBUG]&nbspDec 10 17:41:40 debian kernel: [    0.012912][    T0] SRAT: PXM 0 -> APIC 0x0005 -> Node 0</p><p>[2025-12-10 18:04:36,126]&nbsp[DEBUG]&nbspDec 10 17:41:40 debian kernel: [    0.012913][    T0] SRAT: PXM 0 -> APIC 0x0006 -> Node 0</p><p>[2025-12-10 18:04:36,126]&nbsp[DEBUG]&nbspDec 10 17:41:40 debian kernel: [    0.012914][    T0] SRAT: PXM 0 -> APIC 0x0007 -> Node 0</p><p>[2025-12-10 18:04:36,126]&nbsp[DEBUG]&nbspDec 10 17:41:40 debian kernel: [    0.012914][    T0] SRAT: PXM 0 -> APIC 0x0008 -> Node 0</p><p>[2025-12-10 18:04:36,126]&nbsp[DEBUG]&nbspDec 10 17:41:40 debian kernel: [    0.012915][    T0] SRAT: PXM 0 -> APIC 0x0009 -> Node 0</p><p>[2025-12-10 18:04:36,126]&nbsp[DEBUG]&nbspDec 10 17:41:40 debian kernel: [    0.012916][    T0] SRAT: PXM 0 -> APIC 0x000a -> Node 0</p><p>[2025-12-10 18:04:36,126]&nbsp[DEBUG]&nbspDec 10 17:41:40 debian kernel: [    0.012917][    T0] SRAT: PXM 0 -> APIC 0x000b -> Node 0</p><p>[2025-12-10 18:04:36,126]&nbsp[DEBUG]&nbspDec 10 17:41:40 debian kernel: [    0.012918][    T0] SRAT: PXM 0 -> APIC 0x000c -> Node 0</p><p>[2025-12-10 18:04:36,126]&nbsp[DEBUG]&nbspDec 10 17:41:40 debian kernel: [    0.012918][    T0] SRAT: PXM 0 -> APIC 0x000d -> Node 0</p><p>[2025-12-10 18:04:36,126]&nbsp[DEBUG]&nbspDec 10 17:41:40 debian kernel: [    0.012919][    T0] SRAT: PXM 0 -> APIC 0x000e -> Node 0</p><p>[2025-12-10 18:04:36,126]&nbsp[DEBUG]&nbspDec 10 17:41:40 debian kernel: [    0.012920][    T0] SRAT: PXM 0 -> APIC 0x000f -> Node 0</p><p>[2025-12-10 18:04:36,126]&nbsp[DEBUG]&nbspDec 10 17:41:40 debian kernel: [    0.012921][    T0] SRAT: PXM 0 -> APIC 0x0010 -> Node 0</p><p>[2025-12-10 18:04:36,126]&nbsp[DEBUG]&nbspDec 10 17:41:40 debian kernel: [    0.012922][    T0] SRAT: PXM 0 -> APIC 0x0011 -> Node 0</p><p>[2025-12-10 18:04:36,126]&nbsp[DEBUG]&nbspDec 10 17:41:40 debian kernel: [    0.012923][    T0] SRAT: PXM 0 -> APIC 0x0012 -> Node 0</p><p>[2025-12-10 18:04:36,126]&nbsp[DEBUG]&nbspDec 10 17:41:40 debian kernel: [    0.012923][    T0] SRAT: PXM 0 -> APIC 0x0013 -> Node 0</p><p>[2025-12-10 18:04:36,126]&nbsp[DEBUG]&nbspDec 10 17:41:40 debian kernel: [    0.012924][    T0] SRAT: PXM 0 -> APIC 0x0014 -> Node 0</p><p>[2025-12-10 18:04:36,126]&nbsp[DEBUG]&nbspDec 10 17:41:40 debian kernel: [    0.012925][    T0] SRAT: PXM 0 -> APIC 0x0015 -> Node 0</p><p>[2025-12-10 18:04:36,126]&nbsp[DEBUG]&nbspDec 10 17:41:40 debian kernel: [    0.012926][    T0] SRAT: PXM 0 -> APIC 0x0016 -> Node 0</p><p>[2025-12-10 18:04:36,126]&nbsp[DEBUG]&nbspDec 10 17:41:40 debian kernel: [    0.012927][    T0] SRAT: PXM 0 -> APIC 0x0017 -> Node 0</p><p>[2025-12-10 18:04:36,126]&nbsp[DEBUG]&nbspDec 10 17:41:40 debian kernel: [    0.012927][    T0] SRAT: PXM 0 -> APIC 0x0018 -> Node 0</p><p>[2025-12-10 18:04:36,126]&nbsp[DEBUG]&nbspDec 10 17:41:40 debian kernel: [    0.012928][    T0] SRAT: PXM 0 -> APIC 0x0019 -> Node 0</p><p>[2025-12-10 18:04:36,126]&nbsp[DEBUG]&nbspDec 10 17:41:40 debian kernel: [    0.012929][    T0] SRAT: PXM 0 -> APIC 0x001a -> Node 0</p><p>[2025-12-10 18:04:36,126]&nbsp[DEBUG]&nbspDec 10 17:41:40 debian kernel: [    0.012930][    T0] SRAT: PXM 0 -> APIC 0x001b -> Node 0</p><p>[2025-12-10 18:04:36,126]&nbsp[DEBUG]&nbspDec 10 17:41:40 debian kernel: [    0.012931][    T0] SRAT: PXM 0 -> APIC 0x001c -> Node 0</p><p>[2025-12-10 18:04:36,126]&nbsp[DEBUG]&nbspDec 10 17:41:40 debian kernel: [    0.012931][    T0] SRAT: PXM 0 -> APIC 0x001d -> Node 0</p><p>[2025-12-10 18:04:36,126]&nbsp[DEBUG]&nbspDec 10 17:41:40 debian kernel: [    0.012932][    T0] SRAT: PXM 0 -> APIC 0x001e -> Node 0</p><p>[2025-12-10 18:04:36,126]&nbsp[DEBUG]&nbspDec 10 17:41:40 debian kernel: [    0.012933][    T0] SRAT: PXM 0 -> APIC 0x001f -> Node 0</p><p>[2025-12-10 18:04:36,126]&nbsp[DEBUG]&nbspDec 10 17:41:40 debian kernel: [    0.012934][    T0] SRAT: PXM 0 -> APIC 0x0020 -> Node 0</p><p>[2025-12-10 18:04:36,126]&nbsp[DEBUG]&nbspDec 10 17:41:40 debian kernel: [    0.012935][    T0] SRAT: PXM 0 -> APIC 0x0021 -> Node 0</p><p>[2025-12-10 18:04:36,126]&nbsp[DEBUG]&nbspDec 10 17:41:40 debian kernel: [    0.012936][    T0] SRAT: PXM 0 -> APIC 0x0022 -> Node 0</p><p>[2025-12-10 18:04:36,126]&nbsp[DEBUG]&nbspDec 10 17:41:40 debian kernel: [    0.012936][    T0] SRAT: PXM 0 -> APIC 0x0023 -> Node 0</p><p>[2025-12-10 18:04:36,126]&nbsp[DEBUG]&nbspDec 10 17:41:40 debian kernel: [    0.012937][    T0] SRAT: PXM 0 -> APIC 0x0024 -> Node 0</p><p>[2025-12-10 18:04:36,126]&nbsp[DEBUG]&nbspDec 10 17:41:40 debian kernel: [    0.012938][    T0] SRAT: PXM 0 -> APIC 0x0025 -> Node 0</p><p>[2025-12-10 18:04:36,126]&nbsp[DEBUG]&nbspDec 10 17:41:40 debian kernel: [    0.012939][    T0] SRAT: PXM 0 -> APIC 0x0026 -> Node 0</p><p>[2025-12-10 18:04:36,126]&nbsp[DEBUG]&nbspDec 10 17:41:40 debian kernel: [    0.012939][    T0] SRAT: PXM 0 -> APIC 0x0027 -> Node 0</p><p>[2025-12-10 18:04:36,126]&nbsp[DEBUG]&nbspDec 10 17:41:40 debian kernel: [    0.012940][    T0] SRAT: PXM 0 -> APIC 0x0028 -> Node 0</p><p>[2025-12-10 18:04:36,126]&nbsp[DEBUG]&nbspDec 10 17:41:40 debian kernel: [    0.012941][    T0] SRAT: PXM 0 -> APIC 0x0029 -> Node 0</p><p>[2025-12-10 18:04:36,126]&nbsp[DEBUG]&nbspDec 10 17:41:40 debian kernel: [    0.012942][    T0] SRAT: PXM 0 -> APIC 0x002a -> Node 0</p><p>[2025-12-10 18:04:36,127]&nbsp[DEBUG]&nbspDec 10 17:41:40 debian kernel: [    0.012943][    T0] SRAT: PXM 0 -> APIC 0x002b -> Node 0</p><p>[2025-12-10 18:04:36,127]&nbsp[DEBUG]&nbspDec 10 17:41:40 debian kernel: [    0.012943][    T0] SRAT: PXM 0 -> APIC 0x002c -> Node 0</p><p>[2025-12-10 18:04:36,127]&nbsp[DEBUG]&nbspDec 10 17:41:40 debian kernel: [    0.012944][    T0] SRAT: PXM 0 -> APIC 0x002d -> Node 0</p><p>[2025-12-10 18:04:36,127]&nbsp[DEBUG]&nbspDec 10 17:41:40 debian kernel: [    0.012945][    T0] SRAT: PXM 0 -> APIC 0x002e -> Node 0</p><p>[2025-12-10 18:04:36,127]&nbsp[DEBUG]&nbspDec 10 17:41:40 debian kernel: [    0.012946][    T0] SRAT: PXM 0 -> APIC 0x002f -> Node 0</p><p>[2025-12-10 18:04:36,127]&nbsp[DEBUG]&nbspDec 10 17:41:40 debian kernel: [    0.012947][    T0] SRAT: PXM 0 -> APIC 0x0030 -> Node 0</p><p>[2025-12-10 18:04:36,127]&nbsp[DEBUG]&nbspDec 10 17:41:40 debian kernel: [    0.012947][    T0] SRAT: PXM 0 -> APIC 0x0031 -> Node 0</p><p>[2025-12-10 18:04:36,127]&nbsp[DEBUG]&nbspDec 10 17:41:40 debian kernel: [    0.012948][    T0] SRAT: PXM 0 -> APIC 0x0032 -> Node 0</p><p>[2025-12-10 18:04:36,127]&nbsp[DEBUG]&nbspDec 10 17:41:40 debian kernel: [    0.012949][    T0] SRAT: PXM 0 -> APIC 0x0033 -> Node 0</p><p>[2025-12-10 18:04:36,127]&nbsp[DEBUG]&nbspDec 10 17:41:40 debian kernel: [    0.012950][    T0] SRAT: PXM 0 -> APIC 0x0034 -> Node 0</p><p>[2025-12-10 18:04:36,127]&nbsp[DEBUG]&nbspDec 10 17:41:40 debian kernel: [    0.012951][    T0] SRAT: PXM 0 -> APIC 0x0035 -> Node 0</p><p>[2025-12-10 18:04:36,127]&nbsp[DEBUG]&nbspDec 10 17:41:40 debian kernel: [    0.012951][    T0] SRAT: PXM 0 -> APIC 0x0036 -> Node 0</p><p>[2025-12-10 18:04:36,127]&nbsp[DEBUG]&nbspDec 10 17:41:40 debian kernel: [    0.012952][    T0] SRAT: PXM 0 -> APIC 0x0037 -> Node 0</p><p>[2025-12-10 18:04:36,127]&nbsp[DEBUG]&nbspDec 10 17:41:40 debian kernel: [    0.012953][    T0] SRAT: PXM 0 -> APIC 0x0038 -> Node 0</p><p>[2025-12-10 18:04:36,127]&nbsp[DEBUG]&nbspDec 10 17:41:40 debian kernel: [    0.012954][    T0] SRAT: PXM 0 -> APIC 0x0039 -> Node 0</p><p>[2025-12-10 18:04:36,127]&nbsp[DEBUG]&nbspDec 10 17:41:40 debian kernel: [    0.012955][    T0] SRAT: PXM 0 -> APIC 0x003a -> Node 0</p><p>[2025-12-10 18:04:36,127]&nbsp[DEBUG]&nbspDec 10 17:41:40 debian kernel: [    0.012955][    T0] SRAT: PXM 0 -> APIC 0x003b -> Node 0</p><p>[2025-12-10 18:04:36,127]&nbsp[DEBUG]&nbspDec 10 17:41:40 debian kernel: [    0.012956][    T0] SRAT: PXM 0 -> APIC 0x003c -> Node 0</p><p>[2025-12-10 18:04:36,127]&nbsp[DEBUG]&nbspDec 10 17:41:40 debian kernel: [    0.012957][    T0] SRAT: PXM 0 -> APIC 0x003d -> Node 0</p><p>[2025-12-10 18:04:36,127]&nbsp[DEBUG]&nbspDec 10 17:41:40 debian kernel: [    0.012958][    T0] SRAT: PXM 0 -> APIC 0x003e -> Node 0</p><p>[2025-12-10 18:04:36,127]&nbsp[DEBUG]&nbspDec 10 17:41:40 debian kernel: [    0.012959][    T0] SRAT: PXM 0 -> APIC 0x003f -> Node 0</p><p>[2025-12-10 18:04:36,127]&nbsp[DEBUG]&nbspDec 10 17:41:40 debian kernel: [    0.012959][    T0] SRAT: PXM 0 -> APIC 0x0040 -> Node 0</p><p>[2025-12-10 18:04:36,127]&nbsp[DEBUG]&nbspDec 10 17:41:40 debian kernel: [    0.012960][    T0] SRAT: PXM 0 -> APIC 0x0041 -> Node 0</p><p>[2025-12-10 18:04:36,127]&nbsp[DEBUG]&nbspDec 10 17:41:40 debian kernel: [    0.012961][    T0] SRAT: PXM 0 -> APIC 0x0042 -> Node 0</p><p>[2025-12-10 18:04:36,127]&nbsp[DEBUG]&nbspDec 10 17:41:40 debian kernel: [    0.012962][    T0] SRAT: PXM 0 -> APIC 0x0043 -> Node 0</p><p>[2025-12-10 18:04:36,127]&nbsp[DEBUG]&nbspDec 10 17:41:40 debian kernel: [    0.012963][    T0] SRAT: PXM 0 -> APIC 0x0044 -> Node 0</p><p>[2025-12-10 18:04:36,127]&nbsp[DEBUG]&nbspDec 10 17:41:40 debian kernel: [    0.012963][    T0] SRAT: PXM 0 -> APIC 0x0045 -> Node 0</p><p>[2025-12-10 18:04:36,127]&nbsp[DEBUG]&nbspDec 10 17:41:40 debian kernel: [    0.012964][    T0] SRAT: PXM 0 -> APIC 0x0046 -> Node 0</p><p>[2025-12-10 18:04:36,127]&nbsp[DEBUG]&nbspDec 10 17:41:40 debian kernel: [    0.012965][    T0] SRAT: PXM 0 -> APIC 0x0047 -> Node 0</p><p>[2025-12-10 18:04:36,127]&nbsp[DEBUG]&nbspDec 10 17:41:40 debian kernel: [    0.012966][    T0] SRAT: PXM 0 -> APIC 0x0048 -> Node 0</p><p>[2025-12-10 18:04:36,127]&nbsp[DEBUG]&nbspDec 10 17:41:40 debian kernel: [    0.012967][    T0] SRAT: PXM 0 -> APIC 0x0049 -> Node 0</p><p>[2025-12-10 18:04:36,127]&nbsp[DEBUG]&nbspDec 10 17:41:40 debian kernel: [    0.012967][    T0] SRAT: PXM 0 -> APIC 0x004a -> Node 0</p><p>[2025-12-10 18:04:36,127]&nbsp[DEBUG]&nbspDec 10 17:41:40 debian kernel: [    0.012968][    T0] SRAT: PXM 0 -> APIC 0x004b -> Node 0</p><p>[2025-12-10 18:04:36,127]&nbsp[DEBUG]&nbspDec 10 17:41:40 debian kernel: [    0.012969][    T0] SRAT: PXM 0 -> APIC 0x004c -> Node 0</p><p>[2025-12-10 18:04:36,127]&nbsp[DEBUG]&nbspDec 10 17:41:40 debian kernel: [    0.012970][    T0] SRAT: PXM 0 -> APIC 0x004d -> Node 0</p><p>[2025-12-10 18:04:36,127]&nbsp[DEBUG]&nbspDec 10 17:41:40 debian kernel: [    0.012971][    T0] SRAT: PXM 0 -> APIC 0x004e -> Node 0</p><p>[2025-12-10 18:04:36,127]&nbsp[DEBUG]&nbspDec 10 17:41:40 debian kernel: [    0.012972][    T0] SRAT: PXM 0 -> APIC 0x004f -> Node 0</p><p>[2025-12-10 18:04:36,127]&nbsp[DEBUG]&nbspDec 10 17:41:40 debian kernel: [    0.012972][    T0] SRAT: PXM 0 -> APIC 0x0050 -> Node 0</p><p>[2025-12-10 18:04:36,127]&nbsp[DEBUG]&nbspDec 10 17:41:40 debian kernel: [    0.012973][    T0] SRAT: PXM 0 -> APIC 0x0051 -> Node 0</p><p>[2025-12-10 18:04:36,127]&nbsp[DEBUG]&nbspDec 10 17:41:40 debian kernel: [    0.012974][    T0] SRAT: PXM 0 -> APIC 0x0052 -> Node 0</p><p>[2025-12-10 18:04:36,127]&nbsp[DEBUG]&nbspDec 10 17:41:40 debian kernel: [    0.012975][    T0] SRAT: PXM 0 -> APIC 0x0053 -> Node 0</p><p>[2025-12-10 18:04:36,127]&nbsp[DEBUG]&nbspDec 10 17:41:40 debian kernel: [    0.012976][    T0] SRAT: PXM 0 -> APIC 0x0054 -> Node 0</p><p>[2025-12-10 18:04:36,127]&nbsp[DEBUG]&nbspDec 10 17:41:40 debian kernel: [    0.012976][    T0] SRAT: PXM 0 -> APIC 0x0055 -> Node 0</p><p>[2025-12-10 18:04:36,127]&nbsp[DEBUG]&nbspDec 10 17:41:40 debian kernel: [    0.012977][    T0] SRAT: PXM 0 -> APIC 0x0056 -> Node 0</p><p>[2025-12-10 18:04:36,127]&nbsp[DEBUG]&nbspDec 10 17:41:40 debian kernel: [    0.012978][    T0] SRAT: PXM 0 -> APIC 0x0057 -> Node 0</p><p>[2025-12-10 18:04:36,127]&nbsp[DEBUG]&nbspDec 10 17:41:40 debian kernel: [    0.012979][    T0] SRAT: PXM 0 -> APIC 0x0058 -> Node 0</p><p>[2025-12-10 18:04:36,127]&nbsp[DEBUG]&nbspDec 10 17:41:40 debian kernel: [    0.012980][    T0] SRAT: PXM 0 -> APIC 0x0059 -> Node 0</p><p>[2025-12-10 18:04:36,127]&nbsp[DEBUG]&nbspDec 10 17:41:40 debian kernel: [    0.012980][    T0] SRAT: PXM 0 -> APIC 0x005a -> Node 0</p><p>[2025-12-10 18:04:36,127]&nbsp[DEBUG]&nbspDec 10 17:41:40 debian kernel: [    0.012981][    T0] SRAT: PXM 0 -> APIC 0x005b -> Node 0</p><p>[2025-12-10 18:04:36,127]&nbsp[DEBUG]&nbspDec 10 17:41:40 debian kernel: [    0.012982][    T0] SRAT: PXM 0 -> APIC 0x005c -> Node 0</p><p>[2025-12-10 18:04:36,127]&nbsp[DEBUG]&nbspDec 10 17:41:40 debian kernel: [    0.012983][    T0] SRAT: PXM 0 -> APIC 0x005d -> Node 0</p><p>[2025-12-10 18:04:36,127]&nbsp[DEBUG]&nbspDec 10 17:41:40 debian kernel: [    0.012984][    T0] SRAT: PXM 0 -> APIC 0x005e -> Node 0</p><p>[2025-12-10 18:04:36,127]&nbsp[DEBUG]&nbspDec 10 17:41:40 debian kernel: [    0.012984][    T0] SRAT: PXM 0 -> APIC 0x005f -> Node 0</p><p>[2025-12-10 18:04:36,127]&nbsp[DEBUG]&nbspDec 10 17:41:40 debian kernel: [    0.012985][    T0] SRAT: PXM 0 -> APIC 0x0060 -> Node 0</p><p>[2025-12-10 18:04:36,127]&nbsp[DEBUG]&nbspDec 10 17:41:40 debian kernel: [    0.012986][    T0] SRAT: PXM 0 -> APIC 0x0061 -> Node 0</p><p>[2025-12-10 18:04:36,127]&nbsp[DEBUG]&nbspDec 10 17:41:40 debian kernel: [    0.012987][    T0] SRAT: PXM 0 -> APIC 0x0062 -> Node 0</p><p>[2025-12-10 18:04:36,127]&nbsp[DEBUG]&nbspDec 10 17:41:40 debian kernel: [    0.012988][    T0] SRAT: PXM 0 -> APIC 0x0063 -> Node 0</p><p>[2025-12-10 18:04:36,127]&nbsp[DEBUG]&nbspDec 10 17:41:40 debian kernel: [    0.012988][    T0] SRAT: PXM 0 -> APIC 0x0064 -> Node 0</p><p>[2025-12-10 18:04:36,127]&nbsp[DEBUG]&nbspDec 10 17:41:40 debian kernel: [    0.012989][    T0] SRAT: PXM 0 -> APIC 0x0065 -> Node 0</p><p>[2025-12-10 18:04:36,128]&nbsp[DEBUG]&nbspDec 10 17:41:40 debian kernel: [    0.012990][    T0] SRAT: PXM 0 -> APIC 0x0066 -> Node 0</p><p>[2025-12-10 18:04:36,128]&nbsp[DEBUG]&nbspDec 10 17:41:40 debian kernel: [    0.012991][    T0] SRAT: PXM 0 -> APIC 0x0067 -> Node 0</p><p>[2025-12-10 18:04:36,128]&nbsp[DEBUG]&nbspDec 10 17:41:40 debian kernel: [    0.012992][    T0] SRAT: PXM 0 -> APIC 0x0068 -> Node 0</p><p>[2025-12-10 18:04:36,128]&nbsp[DEBUG]&nbspDec 10 17:41:40 debian kernel: [    0.012992][    T0] SRAT: PXM 0 -> APIC 0x0069 -> Node 0</p><p>[2025-12-10 18:04:36,128]&nbsp[DEBUG]&nbspDec 10 17:41:40 debian kernel: [    0.012993][    T0] SRAT: PXM 0 -> APIC 0x006a -> Node 0</p><p>[2025-12-10 18:04:36,128]&nbsp[DEBUG]&nbspDec 10 17:41:40 debian kernel: [    0.012994][    T0] SRAT: PXM 0 -> APIC 0x006b -> Node 0</p><p>[2025-12-10 18:04:36,128]&nbsp[DEBUG]&nbspDec 10 17:41:40 debian kernel: [    0.012995][    T0] SRAT: PXM 0 -> APIC 0x006c -> Node 0</p><p>[2025-12-10 18:04:36,128]&nbsp[DEBUG]&nbspDec 10 17:41:40 debian kernel: [    0.012996][    T0] SRAT: PXM 0 -> APIC 0x006d -> Node 0</p><p>[2025-12-10 18:04:36,128]&nbsp[DEBUG]&nbspDec 10 17:41:40 debian kernel: [    0.012996][    T0] SRAT: PXM 0 -> APIC 0x006e -> Node 0</p><p>[2025-12-10 18:04:36,128]&nbsp[DEBUG]&nbspDec 10 17:41:40 debian kernel: [    0.012997][    T0] SRAT: PXM 0 -> APIC 0x006f -> Node 0</p><p>[2025-12-10 18:04:36,128]&nbsp[DEBUG]&nbspDec 10 17:41:40 debian kernel: [    0.012998][    T0] SRAT: PXM 0 -> APIC 0x0070 -> Node 0</p><p>[2025-12-10 18:04:36,128]&nbsp[DEBUG]&nbspDec 10 17:41:40 debian kernel: [    0.012999][    T0] SRAT: PXM 0 -> APIC 0x0071 -> Node 0</p><p>[2025-12-10 18:04:36,128]&nbsp[DEBUG]&nbspDec 10 17:41:40 debian kernel: [    0.013000][    T0] SRAT: PXM 0 -> APIC 0x0072 -> Node 0</p><p>[2025-12-10 18:04:36,128]&nbsp[DEBUG]&nbspDec 10 17:41:40 debian kernel: [    0.013000][    T0] SRAT: PXM 0 -> APIC 0x0073 -> Node 0</p><p>[2025-12-10 18:04:36,128]&nbsp[DEBUG]&nbspDec 10 17:41:40 debian kernel: [    0.013001][    T0] SRAT: PXM 0 -> APIC 0x0074 -> Node 0</p><p>[2025-12-10 18:04:36,128]&nbsp[DEBUG]&nbspDec 10 17:41:40 debian kernel: [    0.013002][    T0] SRAT: PXM 0 -> APIC 0x0075 -> Node 0</p><p>[2025-12-10 18:04:36,128]&nbsp[DEBUG]&nbspDec 10 17:41:40 debian kernel: [    0.013003][    T0] SRAT: PXM 0 -> APIC 0x0076 -> Node 0</p><p>[2025-12-10 18:04:36,128]&nbsp[DEBUG]&nbspDec 10 17:41:40 debian kernel: [    0.013004][    T0] SRAT: PXM 0 -> APIC 0x0077 -> Node 0</p><p>[2025-12-10 18:04:36,128]&nbsp[DEBUG]&nbspDec 10 17:41:40 debian kernel: [    0.013004][    T0] SRAT: PXM 1 -> APIC 0x0080 -> Node 1</p><p>[2025-12-10 18:04:36,128]&nbsp[DEBUG]&nbspDec 10 17:41:40 debian kernel: [    0.013005][    T0] SRAT: PXM 1 -> APIC 0x0081 -> Node 1</p><p>[2025-12-10 18:04:36,128]&nbsp[DEBUG]&nbspDec 10 17:41:40 debian kernel: [    0.013006][    T0] SRAT: PXM 1 -> APIC 0x0082 -> Node 1</p><p>[2025-12-10 18:04:36,128]&nbsp[DEBUG]&nbspDec 10 17:41:40 debian kernel: [    0.013007][    T0] SRAT: PXM 1 -> APIC 0x0083 -> Node 1</p><p>[2025-12-10 18:04:36,128]&nbsp[DEBUG]&nbspDec 10 17:41:40 debian kernel: [    0.013008][    T0] SRAT: PXM 1 -> APIC 0x0084 -> Node 1</p><p>[2025-12-10 18:04:36,128]&nbsp[DEBUG]&nbspDec 10 17:41:40 debian kernel: [    0.013008][    T0] SRAT: PXM 1 -> APIC 0x0085 -> Node 1</p><p>[2025-12-10 18:04:36,128]&nbsp[DEBUG]&nbspDec 10 17:41:40 debian kernel: [    0.013009][    T0] SRAT: PXM 1 -> APIC 0x0086 -> Node 1</p><p>[2025-12-10 18:04:36,128]&nbsp[DEBUG]&nbspDec 10 17:41:40 debian kernel: [    0.013010][    T0] SRAT: PXM 1 -> APIC 0x0087 -> Node 1</p><p>[2025-12-10 18:04:36,128]&nbsp[DEBUG]&nbspDec 10 17:41:40 debian kernel: [    0.013011][    T0] SRAT: PXM 1 -> APIC 0x0088 -> Node 1</p><p>[2025-12-10 18:04:36,128]&nbsp[DEBUG]&nbspDec 10 17:41:40 debian kernel: [    0.013012][    T0] SRAT: PXM 1 -> APIC 0x0089 -> Node 1</p><p>[2025-12-10 18:04:36,128]&nbsp[DEBUG]&nbspDec 10 17:41:40 debian kernel: [    0.013012][    T0] SRAT: PXM 1 -> APIC 0x008a -> Node 1</p><p>[2025-12-10 18:04:36,128]&nbsp[DEBUG]&nbspDec 10 17:41:40 debian kernel: [    0.013013][    T0] SRAT: PXM 1 -> APIC 0x008b -> Node 1</p><p>[2025-12-10 18:04:36,128]&nbsp[DEBUG]&nbspDec 10 17:41:40 debian kernel: [    0.013014][    T0] SRAT: PXM 1 -> APIC 0x008c -> Node 1</p><p>[2025-12-10 18:04:36,128]&nbsp[DEBUG]&nbspDec 10 17:41:40 debian kernel: [    0.013015][    T0] SRAT: PXM 1 -> APIC 0x008d -> Node 1</p><p>[2025-12-10 18:04:36,128]&nbsp[DEBUG]&nbspDec 10 17:41:40 debian kernel: [    0.013016][    T0] SRAT: PXM 1 -> APIC 0x008e -> Node 1</p><p>[2025-12-10 18:04:36,128]&nbsp[DEBUG]&nbspDec 10 17:41:40 debian kernel: [    0.013016][    T0] SRAT: PXM 1 -> APIC 0x008f -> Node 1</p><p>[2025-12-10 18:04:36,128]&nbsp[DEBUG]&nbspDec 10 17:41:40 debian kernel: [    0.013017][    T0] SRAT: PXM 1 -> APIC 0x0090 -> Node 1</p><p>[2025-12-10 18:04:36,128]&nbsp[DEBUG]&nbspDec 10 17:41:40 debian kernel: [    0.013018][    T0] SRAT: PXM 1 -> APIC 0x0091 -> Node 1</p><p>[2025-12-10 18:04:36,128]&nbsp[DEBUG]&nbspDec 10 17:41:40 debian kernel: [    0.013019][    T0] SRAT: PXM 1 -> APIC 0x0092 -> Node 1</p><p>[2025-12-10 18:04:36,128]&nbsp[DEBUG]&nbspDec 10 17:41:40 debian kernel: [    0.013020][    T0] SRAT: PXM 1 -> APIC 0x0093 -> Node 1</p><p>[2025-12-10 18:04:36,128]&nbsp[DEBUG]&nbspDec 10 17:41:40 debian kernel: [    0.013020][    T0] SRAT: PXM 1 -> APIC 0x0094 -> Node 1</p><p>[2025-12-10 18:04:36,128]&nbsp[DEBUG]&nbspDec 10 17:41:40 debian kernel: [    0.013021][    T0] SRAT: PXM 1 -> APIC 0x0095 -> Node 1</p><p>[2025-12-10 18:04:36,128]&nbsp[DEBUG]&nbspDec 10 17:41:40 debian kernel: [    0.013022][    T0] SRAT: PXM 1 -> APIC 0x0096 -> Node 1</p><p>[2025-12-10 18:04:36,128]&nbsp[DEBUG]&nbspDec 10 17:41:40 debian kernel: [    0.013023][    T0] SRAT: PXM 1 -> APIC 0x0097 -> Node 1</p><p>[2025-12-10 18:04:36,128]&nbsp[DEBUG]&nbspDec 10 17:41:40 debian kernel: [    0.013024][    T0] SRAT: PXM 1 -> APIC 0x0098 -> Node 1</p><p>[2025-12-10 18:04:36,128]&nbsp[DEBUG]&nbspDec 10 17:41:40 debian kernel: [    0.013024][    T0] SRAT: PXM 1 -> APIC 0x0099 -> Node 1</p><p>[2025-12-10 18:04:36,128]&nbsp[DEBUG]&nbspDec 10 17:41:40 debian kernel: [    0.013025][    T0] SRAT: PXM 1 -> APIC 0x009a -> Node 1</p><p>[2025-12-10 18:04:36,128]&nbsp[DEBUG]&nbspDec 10 17:41:40 debian kernel: [    0.013026][    T0] SRAT: PXM 1 -> APIC 0x009b -> Node 1</p><p>[2025-12-10 18:04:36,128]&nbsp[DEBUG]&nbspDec 10 17:41:40 debian kernel: [    0.013027][    T0] SRAT: PXM 1 -> APIC 0x009c -> Node 1</p><p>[2025-12-10 18:04:36,128]&nbsp[DEBUG]&nbspDec 10 17:41:40 debian kernel: [    0.013028][    T0] SRAT: PXM 1 -> APIC 0x009d -> Node 1</p><p>[2025-12-10 18:04:36,128]&nbsp[DEBUG]&nbspDec 10 17:41:40 debian kernel: [    0.013028][    T0] SRAT: PXM 1 -> APIC 0x009e -> Node 1</p><p>[2025-12-10 18:04:36,128]&nbsp[DEBUG]&nbspDec 10 17:41:40 debian kernel: [    0.013029][    T0] SRAT: PXM 1 -> APIC 0x009f -> Node 1</p><p>[2025-12-10 18:04:36,128]&nbsp[DEBUG]&nbspDec 10 17:41:40 debian kernel: [    0.013030][    T0] SRAT: PXM 1 -> APIC 0x00a0 -> Node 1</p><p>[2025-12-10 18:04:36,128]&nbsp[DEBUG]&nbspDec 10 17:41:40 debian kernel: [    0.013031][    T0] SRAT: PXM 1 -> APIC 0x00a1 -> Node 1</p><p>[2025-12-10 18:04:36,128]&nbsp[DEBUG]&nbspDec 10 17:41:40 debian kernel: [    0.013032][    T0] SRAT: PXM 1 -> APIC 0x00a2 -> Node 1</p><p>[2025-12-10 18:04:36,128]&nbsp[DEBUG]&nbspDec 10 17:41:40 debian kernel: [    0.013033][    T0] SRAT: PXM 1 -> APIC 0x00a3 -> Node 1</p><p>[2025-12-10 18:04:36,128]&nbsp[DEBUG]&nbspDec 10 17:41:40 debian kernel: [    0.013033][    T0] SRAT: PXM 1 -> APIC 0x00a4 -> Node 1</p><p>[2025-12-10 18:04:36,128]&nbsp[DEBUG]&nbspDec 10 17:41:40 debian kernel: [    0.013034][    T0] SRAT: PXM 1 -> APIC 0x00a5 -> Node 1</p><p>[2025-12-10 18:04:36,128]&nbsp[DEBUG]&nbspDec 10 17:41:40 debian kernel: [    0.013035][    T0] SRAT: PXM 1 -> APIC 0x00a6 -> Node 1</p><p>[2025-12-10 18:04:36,128]&nbsp[DEBUG]&nbspDec 10 17:41:40 debian kernel: [    0.013036][    T0] SRAT: PXM 1 -> APIC 0x00a7 -> Node 1</p><p>[2025-12-10 18:04:36,128]&nbsp[DEBUG]&nbspDec 10 17:41:40 debian kernel: [    0.013037][    T0] SRAT: PXM 1 -> APIC 0x00a8 -> Node 1</p><p>[2025-12-10 18:04:36,129]&nbsp[DEBUG]&nbspDec 10 17:41:40 debian kernel: [    0.013037][    T0] SRAT: PXM 1 -> APIC 0x00a9 -> Node 1</p><p>[2025-12-10 18:04:36,129]&nbsp[DEBUG]&nbspDec 10 17:41:40 debian kernel: [    0.013038][    T0] SRAT: PXM 1 -> APIC 0x00aa -> Node 1</p><p>[2025-12-10 18:04:36,129]&nbsp[DEBUG]&nbspDec 10 17:41:40 debian kernel: [    0.013039][    T0] SRAT: PXM 1 -> APIC 0x00ab -> Node 1</p><p>[2025-12-10 18:04:36,129]&nbsp[DEBUG]&nbspDec 10 17:41:40 debian kernel: [    0.013040][    T0] SRAT: PXM 1 -> APIC 0x00ac -> Node 1</p><p>[2025-12-10 18:04:36,129]&nbsp[DEBUG]&nbspDec 10 17:41:40 debian kernel: [    0.013041][    T0] SRAT: PXM 1 -> APIC 0x00ad -> Node 1</p><p>[2025-12-10 18:04:36,129]&nbsp[DEBUG]&nbspDec 10 17:41:40 debian kernel: [    0.013041][    T0] SRAT: PXM 1 -> APIC 0x00ae -> Node 1</p><p>[2025-12-10 18:04:36,129]&nbsp[DEBUG]&nbspDec 10 17:41:40 debian kernel: [    0.013042][    T0] SRAT: PXM 1 -> APIC 0x00af -> Node 1</p><p>[2025-12-10 18:04:36,129]&nbsp[DEBUG]&nbspDec 10 17:41:40 debian kernel: [    0.013043][    T0] SRAT: PXM 1 -> APIC 0x00b0 -> Node 1</p><p>[2025-12-10 18:04:36,129]&nbsp[DEBUG]&nbspDec 10 17:41:40 debian kernel: [    0.013044][    T0] SRAT: PXM 1 -> APIC 0x00b1 -> Node 1</p><p>[2025-12-10 18:04:36,129]&nbsp[DEBUG]&nbspDec 10 17:41:40 debian kernel: [    0.013045][    T0] SRAT: PXM 1 -> APIC 0x00b2 -> Node 1</p><p>[2025-12-10 18:04:36,129]&nbsp[DEBUG]&nbspDec 10 17:41:40 debian kernel: [    0.013045][    T0] SRAT: PXM 1 -> APIC 0x00b3 -> Node 1</p><p>[2025-12-10 18:04:36,129]&nbsp[DEBUG]&nbspDec 10 17:41:40 debian kernel: [    0.013046][    T0] SRAT: PXM 1 -> APIC 0x00b4 -> Node 1</p><p>[2025-12-10 18:04:36,129]&nbsp[DEBUG]&nbspDec 10 17:41:40 debian kernel: [    0.013047][    T0] SRAT: PXM 1 -> APIC 0x00b5 -> Node 1</p><p>[2025-12-10 18:04:36,129]&nbsp[DEBUG]&nbspDec 10 17:41:40 debian kernel: [    0.013048][    T0] SRAT: PXM 1 -> APIC 0x00b6 -> Node 1</p><p>[2025-12-10 18:04:36,129]&nbsp[DEBUG]&nbspDec 10 17:41:40 debian kernel: [    0.013049][    T0] SRAT: PXM 1 -> APIC 0x00b7 -> Node 1</p><p>[2025-12-10 18:04:36,129]&nbsp[DEBUG]&nbspDec 10 17:41:40 debian kernel: [    0.013050][    T0] SRAT: PXM 1 -> APIC 0x00b8 -> Node 1</p><p>[2025-12-10 18:04:36,129]&nbsp[DEBUG]&nbspDec 10 17:41:40 debian kernel: [    0.013050][    T0] SRAT: PXM 1 -> APIC 0x00b9 -> Node 1</p><p>[2025-12-10 18:04:36,129]&nbsp[DEBUG]&nbspDec 10 17:41:40 debian kernel: [    0.013051][    T0] SRAT: PXM 1 -> APIC 0x00ba -> Node 1</p><p>[2025-12-10 18:04:36,129]&nbsp[DEBUG]&nbspDec 10 17:41:40 debian kernel: [    0.013052][    T0] SRAT: PXM 1 -> APIC 0x00bb -> Node 1</p><p>[2025-12-10 18:04:36,129]&nbsp[DEBUG]&nbspDec 10 17:41:40 debian kernel: [    0.013053][    T0] SRAT: PXM 1 -> APIC 0x00bc -> Node 1</p><p>[2025-12-10 18:04:36,129]&nbsp[DEBUG]&nbspDec 10 17:41:40 debian kernel: [    0.013054][    T0] SRAT: PXM 1 -> APIC 0x00bd -> Node 1</p><p>[2025-12-10 18:04:36,129]&nbsp[DEBUG]&nbspDec 10 17:41:40 debian kernel: [    0.013054][    T0] SRAT: PXM 1 -> APIC 0x00be -> Node 1</p><p>[2025-12-10 18:04:36,129]&nbsp[DEBUG]&nbspDec 10 17:41:40 debian kernel: [    0.013055][    T0] SRAT: PXM 1 -> APIC 0x00bf -> Node 1</p><p>[2025-12-10 18:04:36,129]&nbsp[DEBUG]&nbspDec 10 17:41:40 debian kernel: [    0.013056][    T0] SRAT: PXM 1 -> APIC 0x00c0 -> Node 1</p><p>[2025-12-10 18:04:36,129]&nbsp[DEBUG]&nbspDec 10 17:41:40 debian kernel: [    0.013057][    T0] SRAT: PXM 1 -> APIC 0x00c1 -> Node 1</p><p>[2025-12-10 18:04:36,129]&nbsp[DEBUG]&nbspDec 10 17:41:40 debian kernel: [    0.013058][    T0] SRAT: PXM 1 -> APIC 0x00c2 -> Node 1</p><p>[2025-12-10 18:04:36,129]&nbsp[DEBUG]&nbspDec 10 17:41:40 debian kernel: [    0.013058][    T0] SRAT: PXM 1 -> APIC 0x00c3 -> Node 1</p><p>[2025-12-10 18:04:36,129]&nbsp[DEBUG]&nbspDec 10 17:41:40 debian kernel: [    0.013059][    T0] SRAT: PXM 1 -> APIC 0x00c4 -> Node 1</p><p>[2025-12-10 18:04:36,129]&nbsp[DEBUG]&nbspDec 10 17:41:40 debian kernel: [    0.013060][    T0] SRAT: PXM 1 -> APIC 0x00c5 -> Node 1</p><p>[2025-12-10 18:04:36,129]&nbsp[DEBUG]&nbspDec 10 17:41:40 debian kernel: [    0.013061][    T0] SRAT: PXM 1 -> APIC 0x00c6 -> Node 1</p><p>[2025-12-10 18:04:36,129]&nbsp[DEBUG]&nbspDec 10 17:41:40 debian kernel: [    0.013062][    T0] SRAT: PXM 1 -> APIC 0x00c7 -> Node 1</p><p>[2025-12-10 18:04:36,129]&nbsp[DEBUG]&nbspDec 10 17:41:40 debian kernel: [    0.013062][    T0] SRAT: PXM 1 -> APIC 0x00c8 -> Node 1</p><p>[2025-12-10 18:04:36,129]&nbsp[DEBUG]&nbspDec 10 17:41:40 debian kernel: [    0.013063][    T0] SRAT: PXM 1 -> APIC 0x00c9 -> Node 1</p><p>[2025-12-10 18:04:36,129]&nbsp[DEBUG]&nbspDec 10 17:41:40 debian kernel: [    0.013064][    T0] SRAT: PXM 1 -> APIC 0x00ca -> Node 1</p><p>[2025-12-10 18:04:36,129]&nbsp[DEBUG]&nbspDec 10 17:41:40 debian kernel: [    0.013065][    T0] SRAT: PXM 1 -> APIC 0x00cb -> Node 1</p><p>[2025-12-10 18:04:36,129]&nbsp[DEBUG]&nbspDec 10 17:41:40 debian kernel: [    0.013066][    T0] SRAT: PXM 1 -> APIC 0x00cc -> Node 1</p><p>[2025-12-10 18:04:36,129]&nbsp[DEBUG]&nbspDec 10 17:41:40 debian kernel: [    0.013066][    T0] SRAT: PXM 1 -> APIC 0x00cd -> Node 1</p><p>[2025-12-10 18:04:36,129]&nbsp[DEBUG]&nbspDec 10 17:41:40 debian kernel: [    0.013067][    T0] SRAT: PXM 1 -> APIC 0x00ce -> Node 1</p><p>[2025-12-10 18:04:36,129]&nbsp[DEBUG]&nbspDec 10 17:41:40 debian kernel: [    0.013068][    T0] SRAT: PXM 1 -> APIC 0x00cf -> Node 1</p><p>[2025-12-10 18:04:36,129]&nbsp[DEBUG]&nbspDec 10 17:41:40 debian kernel: [    0.013069][    T0] SRAT: PXM 1 -> APIC 0x00d0 -> Node 1</p><p>[2025-12-10 18:04:36,129]&nbsp[DEBUG]&nbspDec 10 17:41:40 debian kernel: [    0.013070][    T0] SRAT: PXM 1 -> APIC 0x00d1 -> Node 1</p><p>[2025-12-10 18:04:36,129]&nbsp[DEBUG]&nbspDec 10 17:41:40 debian kernel: [    0.013070][    T0] SRAT: PXM 1 -> APIC 0x00d2 -> Node 1</p><p>[2025-12-10 18:04:36,129]&nbsp[DEBUG]&nbspDec 10 17:41:40 debian kernel: [    0.013071][    T0] SRAT: PXM 1 -> APIC 0x00d3 -> Node 1</p><p>[2025-12-10 18:04:36,129]&nbsp[DEBUG]&nbspDec 10 17:41:40 debian kernel: [    0.013072][    T0] SRAT: PXM 1 -> APIC 0x00d4 -> Node 1</p><p>[2025-12-10 18:04:36,129]&nbsp[DEBUG]&nbspDec 10 17:41:40 debian kernel: [    0.013073][    T0] SRAT: PXM 1 -> APIC 0x00d5 -> Node 1</p><p>[2025-12-10 18:04:36,129]&nbsp[DEBUG]&nbspDec 10 17:41:40 debian kernel: [    0.013074][    T0] SRAT: PXM 1 -> APIC 0x00d6 -> Node 1</p><p>[2025-12-10 18:04:36,129]&nbsp[DEBUG]&nbspDec 10 17:41:40 debian kernel: [    0.013074][    T0] SRAT: PXM 1 -> APIC 0x00d7 -> Node 1</p><p>[2025-12-10 18:04:36,129]&nbsp[DEBUG]&nbspDec 10 17:41:40 debian kernel: [    0.013075][    T0] SRAT: PXM 1 -> APIC 0x00d8 -> Node 1</p><p>[2025-12-10 18:04:36,129]&nbsp[DEBUG]&nbspDec 10 17:41:40 debian kernel: [    0.013076][    T0] SRAT: PXM 1 -> APIC 0x00d9 -> Node 1</p><p>[2025-12-10 18:04:36,129]&nbsp[DEBUG]&nbspDec 10 17:41:40 debian kernel: [    0.013077][    T0] SRAT: PXM 1 -> APIC 0x00da -> Node 1</p><p>[2025-12-10 18:04:36,129]&nbsp[DEBUG]&nbspDec 10 17:41:40 debian kernel: [    0.013078][    T0] SRAT: PXM 1 -> APIC 0x00db -> Node 1</p><p>[2025-12-10 18:04:36,129]&nbsp[DEBUG]&nbspDec 10 17:41:40 debian kernel: [    0.013078][    T0] SRAT: PXM 1 -> APIC 0x00dc -> Node 1</p><p>[2025-12-10 18:04:36,129]&nbsp[DEBUG]&nbspDec 10 17:41:40 debian kernel: [    0.013079][    T0] SRAT: PXM 1 -> APIC 0x00dd -> Node 1</p><p>[2025-12-10 18:04:36,129]&nbsp[DEBUG]&nbspDec 10 17:41:40 debian kernel: [    0.013080][    T0] SRAT: PXM 1 -> APIC 0x00de -> Node 1</p><p>[2025-12-10 18:04:36,129]&nbsp[DEBUG]&nbspDec 10 17:41:40 debian kernel: [    0.013081][    T0] SRAT: PXM 1 -> APIC 0x00df -> Node 1</p><p>[2025-12-10 18:04:36,129]&nbsp[DEBUG]&nbspDec 10 17:41:40 debian kernel: [    0.013082][    T0] SRAT: PXM 1 -> APIC 0x00e0 -> Node 1</p><p>[2025-12-10 18:04:36,129]&nbsp[DEBUG]&nbspDec 10 17:41:40 debian kernel: [    0.013082][    T0] SRAT: PXM 1 -> APIC 0x00e1 -> Node 1</p><p>[2025-12-10 18:04:36,129]&nbsp[DEBUG]&nbspDec 10 17:41:40 debian kernel: [    0.013083][    T0] SRAT: PXM 1 -> APIC 0x00e2 -> Node 1</p><p>[2025-12-10 18:04:36,129]&nbsp[DEBUG]&nbspDec 10 17:41:40 debian kernel: [    0.013084][    T0] SRAT: PXM 1 -> APIC 0x00e3 -> Node 1</p><p>[2025-12-10 18:04:36,130]&nbsp[DEBUG]&nbspDec 10 17:41:40 debian kernel: [    0.013085][    T0] SRAT: PXM 1 -> APIC 0x00e4 -> Node 1</p><p>[2025-12-10 18:04:36,130]&nbsp[DEBUG]&nbspDec 10 17:41:40 debian kernel: [    0.013086][    T0] SRAT: PXM 1 -> APIC 0x00e5 -> Node 1</p><p>[2025-12-10 18:04:36,130]&nbsp[DEBUG]&nbspDec 10 17:41:40 debian kernel: [    0.013086][    T0] SRAT: PXM 1 -> APIC 0x00e6 -> Node 1</p><p>[2025-12-10 18:04:36,130]&nbsp[DEBUG]&nbspDec 10 17:41:40 debian kernel: [    0.013087][    T0] SRAT: PXM 1 -> APIC 0x00e7 -> Node 1</p><p>[2025-12-10 18:04:36,130]&nbsp[DEBUG]&nbspDec 10 17:41:40 debian kernel: [    0.013088][    T0] SRAT: PXM 1 -> APIC 0x00e8 -> Node 1</p><p>[2025-12-10 18:04:36,130]&nbsp[DEBUG]&nbspDec 10 17:41:40 debian kernel: [    0.013089][    T0] SRAT: PXM 1 -> APIC 0x00e9 -> Node 1</p><p>[2025-12-10 18:04:36,130]&nbsp[DEBUG]&nbspDec 10 17:41:40 debian kernel: [    0.013090][    T0] SRAT: PXM 1 -> APIC 0x00ea -> Node 1</p><p>[2025-12-10 18:04:36,130]&nbsp[DEBUG]&nbspDec 10 17:41:40 debian kernel: [    0.013090][    T0] SRAT: PXM 1 -> APIC 0x00eb -> Node 1</p><p>[2025-12-10 18:04:36,130]&nbsp[DEBUG]&nbspDec 10 17:41:40 debian kernel: [    0.013091][    T0] SRAT: PXM 1 -> APIC 0x00ec -> Node 1</p><p>[2025-12-10 18:04:36,130]&nbsp[DEBUG]&nbspDec 10 17:41:40 debian kernel: [    0.013092][    T0] SRAT: PXM 1 -> APIC 0x00ed -> Node 1</p><p>[2025-12-10 18:04:36,130]&nbsp[DEBUG]&nbspDec 10 17:41:40 debian kernel: [    0.013093][    T0] SRAT: PXM 1 -> APIC 0x00ee -> Node 1</p><p>[2025-12-10 18:04:36,130]&nbsp[DEBUG]&nbspDec 10 17:41:40 debian kernel: [    0.013094][    T0] SRAT: PXM 1 -> APIC 0x00ef -> Node 1</p><p>[2025-12-10 18:04:36,130]&nbsp[DEBUG]&nbspDec 10 17:41:40 debian kernel: [    0.013094][    T0] SRAT: PXM 1 -> APIC 0x00f0 -> Node 1</p><p>[2025-12-10 18:04:36,130]&nbsp[DEBUG]&nbspDec 10 17:41:40 debian kernel: [    0.013095][    T0] SRAT: PXM 1 -> APIC 0x00f1 -> Node 1</p><p>[2025-12-10 18:04:36,130]&nbsp[DEBUG]&nbspDec 10 17:41:40 debian kernel: [    0.013096][    T0] SRAT: PXM 1 -> APIC 0x00f2 -> Node 1</p><p>[2025-12-10 18:04:36,130]&nbsp[DEBUG]&nbspDec 10 17:41:40 debian kernel: [    0.013097][    T0] SRAT: PXM 1 -> APIC 0x00f3 -> Node 1</p><p>[2025-12-10 18:04:36,130]&nbsp[DEBUG]&nbspDec 10 17:41:40 debian kernel: [    0.013098][    T0] SRAT: PXM 1 -> APIC 0x00f4 -> Node 1</p><p>[2025-12-10 18:04:36,130]&nbsp[DEBUG]&nbspDec 10 17:41:40 debian kernel: [    0.013098][    T0] SRAT: PXM 1 -> APIC 0x00f5 -> Node 1</p><p>[2025-12-10 18:04:36,130]&nbsp[DEBUG]&nbspDec 10 17:41:40 debian kernel: [    0.013099][    T0] SRAT: PXM 1 -> APIC 0x00f6 -> Node 1</p><p>[2025-12-10 18:04:36,130]&nbsp[DEBUG]&nbspDec 10 17:41:40 debian kernel: [    0.013100][    T0] SRAT: PXM 1 -> APIC 0x00f7 -> Node 1</p><p>[2025-12-10 18:04:36,130]&nbsp[DEBUG]&nbspDec 10 17:41:40 debian kernel: [    0.013111][    T0] ACPI: SRAT: Node 0 PXM 0 [mem 0x00000000-0x7fffffff]</p><p>[2025-12-10 18:04:36,130]&nbsp[DEBUG]&nbspDec 10 17:41:40 debian kernel: [    0.013112][    T0] ACPI: SRAT: Node 0 PXM 0 [mem 0x100000000-0x1007fffffff]</p><p>[2025-12-10 18:04:36,130]&nbsp[DEBUG]&nbspDec 10 17:41:40 debian kernel: [    0.013113][    T0] ACPI: SRAT: Node 1 PXM 1 [mem 0x10080000000-0x2007fffffff]</p><p>[2025-12-10 18:04:36,130]&nbsp[DEBUG]&nbspDec 10 17:41:40 debian kernel: [    0.013125][    T0] NUMA: Node 0 [mem 0x00000000-0x7fffffff] + [mem 0x100000000-0x1007fffffff] -> [mem 0x00000000-0x1007fffffff]</p><p>[2025-12-10 18:04:36,130]&nbsp[DEBUG]&nbspDec 10 17:41:40 debian kernel: [    0.013131][    T0] NODE_DATA(0) allocated [mem 0x1007fffb000-0x1007fffffff]</p><p>[2025-12-10 18:04:36,130]&nbsp[DEBUG]&nbspDec 10 17:41:40 debian kernel: [    0.013135][    T0] NODE_DATA(1) allocated [mem 0x2007fff7000-0x2007fffbfff]</p><p>[2025-12-10 18:04:36,130]&nbsp[DEBUG]&nbspDec 10 17:41:40 debian kernel: [    0.015257][    T0] Zone ranges:</p><p>[2025-12-10 18:04:36,130]&nbsp[DEBUG]&nbspDec 10 17:41:40 debian kernel: [    0.015259][    T0]   DMA      [mem 0x0000000000001000-0x0000000000ffffff]</p><p>[2025-12-10 18:04:36,130]&nbsp[DEBUG]&nbspDec 10 17:41:40 debian kernel: [    0.015260][    T0]   DMA32    [mem 0x0000000001000000-0x00000000ffffffff]</p><p>[2025-12-10 18:04:36,130]&nbsp[DEBUG]&nbspDec 10 17:41:40 debian kernel: [    0.015262][    T0]   Normal   [mem 0x0000000100000000-0x000002007fffffff]</p><p>[2025-12-10 18:04:36,130]&nbsp[DEBUG]&nbspDec 10 17:41:40 debian kernel: [    0.015263][    T0]   Device   empty</p><p>[2025-12-10 18:04:36,130]&nbsp[DEBUG]&nbspDec 10 17:41:40 debian kernel: [    0.015264][    T0] Movable zone start for each node</p><p>[2025-12-10 18:04:36,130]&nbsp[DEBUG]&nbspDec 10 17:41:40 debian kernel: [    0.015265][    T0] Early memory node ranges</p><p>[2025-12-10 18:04:36,130]&nbsp[DEBUG]&nbspDec 10 17:41:40 debian kernel: [    0.015267][    T0]   node   0: [mem 0x0000000000001000-0x000000000009dfff]</p><p>[2025-12-10 18:04:36,130]&nbsp[DEBUG]&nbspDec 10 17:41:40 debian kernel: [    0.015268][    T0]   node   0: [mem 0x000000000009f000-0x000000000009ffff]</p><p>[2025-12-10 18:04:36,130]&nbsp[DEBUG]&nbspDec 10 17:41:40 debian kernel: [    0.015269][    T0]   node   0: [mem 0x0000000000100000-0x000000006b30afff]</p><p>[2025-12-10 18:04:36,130]&nbsp[DEBUG]&nbspDec 10 17:41:40 debian kernel: [    0.015270][    T0]   node   0: [mem 0x00000000777ff000-0x00000000777fffff]</p><p>[2025-12-10 18:04:36,130]&nbsp[DEBUG]&nbspDec 10 17:41:40 debian kernel: [    0.015271][    T0]   node   0: [mem 0x0000000100000000-0x000001007fffffff]</p><p>[2025-12-10 18:04:36,130]&nbsp[DEBUG]&nbspDec 10 17:41:40 debian kernel: [    0.015310][    T0]   node   1: [mem 0x0000010080000000-0x000002007fffffff]</p><p>[2025-12-10 18:04:36,130]&nbsp[DEBUG]&nbspDec 10 17:41:40 debian kernel: [    0.015350][    T0] Initmem setup node 0 [mem 0x0000000000001000-0x000001007fffffff]</p><p>[2025-12-10 18:04:36,130]&nbsp[DEBUG]&nbspDec 10 17:41:40 debian kernel: [    0.015357][    T0] Initmem setup node 1 [mem 0x0000010080000000-0x000002007fffffff]</p><p>[2025-12-10 18:04:36,130]&nbsp[DEBUG]&nbspDec 10 17:41:40 debian kernel: [    0.015362][    T0] On node 0, zone DMA: 1 pages in unavailable ranges</p><p>[2025-12-10 18:04:36,130]&nbsp[DEBUG]&nbspDec 10 17:41:40 debian kernel: [    0.015363][    T0] On node 0, zone DMA: 1 pages in unavailable ranges</p><p>[2025-12-10 18:04:36,130]&nbsp[DEBUG]&nbspDec 10 17:41:40 debian kernel: [    0.015394][    T0] On node 0, zone DMA: 96 pages in unavailable ranges</p><p>[2025-12-10 18:04:36,130]&nbsp[DEBUG]&nbspDec 10 17:41:40 debian kernel: [    0.019172][    T0] On node 0, zone DMA32: 50420 pages in unavailable ranges</p><p>[2025-12-10 18:04:36,130]&nbsp[DEBUG]&nbspDec 10 17:41:40 debian kernel: [    2.205564][    T0] On node 0, zone Normal: 2048 pages in unavailable ranges</p><p>[2025-12-10 18:04:36,130]&nbsp[DEBUG]&nbspDec 10 17:41:40 debian kernel: [    4.923091][    T0] ACPI: PM-Timer IO Port: 0x508</p><p>[2025-12-10 18:04:36,130]&nbsp[DEBUG]&nbspDec 10 17:41:40 debian kernel: [    4.923124][    T0] ACPI: X2APIC_NMI (uid[0xffffffff] high edge lint[0x1])</p><p>[2025-12-10 18:04:36,130]&nbsp[DEBUG]&nbspDec 10 17:41:40 debian kernel: [    4.923126][    T0] ACPI: LAPIC_NMI (acpi_id[0xff] high edge lint[0x1])</p><p>[2025-12-10 18:04:36,130]&nbsp[DEBUG]&nbspDec 10 17:41:40 debian kernel: [    4.923145][    T0] IOAPIC[0]: apic_id 8, version 32, address 0xfec00000, GSI 0-23</p><p>[2025-12-10 18:04:36,130]&nbsp[DEBUG]&nbspDec 10 17:41:40 debian kernel: [    4.923148][    T0] ACPI: INT_SRC_OVR (bus 0 bus_irq 0 global_irq 2 dfl dfl)</p><p>[2025-12-10 18:04:36,130]&nbsp[DEBUG]&nbspDec 10 17:41:40 debian kernel: [    4.923150][    T0] ACPI: INT_SRC_OVR (bus 0 bus_irq 9 global_irq 9 high level)</p><p>[2025-12-10 18:04:36,130]&nbsp[DEBUG]&nbspDec 10 17:41:40 debian kernel: [    4.923155][    T0] Using ACPI (MADT) for SMP configuration information</p><p>[2025-12-10 18:04:36,130]&nbsp[DEBUG]&nbspDec 10 17:41:40 debian kernel: [    4.923156][    T0] ACPI: HPET id: 0x8086a701 base: 0xfed00000</p><p>[2025-12-10 18:04:36,130]&nbsp[DEBUG]&nbspDec 10 17:41:40 debian kernel: [    4.923160][    T0] ACPI: SPCR: console: uart,io,0x3f8,115200</p><p>[2025-12-10 18:04:36,130]&nbsp[DEBUG]&nbspDec 10 17:41:40 debian kernel: [    4.923162][    T0] TSC deadline timer available</p><p>[2025-12-10 18:04:36,130]&nbsp[DEBUG]&nbspDec 10 17:41:40 debian kernel: [    4.923163][    T0] smpboot: Allowing 240 CPUs, 0 hotplug CPUs</p><p>[2025-12-10 18:04:36,130]&nbsp[DEBUG]&nbspDec 10 17:41:40 debian kernel: [    4.923190][    T0] PM: hibernation: Registered nosave memory: [mem 0x00000000-0x00000fff]</p><p>[2025-12-10 18:04:36,130]&nbsp[DEBUG]&nbspDec 10 17:41:40 debian kernel: [    4.923193][    T0] PM: hibernation: Registered nosave memory: [mem 0x0009e000-0x0009efff]</p><p>[2025-12-10 18:04:36,131]&nbsp[DEBUG]&nbspDec 10 17:41:40 debian kernel: [    4.923195][    T0] PM: hibernation: Registered nosave memory: [mem 0x000a0000-0x000fffff]</p><p>[2025-12-10 18:04:36,131]&nbsp[DEBUG]&nbspDec 10 17:41:40 debian kernel: [    4.923197][    T0] PM: hibernation: Registered nosave memory: [mem 0x5f837000-0x5f837fff]</p><p>[2025-12-10 18:04:36,131]&nbsp[DEBUG]&nbspDec 10 17:41:40 debian kernel: [    4.923199][    T0] PM: hibernation: Registered nosave memory: [mem 0x60757000-0x60757fff]</p><p>[2025-12-10 18:04:36,131]&nbsp[DEBUG]&nbspDec 10 17:41:40 debian kernel: [    4.923201][    T0] PM: hibernation: Registered nosave memory: [mem 0x607b4000-0x607b4fff]</p><p>[2025-12-10 18:04:36,131]&nbsp[DEBUG]&nbspDec 10 17:41:40 debian kernel: [    4.923203][    T0] PM: hibernation: Registered nosave memory: [mem 0x60811000-0x60811fff]</p><p>[2025-12-10 18:04:36,131]&nbsp[DEBUG]&nbspDec 10 17:41:40 debian kernel: [    4.923204][    T0] PM: hibernation: Registered nosave memory: [mem 0x6086e000-0x6086efff]</p><p>[2025-12-10 18:04:36,131]&nbsp[DEBUG]&nbspDec 10 17:41:40 debian kernel: [    4.923206][    T0] PM: hibernation: Registered nosave memory: [mem 0x6089b000-0x6089bfff]</p><p>[2025-12-10 18:04:36,131]&nbsp[DEBUG]&nbspDec 10 17:41:40 debian kernel: [    4.923208][    T0] PM: hibernation: Registered nosave memory: [mem 0x608a7000-0x608a7fff]</p><p>[2025-12-10 18:04:36,131]&nbsp[DEBUG]&nbspDec 10 17:41:40 debian kernel: [    4.923210][    T0] PM: hibernation: Registered nosave memory: [mem 0x608be000-0x608befff]</p><p>[2025-12-10 18:04:36,131]&nbsp[DEBUG]&nbspDec 10 17:41:40 debian kernel: [    4.923212][    T0] PM: hibernation: Registered nosave memory: [mem 0x608ca000-0x608cafff]</p><p>[2025-12-10 18:04:36,131]&nbsp[DEBUG]&nbspDec 10 17:41:40 debian kernel: [    4.923214][    T0] PM: hibernation: Registered nosave memory: [mem 0x608df000-0x608dffff]</p><p>[2025-12-10 18:04:36,131]&nbsp[DEBUG]&nbspDec 10 17:41:40 debian kernel: [    4.923216][    T0] PM: hibernation: Registered nosave memory: [mem 0x608e7000-0x608e7fff]</p><p>[2025-12-10 18:04:36,131]&nbsp[DEBUG]&nbspDec 10 17:41:40 debian kernel: [    4.923218][    T0] PM: hibernation: Registered nosave memory: [mem 0x6b30b000-0x6d40afff]</p><p>[2025-12-10 18:04:36,131]&nbsp[DEBUG]&nbspDec 10 17:41:40 debian kernel: [    4.923219][    T0] PM: hibernation: Registered nosave memory: [mem 0x6d40b000-0x6dd0afff]</p><p>[2025-12-10 18:04:36,131]&nbsp[DEBUG]&nbspDec 10 17:41:40 debian kernel: [    4.923220][    T0] PM: hibernation: Registered nosave memory: [mem 0x6dd0b000-0x711e2fff]</p><p>[2025-12-10 18:04:36,131]&nbsp[DEBUG]&nbspDec 10 17:41:40 debian kernel: [    4.923221][    T0] PM: hibernation: Registered nosave memory: [mem 0x711e3000-0x777fefff]</p><p>[2025-12-10 18:04:36,131]&nbsp[DEBUG]&nbspDec 10 17:41:40 debian kernel: [    4.923223][    T0] PM: hibernation: Registered nosave memory: [mem 0x77800000-0x8fffffff]</p><p>[2025-12-10 18:04:36,131]&nbsp[DEBUG]&nbspDec 10 17:41:40 debian kernel: [    4.923224][    T0] PM: hibernation: Registered nosave memory: [mem 0x90000000-0xfe00ffff]</p><p>[2025-12-10 18:04:36,131]&nbsp[DEBUG]&nbspDec 10 17:41:40 debian kernel: [    4.923225][    T0] PM: hibernation: Registered nosave memory: [mem 0xfe010000-0xfe010fff]</p><p>[2025-12-10 18:04:36,131]&nbsp[DEBUG]&nbspDec 10 17:41:40 debian kernel: [    4.923226][    T0] PM: hibernation: Registered nosave memory: [mem 0xfe011000-0xfeffffff]</p><p>[2025-12-10 18:04:36,131]&nbsp[DEBUG]&nbspDec 10 17:41:40 debian kernel: [    4.923226][    T0] PM: hibernation: Registered nosave memory: [mem 0xff000000-0xffffffff]</p><p>[2025-12-10 18:04:36,131]&nbsp[DEBUG]&nbspDec 10 17:41:40 debian kernel: [    4.923228][    T0] [mem 0x90000000-0xfe00ffff] available for PCI devices</p><p>[2025-12-10 18:04:36,131]&nbsp[DEBUG]&nbspDec 10 17:41:40 debian kernel: [    4.923230][    T0] Booting paravirtualized kernel on bare hardware</p><p>[2025-12-10 18:04:36,131]&nbsp[DEBUG]&nbspDec 10 17:41:40 debian kernel: [    4.923232][    T0] clocksource: refined-jiffies: mask: 0xffffffff max_cycles: 0xffffffff, max_idle_ns: 1910969940391419 ns</p><p>[2025-12-10 18:04:36,131]&nbsp[DEBUG]&nbspDec 10 17:41:40 debian kernel: [    4.927041][    T0] setup_percpu: NR_CPUS:512 nr_cpumask_bits:512 nr_cpu_ids:240 nr_node_ids:2</p><p>[2025-12-10 18:04:36,131]&nbsp[DEBUG]&nbspDec 10 17:41:40 debian kernel: [    4.938462][    T0] percpu: Embedded 59 pages/cpu s201432 r8192 d32040 u262144</p><p>[2025-12-10 18:04:36,131]&nbsp[DEBUG]&nbspDec 10 17:41:40 debian rsyslogd: imuxsock: Acquired UNIX socket '/run/systemd/journal/syslog' (fd 3) from systemd.  [v8.1901.0]</p><p>[2025-12-10 18:04:36,131]&nbsp[DEBUG]&nbspDec 10 17:41:40 debian rsyslogd:  [origin software="rsyslogd" swVersion="8.1901.0" x-pid="3330" x-info="https://www.rsyslog.com"] start</p><p>[2025-12-10 18:04:36,131]&nbsp[DEBUG]&nbspDec 10 17:41:40 debian kernel: [    4.938635][    T0] Built 2 zonelists, mobility grouping on.  Total pages: 528398276</p><p>[2025-12-10 18:04:36,131]&nbsp[DEBUG]&nbspDec 10 17:41:40 debian kernel: [    4.938636][    T0] Policy zone: Normal</p><p>[2025-12-10 18:04:36,131]&nbsp[DEBUG]&nbspDec 10 17:41:40 debian kernel: [    4.938638][    T0] Kernel command line: BOOT_IMAGE=/ys/vmlinuz-5.10.135.bsk.business.1-amd64 dhcp vga=791 boot=live fetch=http://192.168.64.200/yichun_20250922.squashfs net.ifnames=0 biosdevname=0 msr.allow_writes=on console=ttyS0,115200n8r</p><p>[2025-12-10 18:04:36,131]&nbsp[DEBUG]&nbspDec 10 17:41:40 debian kernel: [    4.938733][    T0] printk: log_buf_len individual max cpu contribution: 4096 bytes</p><p>[2025-12-10 18:04:36,131]&nbsp[DEBUG]&nbspDec 10 17:41:40 debian kernel: [    4.938734][    T0] printk: log_buf_len total cpu_extra contributions: 978944 bytes</p><p>[2025-12-10 18:04:36,131]&nbsp[DEBUG]&nbspDec 10 17:41:40 debian kernel: [    4.938735][    T0] printk: log_buf_len min size: 131072 bytes</p><p>[2025-12-10 18:04:36,131]&nbsp[DEBUG]&nbspDec 10 17:41:40 debian kernel: [    4.940763][    T0] printk: log_buf_len: 2097152 bytes</p><p>[2025-12-10 18:04:36,131]&nbsp[DEBUG]&nbspDec 10 17:41:40 debian kernel: [    4.940764][    T0] printk: early log buf free: 99488(75%)</p><p>[2025-12-10 18:04:36,131]&nbsp[DEBUG]&nbspDec 10 17:41:40 debian kernel: [    4.945325][    T0] mem auto-init: stack:off, heap alloc:off, heap free:off</p><p>[2025-12-10 18:04:36,131]&nbsp[DEBUG]&nbspDec 10 17:41:40 debian kernel: [    9.058060][    T0] Memory: 2113210572K/2147142312K available (12295K kernel code, 1764K rwdata, 7292K rodata, 1680K init, 9484K bss, 33931480K reserved, 0K cma-reserved)</p><p>[2025-12-10 18:04:36,131]&nbsp[DEBUG]&nbspDec 10 17:41:40 debian kernel: [    9.059292][    T0] SLUB: HWalign=64, Order=0-3, MinObjects=0, CPUs=240, Nodes=2</p><p>[2025-12-10 18:04:36,131]&nbsp[DEBUG]&nbspDec 10 17:41:40 debian kernel: [    9.059346][    T0] ftrace: allocating 35718 entries in 140 pages</p><p>[2025-12-10 18:04:36,131]&nbsp[DEBUG]&nbspDec 10 17:41:40 debian kernel: [    9.068951][    T0] ftrace: allocated 140 pages with 3 groups</p><p>[2025-12-10 18:04:36,131]&nbsp[DEBUG]&nbspDec 10 17:41:40 debian kernel: [    9.070399][    T0] rcu: Hierarchical RCU implementation.</p><p>[2025-12-10 18:04:36,131]&nbsp[DEBUG]&nbspDec 10 17:41:40 debian kernel: [    9.070400][    T0] rcu: 	RCU restricting CPUs from NR_CPUS=512 to nr_cpu_ids=240.</p><p>[2025-12-10 18:04:36,131]&nbsp[DEBUG]&nbspDec 10 17:41:40 debian kernel: [    9.070402][    T0] 	Rude variant of Tasks RCU enabled.</p><p>[2025-12-10 18:04:36,131]&nbsp[DEBUG]&nbspDec 10 17:41:40 debian kernel: [    9.070402][    T0] 	Tracing variant of Tasks RCU enabled.</p><p>[2025-12-10 18:04:36,131]&nbsp[DEBUG]&nbspDec 10 17:41:40 debian kernel: [    9.070404][    T0] rcu: RCU calculated value of scheduler-enlistment delay is 100 jiffies.</p><p>[2025-12-10 18:04:36,131]&nbsp[DEBUG]&nbspDec 10 17:41:40 debian kernel: [    9.070405][    T0] rcu: Adjusting geometry for rcu_fanout_leaf=16, nr_cpu_ids=240</p><p>[2025-12-10 18:04:36,131]&nbsp[DEBUG]&nbspDec 10 17:41:40 debian kernel: [    9.073805][    T0] NR_IRQS: 33024, nr_irqs: 2344, preallocated irqs: 16</p><p>[2025-12-10 18:04:36,131]&nbsp[DEBUG]&nbspDec 10 17:41:40 debian kernel: [    9.074286][    T0] rcu: 	Offload RCU callbacks from CPUs: (none).</p><p>[2025-12-10 18:04:36,131]&nbsp[DEBUG]&nbspDec 10 17:41:40 debian kernel: [    9.074643][    T0] Console: colour dummy device 80x25</p><p>[2025-12-10 18:04:36,131]&nbsp[DEBUG]&nbspDec 10 17:41:40 debian kernel: [   12.510741][    T0] printk: console [ttyS0] enabled</p><p>[2025-12-10 18:04:36,131]&nbsp[DEBUG]&nbspDec 10 17:41:40 debian kernel: [   12.516613][    T0] mempolicy: Enabling automatic NUMA balancing. Configure with numa_balancing= or the kernel.numa_balancing sysctl</p><p>[2025-12-10 18:04:36,131]&nbsp[DEBUG]&nbspDec 10 17:41:40 debian kernel: [   12.530016][    T0] ACPI: Core revision 20200925</p><p>[2025-12-10 18:04:36,131]&nbsp[DEBUG]&nbspDec 10 17:41:40 debian kernel: [   12.537356][    T0] clocksource: hpet: mask: 0xffffffff max_cycles: 0xffffffff, max_idle_ns: 76450417870 ns</p><p>[2025-12-10 18:04:36,131]&nbsp[DEBUG]&nbspDec 10 17:41:40 debian kernel: [   12.548358][    T0] APIC: Switch to symmetric I/O mode setup</p><p>[2025-12-10 18:04:36,131]&nbsp[DEBUG]&nbspDec 10 17:41:40 debian kernel: [   12.554754][    T0] DMAR: Host address width 52</p><p>[2025-12-10 18:04:36,131]&nbsp[DEBUG]&nbspDec 10 17:41:40 debian kernel: [   12.559872][    T0] DMAR: DRHD base: 0x000000d97fc000 flags: 0x0</p><p>[2025-12-10 18:04:36,131]&nbsp[DEBUG]&nbspDec 10 17:41:40 debian kernel: [   12.566656][    T0] DMAR: dmar0: reg_base_addr d97fc000 ver 6:0 cap 19ed008c40780c66 ecap 3ef9e86f050df</p><p>[2025-12-10 18:04:36,131]&nbsp[DEBUG]&nbspDec 10 17:41:40 debian kernel: [   12.577242][    T0] DMAR: DRHD base: 0x000000e17fc000 flags: 0x0</p><p>[2025-12-10 18:04:36,132]&nbsp[DEBUG]&nbspDec 10 17:41:40 debian kernel: [   12.584032][    T0] DMAR: dmar1: reg_base_addr e17fc000 ver 6:0 cap 19ed008c40780c66 ecap 3ef9e86f050df</p><p>[2025-12-10 18:04:36,132]&nbsp[DEBUG]&nbspDec 10 17:41:40 debian kernel: [   12.594618][    T0] DMAR: DRHD base: 0x000000e97fc000 flags: 0x0</p><p>[2025-12-10 18:04:36,132]&nbsp[DEBUG]&nbspDec 10 17:41:40 debian kernel: [   12.601403][    T0] DMAR: dmar2: reg_base_addr e97fc000 ver 6:0 cap 19ed008c40780c66 ecap 3ef9e86f050df</p><p>[2025-12-10 18:04:36,132]&nbsp[DEBUG]&nbspDec 10 17:41:40 debian kernel: [   12.611989][    T0] DMAR: DRHD base: 0x000000f17fc000 flags: 0x0</p><p>[2025-12-10 18:04:36,132]&nbsp[DEBUG]&nbspDec 10 17:41:40 debian kernel: [   12.618772][    T0] DMAR: dmar3: reg_base_addr f17fc000 ver 6:0 cap 19ed008c40780c66 ecap 3ef9e86f050df</p><p>[2025-12-10 18:04:36,132]&nbsp[DEBUG]&nbspDec 10 17:41:40 debian kernel: [   12.629358][    T0] DMAR: DRHD base: 0x000000f97fc000 flags: 0x0</p><p>[2025-12-10 18:04:36,132]&nbsp[DEBUG]&nbspDec 10 17:41:40 debian kernel: [   12.636141][    T0] DMAR: dmar4: reg_base_addr f97fc000 ver 6:0 cap 19ed008c40780c66 ecap 3ef9e86f050df</p><p>[2025-12-10 18:04:36,132]&nbsp[DEBUG]&nbspDec 10 17:41:40 debian kernel: [   12.646723][    T0] DMAR: DRHD base: 0x000000d13fc000 flags: 0x0</p><p>[2025-12-10 18:04:36,132]&nbsp[DEBUG]&nbspDec 10 17:41:40 debian kernel: [   12.653507][    T0] DMAR: dmar5: reg_base_addr d13fc000 ver 6:0 cap 19ed008c40780c66 ecap 3ef9e86f050df</p><p>[2025-12-10 18:04:36,132]&nbsp[DEBUG]&nbspDec 10 17:41:40 debian kernel: [   12.664093][    T0] DMAR: DRHD base: 0x000000f9ffc000 flags: 0x0</p><p>[2025-12-10 18:04:36,132]&nbsp[DEBUG]&nbspDec 10 17:41:40 debian kernel: [   12.670877][    T0] DMAR: dmar6: reg_base_addr f9ffc000 ver 6:0 cap 19ed008c40780c66 ecap 3ef9ea6f050df</p><p>[2025-12-10 18:04:36,132]&nbsp[DEBUG]&nbspDec 10 17:41:40 debian kernel: [   12.681458][    T0] DMAR: DRHD base: 0x000000fa7fc000 flags: 0x0</p><p>[2025-12-10 18:04:36,132]&nbsp[DEBUG]&nbspDec 10 17:41:40 debian kernel: [   12.688241][    T0] DMAR: dmar7: reg_base_addr fa7fc000 ver 6:0 cap 19ed008c40780c66 ecap 3ef9ea6f050df</p><p>[2025-12-10 18:04:36,132]&nbsp[DEBUG]&nbspDec 10 17:41:40 debian kernel: [   12.698826][    T0] DMAR: DRHD base: 0x000000faffc000 flags: 0x0</p><p>[2025-12-10 18:04:36,132]&nbsp[DEBUG]&nbspDec 10 17:41:40 debian kernel: [   12.705610][    T0] DMAR: dmar8: reg_base_addr faffc000 ver 6:0 cap 19ed008c40780c66 ecap 3ef9ea6f050df</p><p>[2025-12-10 18:04:36,132]&nbsp[DEBUG]&nbspDec 10 17:41:40 debian kernel: [   12.716193][    T0] DMAR: DRHD base: 0x000000fb7fc000 flags: 0x0</p><p>[2025-12-10 18:04:36,132]&nbsp[DEBUG]&nbspDec 10 17:41:40 debian kernel: [   12.722977][    T0] DMAR: dmar9: reg_base_addr fb7fc000 ver 6:0 cap 19ed008c40780c66 ecap 3ef9ea6f050df</p><p>[2025-12-10 18:04:36,132]&nbsp[DEBUG]&nbspDec 10 17:41:40 debian kernel: [   12.733561][    T0] DMAR: DRHD base: 0x0000009f7fc000 flags: 0x0</p><p>[2025-12-10 18:04:36,132]&nbsp[DEBUG]&nbspDec 10 17:41:40 debian kernel: [   12.740344][    T0] DMAR: dmar10: reg_base_addr 9f7fc000 ver 6:0 cap 19ed008c40780c66 ecap 3ef9e86f050df</p><p>[2025-12-10 18:04:36,132]&nbsp[DEBUG]&nbspDec 10 17:41:40 debian kernel: [   12.751029][    T0] DMAR: DRHD base: 0x000000a93fc000 flags: 0x0</p><p>[2025-12-10 18:04:36,132]&nbsp[DEBUG]&nbspDec 10 17:41:40 debian kernel: [   12.757814][    T0] DMAR: dmar11: reg_base_addr a93fc000 ver 6:0 cap 19ed008c40780c66 ecap 3ef9e86f050df</p><p>[2025-12-10 18:04:36,132]&nbsp[DEBUG]&nbspDec 10 17:41:40 debian kernel: [   12.768499][    T0] DMAR: DRHD base: 0x000000b2ffc000 flags: 0x0</p><p>[2025-12-10 18:04:36,132]&nbsp[DEBUG]&nbspDec 10 17:41:40 debian kernel: [   12.775284][    T0] DMAR: dmar12: reg_base_addr b2ffc000 ver 6:0 cap 19ed008c40780c66 ecap 3ef9e86f050df</p><p>[2025-12-10 18:04:36,132]&nbsp[DEBUG]&nbspDec 10 17:41:40 debian kernel: [   12.785964][    T0] DMAR: DRHD base: 0x000000bcbfc000 flags: 0x0</p><p>[2025-12-10 18:04:36,132]&nbsp[DEBUG]&nbspDec 10 17:41:40 debian kernel: [   12.792748][    T0] DMAR: dmar13: reg_base_addr bcbfc000 ver 6:0 cap 19ed008c40780c66 ecap 3ef9e86f050df</p><p>[2025-12-10 18:04:36,132]&nbsp[DEBUG]&nbspDec 10 17:41:40 debian kernel: [   12.803432][    T0] DMAR: DRHD base: 0x000000c67fc000 flags: 0x0</p><p>[2025-12-10 18:04:36,132]&nbsp[DEBUG]&nbspDec 10 17:41:40 debian kernel: [   12.810215][    T0] DMAR: dmar14: reg_base_addr c67fc000 ver 6:0 cap 19ed008c40780c66 ecap 3ef9e86f050df</p><p>[2025-12-10 18:04:36,132]&nbsp[DEBUG]&nbspDec 10 17:41:40 debian kernel: [   12.820898][    T0] DMAR: DRHD base: 0x000000c6ffc000 flags: 0x0</p><p>[2025-12-10 18:04:36,132]&nbsp[DEBUG]&nbspDec 10 17:41:40 debian kernel: [   12.827680][    T0] DMAR: dmar15: reg_base_addr c6ffc000 ver 6:0 cap 19ed008c40780c66 ecap 3ef9ea6f050df</p><p>[2025-12-10 18:04:36,132]&nbsp[DEBUG]&nbspDec 10 17:41:40 debian kernel: [   12.838363][    T0] DMAR: DRHD base: 0x000000c77fc000 flags: 0x0</p><p>[2025-12-10 18:04:36,132]&nbsp[DEBUG]&nbspDec 10 17:41:40 debian kernel: [   12.845151][    T0] DMAR: dmar16: reg_base_addr c77fc000 ver 6:0 cap 19ed008c40780c66 ecap 3ef9ea6f050df</p><p>[2025-12-10 18:04:36,132]&nbsp[DEBUG]&nbspDec 10 17:41:40 debian kernel: [   12.855834][    T0] DMAR: DRHD base: 0x000000c7ffc000 flags: 0x0</p><p>[2025-12-10 18:04:36,132]&nbsp[DEBUG]&nbspDec 10 17:41:40 debian kernel: [   12.862618][    T0] DMAR: dmar17: reg_base_addr c7ffc000 ver 6:0 cap 19ed008c40780c66 ecap 3ef9ea6f050df</p><p>[2025-12-10 18:04:36,132]&nbsp[DEBUG]&nbspDec 10 17:41:40 debian kernel: [   12.873298][    T0] DMAR: DRHD base: 0x000000c87fc000 flags: 0x0</p><p>[2025-12-10 18:04:36,132]&nbsp[DEBUG]&nbspDec 10 17:41:40 debian kernel: [   12.880079][    T0] DMAR: dmar18: reg_base_addr c87fc000 ver 6:0 cap 19ed008c40780c66 ecap 3ef9ea6f050df</p><p>[2025-12-10 18:04:36,132]&nbsp[DEBUG]&nbspDec 10 17:41:40 debian kernel: [   12.890761][    T0] DMAR: DRHD base: 0x000000957fc000 flags: 0x1</p><p>[2025-12-10 18:04:36,132]&nbsp[DEBUG]&nbspDec 10 17:41:40 debian kernel: [   12.897545][    T0] DMAR: dmar19: reg_base_addr 957fc000 ver 6:0 cap 19ed008c40780c66 ecap 3ef9e86f050df</p><p>[2025-12-10 18:04:36,132]&nbsp[DEBUG]&nbspDec 10 17:41:40 debian kernel: [   12.908230][    T0] DMAR: RMRR base: 0x00000077219000 end: 0x0000007723bfff</p><p>[2025-12-10 18:04:36,132]&nbsp[DEBUG]&nbspDec 10 17:41:40 debian kernel: [   12.916087][    T0] DMAR: RMRR base: 0x00000072cab000 end: 0x00000072ef4fff</p><p>[2025-12-10 18:04:36,132]&nbsp[DEBUG]&nbspDec 10 17:41:40 debian kernel: [   12.923948][    T0] DMAR: ATSR flags: 0x0</p><p>[2025-12-10 18:04:36,132]&nbsp[DEBUG]&nbspDec 10 17:41:40 debian kernel: [   12.928489][    T0] DMAR: RHSA base: 0x000000957fc000 proximity domain: 0x0</p><p>[2025-12-10 18:04:36,132]&nbsp[DEBUG]&nbspDec 10 17:41:40 debian kernel: [   12.936347][    T0] DMAR: RHSA base: 0x0000009f7fc000 proximity domain: 0x0</p><p>[2025-12-10 18:04:36,132]&nbsp[DEBUG]&nbspDec 10 17:41:40 debian kernel: [   12.944204][    T0] DMAR: RHSA base: 0x000000a93fc000 proximity domain: 0x0</p><p>[2025-12-10 18:04:36,132]&nbsp[DEBUG]&nbspDec 10 17:41:40 debian kernel: [   12.952055][    T0] DMAR: RHSA base: 0x000000b2ffc000 proximity domain: 0x0</p><p>[2025-12-10 18:04:36,132]&nbsp[DEBUG]&nbspDec 10 17:41:40 debian kernel: [   12.959912][    T0] DMAR: RHSA base: 0x000000bcbfc000 proximity domain: 0x0</p><p>[2025-12-10 18:04:36,132]&nbsp[DEBUG]&nbspDec 10 17:41:40 debian kernel: [   12.967763][    T0] DMAR: RHSA base: 0x000000c67fc000 proximity domain: 0x0</p><p>[2025-12-10 18:04:36,132]&nbsp[DEBUG]&nbspDec 10 17:41:40 debian kernel: [   12.975616][    T0] DMAR: RHSA base: 0x000000c6ffc000 proximity domain: 0x0</p><p>[2025-12-10 18:04:36,132]&nbsp[DEBUG]&nbspDec 10 17:41:40 debian kernel: [   12.983468][    T0] DMAR: RHSA base: 0x000000c77fc000 proximity domain: 0x0</p><p>[2025-12-10 18:04:36,132]&nbsp[DEBUG]&nbspDec 10 17:41:40 debian kernel: [   12.991319][    T0] DMAR: RHSA base: 0x000000c7ffc000 proximity domain: 0x0</p><p>[2025-12-10 18:04:36,132]&nbsp[DEBUG]&nbspDec 10 17:41:40 debian kernel: [   12.999171][    T0] DMAR: RHSA base: 0x000000c87fc000 proximity domain: 0x0</p><p>[2025-12-10 18:04:36,132]&nbsp[DEBUG]&nbspDec 10 17:41:40 debian kernel: [   13.007022][    T0] DMAR: RHSA base: 0x000000d97fc000 proximity domain: 0x1</p><p>[2025-12-10 18:04:36,132]&nbsp[DEBUG]&nbspDec 10 17:41:40 debian kernel: [   13.014874][    T0] DMAR: RHSA base: 0x000000e17fc000 proximity domain: 0x1</p><p>[2025-12-10 18:04:36,132]&nbsp[DEBUG]&nbspDec 10 17:41:40 debian kernel: [   13.022730][    T0] DMAR: RHSA base: 0x000000e97fc000 proximity domain: 0x1</p><p>[2025-12-10 18:04:36,132]&nbsp[DEBUG]&nbspDec 10 17:41:40 debian kernel: [   13.030582][    T0] DMAR: RHSA base: 0x000000f17fc000 proximity domain: 0x1</p><p>[2025-12-10 18:04:36,132]&nbsp[DEBUG]&nbspDec 10 17:41:40 debian kernel: [   13.038435][    T0] DMAR: RHSA base: 0x000000f97fc000 proximity domain: 0x1</p><p>[2025-12-10 18:04:36,132]&nbsp[DEBUG]&nbspDec 10 17:41:40 debian kernel: [   13.046286][    T0] DMAR: RHSA base: 0x000000d13fc000 proximity domain: 0x1</p><p>[2025-12-10 18:04:36,132]&nbsp[DEBUG]&nbspDec 10 17:41:40 debian kernel: [   13.054137][    T0] DMAR: RHSA base: 0x000000f9ffc000 proximity domain: 0x1</p><p>[2025-12-10 18:04:36,132]&nbsp[DEBUG]&nbspDec 10 17:41:40 debian kernel: [   13.061988][    T0] DMAR: RHSA base: 0x000000fa7fc000 proximity domain: 0x1</p><p>[2025-12-10 18:04:36,132]&nbsp[DEBUG]&nbspDec 10 17:41:40 debian kernel: [   13.069840][    T0] DMAR: RHSA base: 0x000000faffc000 proximity domain: 0x1</p><p>[2025-12-10 18:04:36,132]&nbsp[DEBUG]&nbspDec 10 17:41:40 debian kernel: [   13.077693][    T0] DMAR: RHSA base: 0x000000fb7fc000 proximity domain: 0x1</p><p>[2025-12-10 18:04:36,133]&nbsp[DEBUG]&nbspDec 10 17:41:40 debian kernel: [   13.085547][    T0] DMAR-IR: IOAPIC id 8 under DRHD base  0x957fc000 IOMMU 19</p><p>[2025-12-10 18:04:36,133]&nbsp[DEBUG]&nbspDec 10 17:41:40 debian kernel: [   13.093593][    T0] DMAR-IR: HPET id 0 under DRHD base 0x957fc000</p><p>[2025-12-10 18:04:36,133]&nbsp[DEBUG]&nbspDec 10 17:41:40 debian kernel: [   13.100476][    T0] DMAR-IR: Queued invalidation will be enabled to support x2apic and Intr-remapping.</p><p>[2025-12-10 18:04:36,133]&nbsp[DEBUG]&nbspDec 10 17:41:40 debian kernel: [   13.115994][    T0] DMAR-IR: Enabled IRQ remapping in x2apic mode</p><p>[2025-12-10 18:04:36,133]&nbsp[DEBUG]&nbspDec 10 17:41:40 debian kernel: [   13.124956][    T0] ..TIMER: vector=0x30 apic1=0 pin1=2 apic2=-1 pin2=-1</p><p>[2025-12-10 18:04:36,133]&nbsp[DEBUG]&nbspDec 10 17:41:40 debian kernel: [   13.137325][    T0] clocksource: tsc-early: mask: 0xffffffffffffffff max_cycles: 0x257a3c3232d, max_idle_ns: 440795236700 ns</p><p>[2025-12-10 18:04:36,133]&nbsp[DEBUG]&nbspDec 10 17:41:40 debian kernel: [   13.149944][    T0] Calibrating delay loop (skipped), value calculated using timer frequency.. 5200.00 BogoMIPS (lpj=2600000)</p><p>[2025-12-10 18:04:36,133]&nbsp[DEBUG]&nbspDec 10 17:41:40 debian kernel: [   13.150944][    T0] pid_max: default: 245760 minimum: 1920</p><p>[2025-12-10 18:04:36,133]&nbsp[DEBUG]&nbspDec 10 17:41:40 debian kernel: [   13.157217][    T0] LSM: Security Framework initializing</p><p>[2025-12-10 18:04:36,133]&nbsp[DEBUG]&nbspDec 10 17:41:40 debian kernel: [   13.157946][    T0] Yama: becoming mindful.</p><p>[2025-12-10 18:04:36,133]&nbsp[DEBUG]&nbspDec 10 17:41:40 debian kernel: [   13.202348][    T0] Dentry cache hash table entries: 33554432 (order: 16, 268435456 bytes, vmalloc)</p><p>[2025-12-10 18:04:36,133]&nbsp[DEBUG]&nbspDec 10 17:41:40 debian kernel: [   13.225025][    T0] Inode-cache hash table entries: 16777216 (order: 15, 134217728 bytes, vmalloc)</p><p>[2025-12-10 18:04:36,133]&nbsp[DEBUG]&nbspDec 10 17:41:40 debian kernel: [   13.227174][    T0] Mount-cache hash table entries: 524288 (order: 10, 4194304 bytes, vmalloc)</p><p>[2025-12-10 18:04:36,133]&nbsp[DEBUG]&nbspDec 10 17:41:40 debian kernel: [   13.229534][    T0] Mountpoint-cache hash table entries: 524288 (order: 10, 4194304 bytes, vmalloc)</p><p>[2025-12-10 18:04:36,133]&nbsp[DEBUG]&nbspDec 10 17:41:40 debian kernel: [   13.232948][    T0] x86/tme: not enabled by BIOS</p><p>[2025-12-10 18:04:36,133]&nbsp[DEBUG]&nbspDec 10 17:41:40 debian kernel: [   13.233946][    T0] x86/cpu: User Mode Instruction Prevention (UMIP) activated</p><p>[2025-12-10 18:04:36,133]&nbsp[DEBUG]&nbspDec 10 17:41:40 debian kernel: [   13.234962][    T0] mce: CPU0: Thermal monitoring enabled (TM1)</p><p>[2025-12-10 18:04:36,133]&nbsp[DEBUG]&nbspDec 10 17:41:40 debian kernel: [   13.236299][    T0] process: using mwait in idle threads</p><p>[2025-12-10 18:04:36,133]&nbsp[DEBUG]&nbspDec 10 17:41:40 debian kernel: [   13.236946][    T0] Last level iTLB entries: 4KB 0, 2MB 0, 4MB 0</p><p>[2025-12-10 18:04:36,133]&nbsp[DEBUG]&nbspDec 10 17:41:40 debian kernel: [   13.237944][    T0] Last level dTLB entries: 4KB 0, 2MB 0, 4MB 0, 1GB 0</p><p>[2025-12-10 18:04:36,133]&nbsp[DEBUG]&nbspDec 10 17:41:40 debian kernel: [   13.238947][    T0] Spectre V1 : Mitigation: usercopy/swapgs barriers and __user pointer sanitization</p><p>[2025-12-10 18:04:36,133]&nbsp[DEBUG]&nbspDec 10 17:41:40 debian kernel: [   13.240944][    T0] Spectre V2 : Mitigation: Enhanced IBRS</p><p>[2025-12-10 18:04:36,133]&nbsp[DEBUG]&nbspDec 10 17:41:40 debian kernel: [   13.241944][    T0] Spectre V2 : Spectre v2 / SpectreRSB mitigation: Filling RSB on context switch</p><p>[2025-12-10 18:04:36,133]&nbsp[DEBUG]&nbspDec 10 17:41:40 debian kernel: [   13.242944][    T0] Spectre V2 : mitigation: Enabling conditional Indirect Branch Prediction Barrier</p><p>[2025-12-10 18:04:36,133]&nbsp[DEBUG]&nbspDec 10 17:41:40 debian kernel: [   13.243944][    T0] Speculative Store Bypass: Mitigation: Speculative Store Bypass disabled via prctl and seccomp</p><p>[2025-12-10 18:04:36,133]&nbsp[DEBUG]&nbspDec 10 17:41:40 debian kernel: [   13.245139][    T0] Freeing SMP alternatives memory: 32K</p><p>[2025-12-10 18:04:36,133]&nbsp[DEBUG]&nbspDec 10 17:41:40 debian kernel: [   13.247744][    T1] smpboot: CPU0: Intel INTEL(R) XEON(R) PLATINUM 8582C (family: 0x6, model: 0xcf, stepping: 0x2)</p><p>[2025-12-10 18:04:36,133]&nbsp[DEBUG]&nbspDec 10 17:41:40 debian kernel: [   13.248291][    T1] Performance Events: XSAVE Architectural LBR, PEBS fmt4+-baseline,  AnyThread deprecated, generic architected perfmon, 32-deep LBR, full-width counters, Intel PMU driver.</p><p>[2025-12-10 18:04:36,133]&nbsp[DEBUG]&nbspDec 10 17:41:40 debian kernel: [   13.248944][    T1] ... version:                5</p><p>[2025-12-10 18:04:36,133]&nbsp[DEBUG]&nbspDec 10 17:41:40 debian kernel: [   13.249944][    T1] ... bit width:              48</p><p>[2025-12-10 18:04:36,133]&nbsp[DEBUG]&nbspDec 10 17:41:40 debian kernel: [   13.250944][    T1] ... generic registers:      8</p><p>[2025-12-10 18:04:36,133]&nbsp[DEBUG]&nbspDec 10 17:41:40 debian kernel: [   13.251944][    T1] ... value mask:             0000ffffffffffff</p><p>[2025-12-10 18:04:36,133]&nbsp[DEBUG]&nbspDec 10 17:41:40 debian kernel: [   13.252944][    T1] ... max period:             00007fffffffffff</p><p>[2025-12-10 18:04:36,133]&nbsp[DEBUG]&nbspDec 10 17:41:40 debian kernel: [   13.253944][    T1] ... fixed-purpose events:   4</p><p>[2025-12-10 18:04:36,133]&nbsp[DEBUG]&nbspDec 10 17:41:40 debian kernel: [   13.254944][    T1] ... event mask:             0001000f000000ff</p><p>[2025-12-10 18:04:36,133]&nbsp[DEBUG]&nbspDec 10 17:41:40 debian kernel: [   13.256204][    T1] rcu: Hierarchical SRCU implementation.</p><p>[2025-12-10 18:04:36,133]&nbsp[DEBUG]&nbspDec 10 17:41:40 debian kernel: [   13.271416][    T5] NMI watchdog: Enabled. Permanently consumes one hw-PMU counter.</p><p>[2025-12-10 18:04:36,133]&nbsp[DEBUG]&nbspDec 10 17:41:40 debian kernel: [   13.274390][    T1] smp: Bringing up secondary CPUs ...</p><p>[2025-12-10 18:04:36,133]&nbsp[DEBUG]&nbspDec 10 17:41:40 debian kernel: [   13.275068][    T1] x86: Booting SMP configuration:</p><p>[2025-12-10 18:04:36,133]&nbsp[DEBUG]&nbspDec 10 17:41:40 debian kernel: [   13.275945][    T1] .... node  #0, CPUs:          #1   #2   #3   #4   #5   #6   #7   #8   #9  #10  #11  #12  #13  #14  #15  #16  #17  #18  #19  #20  #21  #22  #23  #24  #25  #26  #27  #28  #29  #30  #31  #32  #33  #34  #35  #36  #37  #38  #39  #40  #41  #42  #43  #44  #45  #46  #47  #48  #49  #50  #51  #52  #53  #54  #55  #56  #57  #58  #59</p><p>[2025-12-10 18:04:36,133]&nbsp[DEBUG]&nbspDec 10 17:41:40 debian kernel: [   16.393946][    T1] .... node  #1, CPUs:    #60</p><p>[2025-12-10 18:04:36,133]&nbsp[DEBUG]&nbspDec 10 17:41:40 debian kernel: [   15.276959][    T0] smpboot: CPU 60 Converting physical 0 to logical die 1</p><p>[2025-12-10 18:04:36,133]&nbsp[DEBUG]&nbspDec 10 17:41:40 debian kernel: [   16.478078][    T1]   #61  #62  #63  #64  #65  #66  #67  #68  #69  #70  #71  #72  #73  #74  #75  #76  #77  #78  #79  #80  #81  #82  #83  #84  #85  #86  #87  #88  #89  #90  #91  #92  #93  #94  #95  #96  #97  #98  #99 #100 #101 #102 #103 #104 #105 #106 #107 #108 #109 #110 #111 #112 #113 #114 #115 #116 #117 #118 #119</p><p>[2025-12-10 18:04:36,133]&nbsp[DEBUG]&nbspDec 10 17:41:40 debian kernel: [   19.588945][    T1] .... node  #0, CPUs:   #120 #121 #122 #123 #124 #125 #126 #127 #128 #129 #130 #131 #132 #133 #134 #135 #136 #137 #138 #139 #140 #141 #142 #143 #144 #145 #146 #147 #148 #149 #150 #151 #152 #153 #154 #155 #156 #157 #158 #159 #160 #161 #162 #163 #164 #165 #166 #167 #168 #169 #170 #171 #172 #173 #174 #175 #176 #177 #178 #179</p><p>[2025-12-10 18:04:36,133]&nbsp[DEBUG]&nbspDec 10 17:41:40 debian kernel: [   22.707946][    T1] .... node  #1, CPUs:   #180 #181 #182 #183 #184 #185 #186 #187 #188 #189 #190 #191 #192 #193 #194 #195 #196 #197 #198 #199 #200 #201 #202 #203 #204 #205 #206 #207 #208 #209 #210 #211 #212 #213 #214 #215 #216 #217 #218 #219 #220 #221 #222 #223 #224 #225 #226 #227 #228 #229 #230 #231 #232 #233 #234 #235 #236 #237 #238 #239</p><p>[2025-12-10 18:04:36,133]&nbsp[DEBUG]&nbspDec 10 17:41:40 debian kernel: [   25.882355][    T1] smp: Brought up 2 nodes, 240 CPUs</p><p>[2025-12-10 18:04:36,133]&nbsp[DEBUG]&nbspDec 10 17:41:40 debian kernel: [   25.883945][    T1] smpboot: Max logical packages: 2</p><p>[2025-12-10 18:04:36,133]&nbsp[DEBUG]&nbspDec 10 17:41:40 debian kernel: [   25.884947][    T1] smpboot: Total of 240 processors activated (1246264.32 BogoMIPS)</p><p>[2025-12-10 18:04:36,133]&nbsp[DEBUG]&nbspDec 10 17:41:40 debian kernel: [   25.957010][    T1] devtmpfs: initialized</p><p>[2025-12-10 18:04:36,133]&nbsp[DEBUG]&nbspDec 10 17:41:40 debian kernel: [   25.957989][    T1] x86/mm: Memory block size: 2048MB</p><p>[2025-12-10 18:04:36,133]&nbsp[DEBUG]&nbspDec 10 17:41:40 debian kernel: [   25.965837][    T1] PM: Registering ACPI NVS region [mem 0x6dd0b000-0x711e2fff] (55410688 bytes)</p><p>[2025-12-10 18:04:36,133]&nbsp[DEBUG]&nbspDec 10 17:41:40 debian kernel: [   25.967095][    T1] clocksource: jiffies: mask: 0xffffffff max_cycles: 0xffffffff, max_idle_ns: 1911260446275000 ns</p><p>[2025-12-10 18:04:36,133]&nbsp[DEBUG]&nbspDec 10 17:41:4